207.24.130.100 - - [28/Mar/2014:08:50:50 -0400] "GET /widgets/bannerForPub?referrer=Elsevier&pubId=doi:10.1016/j.cub.2007.05.012 HTTP/1.1" 200 42 "-" "Java/1.6.0_29" 12524 "-" "United States_OH_Miamisburg"
193.40.12.44 - - [28/Mar/2014:08:50:50 -0400] "GET /pages/pricing HTTP/1.1" 200 7150 "http://datadryad.org/" "Mozilla/5.0 (iPad; CPU OS 7_0_3 like Mac OS X) AppleWebKit/537.51.1 (KHTML, like Gecko) Version/7.0 Mobile/11B511 Safari/9537.53" 247707 "-" "Estonia_18_Tartu"
207.24.130.100 - - [28/Mar/2014:08:50:52 -0400] "GET /widgets/bannerForPub?referrer=Elsevier&pubId=doi:10.1016/j.biocon.2008.11.009 HTTP/1.1" 200 42 "-" "Java/1.6.0_29" 12671 "-" "United States_OH_Miamisburg"
207.24.130.100 - - [28/Mar/2014:08:50:53 -0400] "GET /widgets/bannerForPub?referrer=Elsevier&pubId=doi:10.1016/j.fgb.2008.03.011 HTTP/1.1" 200 42 "-" "Java/1.6.0_29" 12471 "-" "United States_OH_Miamisburg"
198.185.25.201 - - [28/Mar/2014:08:51:01 -0400] "GET /widgets/bannerForPub?referrer=Elsevier&pubId=doi:10.1016/j.gene.2012.04.053 HTTP/1.1" 200 42 "-" "Java/1.6.0_29" 37319 "-" "United States_OH_Miamisburg"
157.55.32.75 - - [28/Mar/2014:08:50:59 -0400] "GET /?field=dc.contributor.author_filter&starts_with_dc.contributor.author_filter=h HTTP/1.1" 200 24239 "-" "Mozilla/5.0 (compatible; bingbot/2.0; +http://www.bing.com/bingbot.htm)" 2110893 "-" "United States_WA_Redmond"
207.24.130.100 - - [28/Mar/2014:08:51:01 -0400] "GET /widgets/bannerForPub?referrer=Elsevier&pubId=doi:10.1016/0031-0182(80)90025-5 HTTP/1.1" 200 42 "-" "Java/1.6.0_29" 16320 "-" "United States_OH_Miamisburg"
198.185.25.201 - - [28/Mar/2014:08:51:04 -0400] "GET /widgets/bannerForPub?referrer=Elsevier&pubId=doi:10.1016/0169-5347(94)90320-4 HTTP/1.1" 200 42 "-" "Java/1.6.0_29" 11856 "-" "United States_OH_Miamisburg"
217.199.4.81 - - [28/Mar/2014:08:51:04 -0400] "GET /handle/10255/3/submit HTTP/1.1" 302 - "http://datadryad.org/" "Mozilla/5.0 (X11; Ubuntu; Linux x86_64; rv:28.0) Gecko/20100101 Firefox/28.0" 103730 "-" "Italy_-_-"
217.199.4.81 - - [28/Mar/2014:08:51:05 -0400] "GET /login HTTP/1.1" 302 231 "http://datadryad.org/" "Mozilla/5.0 (X11; Ubuntu; Linux x86_64; rv:28.0) Gecko/20100101 Firefox/28.0" 1968 "-" "Italy_-_-"
198.185.25.201 - - [28/Mar/2014:08:51:05 -0400] "GET /widgets/bannerForPub?referrer=Elsevier&pubId=doi:10.1016/j.scitotenv.2008.03.004 HTTP/1.1" 200 42 "-" "Java/1.6.0_29" 12064 "-" "United States_OH_Miamisburg"
217.199.4.81 - - [28/Mar/2014:08:51:05 -0400] "GET /password-login HTTP/1.1" 200 17035 "http://datadryad.org/" "Mozilla/5.0 (X11; Ubuntu; Linux x86_64; rv:28.0) Gecko/20100101 Firefox/28.0" 312722 "-" "Italy_-_-"
198.185.25.201 - - [28/Mar/2014:08:51:08 -0400] "GET /widgets/bannerForPub?referrer=Elsevier&pubId=doi:10.1016/0022-5193(77)90098-4 HTTP/1.1" 200 42 "-" "Java/1.6.0_29" 12242 "-" "United States_OH_Miamisburg"
173.245.54.241 - - [28/Mar/2014:08:51:09 -0400] "GET /?field=dc.contributor.author_filter&starts_with_dc.contributor.author_filter=o&offset=190 HTTP/1.1" 200 24302 "-" "Mozilla/5.0 (compatible; Googlebot/2.1; +http://www.google.com/bot.html)" 2262672 "-" "United States_CA_San Francisco"
192.107.175.11 - - [28/Mar/2014:08:51:10 -0400] "GET /discover?query=%22metode+functional+decomposition+%22&filtertype=*&filter=&rpp=100&sort_by=score&order=DESC&location=l2&submit=Update+results HTTP/1.1" 200 21678 "-" "Mozilla/5.0 (X11; U; Linux x86_64; en-US; rv:1.9.0.11) Gecko/2009060309 Ubuntu/9.04 (jaunty) Firefox/3.0.11" 1163081 "-" "United States_TN_Knoxville"
207.24.130.100 - - [28/Mar/2014:08:51:12 -0400] "GET /widgets/bannerForPub?referrer=Elsevier&pubId=doi:10.1016/j.jbi.2011.03.007 HTTP/1.1" 200 42 "-" "Java/1.6.0_29" 12056 "-" "United States_OH_Miamisburg"
193.40.12.44 - - [28/Mar/2014:08:51:12 -0400] "GET /pages/pricing HTTP/1.1" 200 7150 "http://datadryad.org/" "Mozilla/5.0 (Macintosh; Intel Mac OS X 10_9_2) AppleWebKit/537.74.9 (KHTML, like Gecko) Version/7.0.2 Safari/537.74.9" 104580 "-" "Estonia_18_Tartu"
198.185.25.201 - - [28/Mar/2014:08:51:15 -0400] "GET /widgets/bannerForPub?referrer=Elsevier&pubId=doi:10.1016/j.ijpara.2011.05.004 HTTP/1.1" 200 42 "-" "Java/1.6.0_29" 11877 "-" "United States_OH_Miamisburg"
207.24.130.100 - - [28/Mar/2014:08:51:19 -0400] "GET /widgets/bannerForPub?referrer=Elsevier&pubId=doi:10.1016/S0269-7491(01)00264-0 HTTP/1.1" 200 42 "-" "Java/1.6.0_29" 11747 "-" "United States_OH_Miamisburg"
207.24.130.100 - - [28/Mar/2014:08:51:24 -0400] "GET /widgets/bannerForPub?referrer=Elsevier&pubId=doi:10.1016/j.bone.2012.12.045 HTTP/1.1" 200 42 "-" "Java/1.6.0_29" 12329 "-" "United States_OH_Miamisburg"
93.199.30.142 - - [28/Mar/2014:08:51:27 -0400] "GET /resource/hdl:10255/dryad.33473 HTTP/1.0" 200 7358 "http://www.google.de/url?sa=t&rct=j&q=&esrc=s&source=web&cd=25&ved=0CGkQFjAEOBQ&url=http%3A%2F%2Fdatadryad.org%2Fresource%2Fhdl%3A10255%2Fdryad.33473&ei=RnA1U4yqMIGttAb0roDQBg&usg=AFQjCNFaRorGnRmB8RFxappTg8Yb2Orw9g&bvm=bv.63808443,d.Yms" "Mozilla/5.0 (Windows NT 6.1; WOW64; rv:25.0) Gecko/20100101 Firefox/25.0" 496908 "-" "Germany_06_Neustadt"
198.185.25.201 - - [28/Mar/2014:08:51:28 -0400] "GET /widgets/bannerForPub?referrer=Elsevier&pubId=doi:10.1016/j.palaeo.2003.03.001 HTTP/1.1" 200 42 "-" "Java/1.6.0_29" 12305 "-" "United States_OH_Miamisburg"
202.46.49.129 - - [28/Mar/2014:08:51:27 -0400] "GET /handle/10255/dryad.58286?show=full HTTP/1.1" 200 34643 "-" "Mozilla/5.0 (Windows NT 6.1; WOW64; rv:22.0) Gecko/20100101 Firefox/22.0" 1051704 "-" "China_30_Shenzhen"
198.185.25.201 - - [28/Mar/2014:08:51:30 -0400] "GET /widgets/bannerForPub?referrer=Elsevier&pubId=doi:10.1016/j.soilbio.2005.06.023 HTTP/1.1" 200 42 "-" "Java/1.6.0_29" 11950 "-" "United States_OH_Miamisburg"
89.242.16.186 - - [28/Mar/2014:08:51:30 -0400] "GET /handle/10255/dryad.234 HTTP/1.1" 200 8560 "https://www.google.co.uk/" "Mozilla/5.0 (Windows NT 6.1) AppleWebKit/537.36 (KHTML, like Gecko) Chrome/33.0.1750.154 Safari/537.36" 922003 "-" "United Kingdom_H9_London"
66.249.75.21 - - [28/Mar/2014:08:51:33 -0400] "GET /resource/doi:10.5061/dryad.df3sn/3?show=full HTTP/1.1" 200 40433 "-" "Mozilla/5.0 (compatible; Googlebot/2.1; +http://www.google.com/bot.html)" 566842 "-" "United States_CA_Mountain View"
207.24.130.100 - - [28/Mar/2014:08:51:35 -0400] "GET /widgets/bannerForPub?referrer=Elsevier&pubId=doi:10.1016/j.beproc.2008.11.016 HTTP/1.1" 200 42 "-" "Java/1.6.0_29" 11466 "-" "United States_OH_Miamisburg"
50.52.234.225 - - [28/Mar/2014:08:51:35 -0400] "GET /resource/doi:10.5061/dryad.j1fd7/2 HTTP/1.1" 200 7556 "http://data.datacite.org/10.5061/DRYAD.J1FD7" "Mozilla/5.0 (Macintosh; Intel Mac OS X 10_7_5) AppleWebKit/537.36 (KHTML, like Gecko) Chrome/33.0.1750.152 Safari/537.36" 532095 "-" "United States_NC_Creedmoor"
198.185.25.201 - - [28/Mar/2014:08:51:37 -0400] "GET /widgets/bannerForPub?referrer=Elsevier&pubId=doi:10.1016/0006-3207(75)90028-2 HTTP/1.1" 200 42 "-" "Java/1.6.0_29" 12988 "-" "United States_OH_Miamisburg"
198.185.25.201 - - [28/Mar/2014:08:51:37 -0400] "GET /widgets/bannerForPub?referrer=Elsevier&pubId=doi:10.1016/S0929-1393(02)00048-3 HTTP/1.1" 200 42 "-" "Java/1.6.0_29" 12337 "-" "United States_OH_Miamisburg"
198.185.25.201 - - [28/Mar/2014:08:51:40 -0400] "GET /widgets/bannerForPub?referrer=Elsevier&pubId=doi:10.1016/j.pedobi.2007.03.001 HTTP/1.1" 200 42 "-" "Java/1.6.0_29" 13824 "-" "United States_OH_Miamisburg"
74.86.158.107 - - [28/Mar/2014:08:51:41 -0400] "GET / HTTP/1.1" 200 103972 "-" "Mozilla/5.0+(compatible; UptimeRobot/2.0; http://www.uptimerobot.com/)" 2089711 "-" "United States_TX_Dallas"
192.107.175.11 - - [28/Mar/2014:08:51:50 -0400] "GET /discover?query=%22fetos+bovinos+%22&filtertype=*&filter=&rpp=100&sort_by=score&order=DESC&location=l2&submit=Update+results HTTP/1.1" 200 21606 "-" "Mozilla/5.0 (X11; U; Linux x86_64; en-US; rv:1.9.0.11) Gecko/2009060309 Ubuntu/9.04 (jaunty) Firefox/3.0.11" 246638 "-" "United States_TN_Knoxville"
23.22.100.246 - - [28/Mar/2014:08:51:53 -0400] "GET /feed/rss_2.0/10255/3 HTTP/1.1" 304 - "-" "Spundge/0.1 +http://spundge.com/" 97031 "677" "United States_VA_Ashburn"
67.159.80.249 - - [28/Mar/2014:08:51:55 -0400] "GET / HTTP/1.0" 200 103972 "-" "check_http/v1.4.16 (nagios-plugins 1.4.16)" 1959512 "-" "United States_NC_Durham"
198.185.25.201 - - [28/Mar/2014:08:51:59 -0400] "GET /widgets/bannerForPub?referrer=Elsevier&pubId=doi:10.1016/0169-5347(91)90003-G HTTP/1.1" 200 42 "-" "Java/1.6.0_29" 11417 "-" "United States_OH_Miamisburg"
217.199.4.81 - - [28/Mar/2014:08:52:01 -0400] "GET /register?token=c84bd07d1c8692b61154872bbc41bf12 HTTP/1.1" 200 4837 "-" "Mozilla/5.0 (X11; Ubuntu; Linux x86_64; rv:28.0) Gecko/20100101 Firefox/28.0" 212262 "-" "Italy_-_-"
80.40.134.103 - - [28/Mar/2014:08:52:02 -0400] "GET /robots.txt HTTP/1.0" 200 2019 "http://datadryad.org/robots.txt" "Mozilla/4.0 (compatible; MSIE 8.0; Windows NT 5.1; Trident/4.0; .NET CLR 2.0.50727; .NET CLR 3.0.04506.648; .NET CLR 3.5.21022; .NET CLR 3.0.4506.2152; .NET CLR 3.5.30729; InfoPath.2)" 16797 "-" "United Kingdom_-_-"
198.185.25.201 - - [28/Mar/2014:08:52:04 -0400] "GET /widgets/bannerForPub?referrer=Elsevier&pubId=doi:10.1016/j.biocon.2004.06.018 HTTP/1.1" 200 42 "-" "Java/1.6.0_29" 12134 "-" "United States_OH_Miamisburg"
207.24.130.100 - - [28/Mar/2014:08:52:08 -0400] "GET /widgets/bannerForPub?referrer=Elsevier&pubId=doi:10.1016/S0960-9822(00)00651-5 HTTP/1.1" 200 42 "-" "Java/1.6.0_29" 11835 "-" "United States_OH_Miamisburg"
89.242.16.186 - - [28/Mar/2014:08:52:13 -0400] "GET /resource/doi:10.5061/dryad.234 HTTP/1.1" 200 8560 "http://datadryad.org/handle/10255/dryad.234" "Mozilla/5.0 (Windows NT 6.1) AppleWebKit/537.36 (KHTML, like Gecko) Chrome/33.0.1750.154 Safari/537.36" 181393 "-" "United Kingdom_H9_London"
207.24.130.100 - - [28/Mar/2014:08:52:14 -0400] "GET /widgets/bannerForPub?referrer=Elsevier&pubId=doi:10.1016/j.fishres.2007.06.024 HTTP/1.1" 200 42 "-" "Java/1.6.0_29" 43644 "-" "United States_OH_Miamisburg"
157.55.32.87 - - [28/Mar/2014:08:52:14 -0400] "GET /resource/doi:10.5061/dryad.32b88/6 HTTP/1.1" 200 7650 "-" "Mozilla/5.0 (compatible; bingbot/2.0; +http://www.bing.com/bingbot.htm)" 707564 "-" "United States_WA_Redmond"
192.107.175.11 - - [28/Mar/2014:08:52:14 -0400] "GET /discover?query=%22Futures+market+efficiency+AND+the+time+content+of+the+information+sets%22&filtertype=*&filter=&rpp=100&sort_by=score&order=DESC&location=l2&submit=Update+results HTTP/1.1" 200 21830 "-" "Mozilla/5.0 (X11; U; Linux x86_64; en-US; rv:1.9.0.11) Gecko/2009060309 Ubuntu/9.04 (jaunty) Firefox/3.0.11" 1432770 "-" "United States_TN_Knoxville"
156.56.241.164 - - [28/Mar/2014:08:49:10 -0400] "GET /bitstream/handle/10255/dryad.53895/Crocodylus_niloticus_NNC6.zip?sequence=1 HTTP/1.1" 200 123871014 "-" "LOCKSS cache" 187522772 "-" "United States_IN_Bloomington"
156.56.241.164 - - [28/Mar/2014:08:52:22 -0400] "GET /resource/doi:10.5061/dryad.h702r/2 HTTP/1.1" 200 30810 "-" "LOCKSS cache" 557837 "-" "United States_IN_Bloomington"
66.249.75.114 - - [28/Mar/2014:08:52:24 -0400] "GET /resource/doi:10.5061/dryad.6h822/7 HTTP/1.1" 200 7803 "-" "Mozilla/5.0 (compatible; Googlebot/2.1; +http://www.google.com/bot.html)" 621765 "-" "United States_CA_Mountain View"
198.185.25.201 - - [28/Mar/2014:08:52:24 -0400] "GET /widgets/bannerForPub?referrer=Elsevier&pubId=doi:10.1016/0041-0101(85)90278-8 HTTP/1.1" 200 42 "-" "Java/1.6.0_29" 11959 "-" "United States_OH_Miamisburg"
198.185.25.201 - - [28/Mar/2014:08:52:25 -0400] "GET /widgets/bannerForPub?referrer=Elsevier&pubId=doi:10.1016/0378-1119(86)90193-9 HTTP/1.1" 200 42 "-" "Java/1.6.0_29" 12136 "-" "United States_OH_Miamisburg"
156.56.241.164 - - [28/Mar/2014:08:52:26 -0400] "GET /resource/doi:10.5061/dryad.h702r/citation/ris HTTP/1.1" 200 2269 "-" "LOCKSS cache" 26014 "-" "United States_IN_Bloomington"
192.107.175.11 - - [28/Mar/2014:08:52:26 -0400] "GET /discover?query=%22engine+exhaust+pulsation%22&filtertype=*&filter=&rpp=100&sort_by=score&order=DESC&location=l2&submit=Update+results HTTP/1.1" 200 21646 "-" "Mozilla/5.0 (X11; U; Linux x86_64; en-US; rv:1.9.0.11) Gecko/2009060309 Ubuntu/9.04 (jaunty) Firefox/3.0.11" 644637 "-" "United States_TN_Knoxville"
156.56.241.164 - - [28/Mar/2014:08:52:31 -0400] "GET /resource/doi:10.5061/dryad.h702r/citation/bib HTTP/1.1" 200 379 "-" "LOCKSS cache" 9609 "-" "United States_IN_Bloomington"
156.56.241.164 - - [28/Mar/2014:08:52:36 -0400] "GET /resource/doi:10.5061/dryad.h702r?show=full HTTP/1.1" 200 44556 "-" "LOCKSS cache" 652669 "-" "United States_IN_Bloomington"
180.76.6.135 - - [28/Mar/2014:08:52:41 -0400] "GET /resource/doi:10.5061/dryad.gd0m3 HTTP/1.1" 403 242 "-" "Mozilla/5.0 (compatible; Baiduspider/2.0; +http://www.baidu.com/search/spider.html)" 202924 "-" "China_22_Beijing"
217.199.4.81 - - [28/Mar/2014:08:52:42 -0400] "GET /register HTTP/1.1" 500 7751 "http://datadryad.org/register" "Mozilla/5.0 (X11; Ubuntu; Linux x86_64; rv:28.0) Gecko/20100101 Firefox/28.0" 182709 "-" "Italy_-_-"
156.56.241.164 - - [28/Mar/2014:08:52:45 -0400] "GET /bitstream/handle/10255/dryad.52587/Life%20history%20traits.txt?sequence=1 HTTP/1.1" 200 151149 "-" "LOCKSS cache" 220819 "-" "United States_IN_Bloomington"
217.199.4.81 - - [28/Mar/2014:08:52:47 -0400] "GET / HTTP/1.1" 200 24250 "http://datadryad.org/register" "Mozilla/5.0 (X11; Ubuntu; Linux x86_64; rv:28.0) Gecko/20100101 Firefox/28.0" 2493127 "-" "Italy_-_-"
193.40.12.44 - - [28/Mar/2014:08:52:50 -0400] "GET /pages/journalIntegration HTTP/1.1" 200 5213 "http://datadryad.org/pages/pricing" "Mozilla/5.0 (iPad; CPU OS 7_0_3 like Mac OS X) AppleWebKit/537.51.1 (KHTML, like Gecko) Version/7.0 Mobile/11B511 Safari/9537.53" 165365 "-" "Estonia_18_Tartu"
156.56.241.164 - - [28/Mar/2014:08:52:50 -0400] "GET /resource/doi:10.5061/dryad.2mg77/1 HTTP/1.1" 200 31724 "-" "LOCKSS cache" 616352 "-" "United States_IN_Bloomington"
156.56.241.164 - - [28/Mar/2014:08:52:54 -0400] "GET /bitstream/handle/10255/dryad.52588/Laying%20dates%20and%20annual%20breeding%20success.txt?sequence=1 HTTP/1.1" 200 755857 "-" "LOCKSS cache" 457188 "-" "United States_IN_Bloomington"
156.56.241.164 - - [28/Mar/2014:08:53:04 -0400] "GET /resource/doi:10.5061/dryad.2mg77/2 HTTP/1.1" 200 32544 "-" "LOCKSS cache" 1404065 "-" "United States_IN_Bloomington"
198.185.25.201 - - [28/Mar/2014:08:53:07 -0400] "GET /widgets/bannerForPub?referrer=Elsevier&pubId=doi:10.1016/j.soilbio.2009.11.034 HTTP/1.1" 200 42 "-" "Java/1.6.0_29" 673537 "-" "United States_OH_Miamisburg"
156.56.241.164 - - [28/Mar/2014:08:53:09 -0400] "GET /resource/doi:10.5061/dryad.2mg77/citation/ris HTTP/1.1" 200 1995 "-" "LOCKSS cache" 5747 "-" "United States_IN_Bloomington"
66.249.75.114 - - [28/Mar/2014:08:53:14 -0400] "GET /resource/doi:10.5061/dryad.10b5v/1 HTTP/1.1" 304 - "-" "Mozilla/5.0 (compatible; Googlebot/2.1; +http://www.google.com/bot.html)" 69015 "-" "United States_CA_Mountain View"
193.40.12.44 - - [28/Mar/2014:08:53:14 -0400] "GET /pages/repository HTTP/1.1" 200 7015 "http://datadryad.org/pages/journalIntegration" "Mozilla/5.0 (iPad; CPU OS 7_0_3 like Mac OS X) AppleWebKit/537.51.1 (KHTML, like Gecko) Version/7.0 Mobile/11B511 Safari/9537.53" 133969 "-" "Estonia_18_Tartu"
156.56.241.164 - - [28/Mar/2014:08:53:18 -0400] "GET /resource/doi:10.5061/dryad.2mg77/citation/bib HTTP/1.1" 200 358 "-" "LOCKSS cache" 5771 "-" "United States_IN_Bloomington"
157.55.35.112 - - [28/Mar/2014:08:53:20 -0400] "GET /resource/doi:10.5061/dryad.5sr48 HTTP/1.1" 200 9277 "-" "Mozilla/5.0 (compatible; bingbot/2.0; +http://www.bing.com/bingbot.htm)" 1097061 "-" "United States_WA_Redmond"
156.56.241.164 - - [28/Mar/2014:08:53:22 -0400] "GET /resource/doi:10.5061/dryad.2mg77?show=full HTTP/1.1" 200 42421 "-" "LOCKSS cache" 417976 "-" "United States_IN_Bloomington"
198.185.25.201 - - [28/Mar/2014:08:53:25 -0400] "GET /widgets/bannerForPub?referrer=Elsevier&pubId=doi:10.1016/j.palaeo.2006.02.031 HTTP/1.1" 200 42 "-" "Java/1.6.0_29" 138758 "-" "United States_OH_Miamisburg"
207.24.130.100 - - [28/Mar/2014:08:53:30 -0400] "GET /widgets/bannerForPub?referrer=Elsevier&pubId=doi:10.1016/S0376-6357(97)00046-6 HTTP/1.1" 200 42 "-" "Java/1.6.0_29" 326596 "-" "United States_OH_Miamisburg"
198.185.25.201 - - [28/Mar/2014:08:53:32 -0400] "GET /widgets/bannerForPub?referrer=Elsevier&pubId=doi:10.1016/j.envpol.2011.01.012 HTTP/1.1" 200 42 "-" "Java/1.6.0_29" 12775 "-" "United States_OH_Miamisburg"
198.185.25.201 - - [28/Mar/2014:08:53:34 -0400] "GET /widgets/bannerForPub?referrer=Elsevier&pubId=doi:10.1016/j.anbehav.2005.10.021 HTTP/1.1" 200 42 "-" "Java/1.6.0_29" 11506 "-" "United States_OH_Miamisburg"
156.56.241.164 - - [28/Mar/2014:08:53:35 -0400] "GET /bitstream/handle/10255/dryad.53654/Sites%20and%20physical%20measurements%202003.csv?sequence=1 HTTP/1.1" 200 8536 "-" "LOCKSS cache" 48805 "-" "United States_IN_Bloomington"
156.56.241.164 - - [28/Mar/2014:08:53:35 -0400] "GET /bitstream/handle/10255/dryad.53654/README.txt?sequence=2 HTTP/1.1" 200 762 "-" "LOCKSS cache" 36427 "-" "United States_IN_Bloomington"
198.185.25.201 - - [28/Mar/2014:08:53:41 -0400] "GET /widgets/bannerForPub?referrer=Elsevier&pubId=doi:10.1016/0003-3472(79)90070-8 HTTP/1.1" 200 42 "-" "Java/1.6.0_29" 34143 "-" "United States_OH_Miamisburg"
156.56.241.164 - - [28/Mar/2014:08:53:45 -0400] "GET /resource/doi:10.5061/dryad.c45f0/1 HTTP/1.1" 200 31444 "-" "LOCKSS cache" 447887 "-" "United States_IN_Bloomington"
173.245.63.174 - - [28/Mar/2014:08:53:49 -0400] "GET /resource/doi:10.5061/dryad.4f7n5 HTTP/1.1" 200 8785 "-" "Mozilla/5.0 (compatible; Googlebot/2.1; +http://www.google.com/bot.html)" 1022573 "-" "United States_CA_San Francisco"
173.245.63.147 - - [28/Mar/2014:08:53:50 -0400] "GET /?field=dc.contributor.author_filter&starts_with_dc.contributor.author_filter=n HTTP/1.1" 200 24286 "-" "Mozilla/5.0 (compatible; Googlebot/2.1; +http://www.google.com/bot.html)" 2656837 "-" "United States_CA_San Francisco"
156.56.241.164 - - [28/Mar/2014:08:53:55 -0400] "GET /bitstream/handle/10255/dryad.53655/Sites%20and%20physical%20measurements%202004.csv?sequence=1 HTTP/1.1" 200 17204 "-" "LOCKSS cache" 69178 "-" "United States_IN_Bloomington"
156.56.241.164 - - [28/Mar/2014:08:53:55 -0400] "GET /bitstream/handle/10255/dryad.53655/README.txt?sequence=2 HTTP/1.1" 200 765 "-" "LOCKSS cache" 60056 "-" "United States_IN_Bloomington"
130.60.201.102 - - [28/Mar/2014:08:53:57 -0400] "GET /bitstream/handle/10255/dryad.58286/Supplemental%20Dataset%207.xls?sequence=1 HTTP/1.1" 200 332364 "http://datadryad.org/resource/doi:10.5061/dryad.41b9g" "Mozilla/5.0 (Windows NT 6.2; WOW64; rv:27.0) Gecko/20100101 Firefox/27.0" 986157 "-" "Switzerland_25_Zurich"
198.185.25.201 - - [28/Mar/2014:08:53:59 -0400] "GET /widgets/bannerForPub?referrer=Elsevier&pubId=doi:10.1016/0031-0182(78)90082-2 HTTP/1.1" 200 42 "-" "Java/1.6.0_29" 12439 "-" "United States_OH_Miamisburg"
156.56.241.164 - - [28/Mar/2014:08:54:01 -0400] "GET /resource/doi:10.5061/dryad.c45f0/2 HTTP/1.1" 200 31444 "-" "LOCKSS cache" 605165 "-" "United States_IN_Bloomington"
86.202.13.127 - - [28/Mar/2014:07:24:01 -0400] "GET /handle/10255/3/submit?workspaceID=82391 HTTP/1.1" 500 600 "https://datadryad.org/submissions" "Mozilla/5.0 (Windows NT 6.1; WOW64; rv:28.0) Gecko/20100101 Firefox/28.0" 5400114030 "-" "France_A9_Quarante"
192.107.175.11 - - [28/Mar/2014:08:54:03 -0400] "GET /discover?query=%222-Hydroxyimidazole%22&filtertype=*&filter=&rpp=100&sort_by=score&order=DESC&location=l2&submit=Update+results HTTP/1.1" 200 21622 "-" "Mozilla/5.0 (X11; U; Linux x86_64; en-US; rv:1.9.0.11) Gecko/2009060309 Ubuntu/9.04 (jaunty) Firefox/3.0.11" 686937 "-" "United States_TN_Knoxville"
207.24.130.100 - - [28/Mar/2014:08:54:04 -0400] "GET /widgets/bannerForPub?referrer=Elsevier&pubId=doi:10.1016/j.anbehav.2013.10.002 HTTP/1.1" 200 42 "-" "Java/1.6.0_29" 57609 "-" "United States_OH_Miamisburg"
66.249.75.114 - - [28/Mar/2014:08:54:05 -0400] "GET /resource/doi:10.5061/dryad.g2r32/3?show=full HTTP/1.1" 304 - "-" "Mozilla/5.0 (compatible; Googlebot/2.1; +http://www.google.com/bot.html)" 62745 "-" "United States_CA_Mountain View"
50.52.234.225 - - [28/Mar/2014:08:54:07 -0400] "GET /resource/doi:10.5061/dryad.j1fd7 HTTP/1.1" 200 7858 "http://stats.datacite.org/?fq=datacentre_facet%3A%22CDL.DRYAD+-+Dryad%22&q=" "Mozilla/5.0 (Macintosh; Intel Mac OS X 10_7_5) AppleWebKit/537.36 (KHTML, like Gecko) Chrome/33.0.1750.152 Safari/537.36" 608018 "-" "United States_NC_Creedmoor"
156.56.241.164 - - [28/Mar/2014:08:54:09 -0400] "GET /bitstream/handle/10255/dryad.53657/Field%20predation%20and%20non-predatory%20mortality%20rates.csv?sequence=1 HTTP/1.1" 200 2672 "-" "LOCKSS cache" 188783 "-" "United States_IN_Bloomington"
198.185.25.201 - - [28/Mar/2014:08:54:10 -0400] "GET /widgets/bannerForPub?referrer=Elsevier&pubId=doi:10.1016/0038-0717(92)90201-8 HTTP/1.1" 200 42 "-" "Java/1.6.0_29" 35991 "-" "United States_OH_Miamisburg"
156.56.241.164 - - [28/Mar/2014:08:54:14 -0400] "GET /bitstream/handle/10255/dryad.53657/README.txt?sequence=2 HTTP/1.1" 200 881 "-" "LOCKSS cache" 30798 "-" "United States_IN_Bloomington"
198.185.25.201 - - [28/Mar/2014:08:54:20 -0400] "GET /widgets/bannerForPub?referrer=Elsevier&pubId=doi:10.1016/j.soilbio.2010.10.005 HTTP/1.1" 200 42 "-" "Java/1.6.0_29" 21472 "-" "United States_OH_Miamisburg"
207.24.130.100 - - [28/Mar/2014:08:54:20 -0400] "GET /widgets/bannerForPub?referrer=Elsevier&pubId=doi:10.1016/0048-9697(92)90021-J HTTP/1.1" 200 42 "-" "Java/1.6.0_29" 32298 "-" "United States_OH_Miamisburg"
207.24.130.100 - - [28/Mar/2014:08:54:20 -0400] "GET /widgets/bannerForPub?referrer=Elsevier&pubId=doi:10.1016/S0169-5347(00)02070-X HTTP/1.1" 200 42 "-" "Java/1.6.0_29" 98078 "-" "United States_OH_Miamisburg"
192.107.175.11 - - [28/Mar/2014:08:54:21 -0400] "GET /discover?query=%22iradzZSWWQV%22+%22PqRbQTDfkFoQIlv%22+tbgndvgpu&filtertype=*&filter=&rpp=100&sort_by=score&order=DESC&location=l2&submit=Update+results HTTP/1.1" 200 21728 "-" "Mozilla/5.0 (X11; U; Linux x86_64; en-US; rv:1.9.0.11) Gecko/2009060309 Ubuntu/9.04 (jaunty) Firefox/3.0.11" 902681 "-" "United States_TN_Knoxville"
173.245.56.242 - - [28/Mar/2014:08:54:23 -0400] "GET /resource/doi:10.5061/dryad.94jt2 HTTP/1.1" 200 8733 "-" "Mozilla/5.0 (compatible; Googlebot/2.1; +http://www.google.com/bot.html)" 642519 "-" "United States_DC_Washington"
198.185.25.201 - - [28/Mar/2014:08:54:25 -0400] "GET /widgets/bannerForPub?referrer=Elsevier&pubId=doi:10.1016/S0003-3472(87)80021-0 HTTP/1.1" 200 42 "-" "Java/1.6.0_29" 12913 "-" "United States_OH_Miamisburg"
156.56.241.164 - - [28/Mar/2014:08:54:26 -0400] "GET /resource/doi:10.5061/dryad.c45f0/3 HTTP/1.1" 200 32061 "-" "LOCKSS cache" 396824 "-" "United States_IN_Bloomington"
156.56.241.164 - - [28/Mar/2014:08:54:27 -0400] "GET /bitstream/handle/10255/dryad.53658/README.txt?sequence=2 HTTP/1.1" 200 673 "-" "LOCKSS cache" 24177 "-" "United States_IN_Bloomington"
156.56.241.164 - - [28/Mar/2014:08:54:35 -0400] "GET /bitstream/handle/10255/dryad.53658/Field%20predation%20experiment%20DO%20Datasond.csv?sequence=3 HTTP/1.1" 200 246324 "-" "LOCKSS cache" 168625 "-" "United States_IN_Bloomington"
68.180.224.239 - - [28/Mar/2014:08:54:33 -0400] "GET /resource/doi:10.5061/dryad.87b01fq0/2 HTTP/1.1" 200 7659 "-" "Mozilla/5.0 (compatible; Yahoo! Slurp; http://help.yahoo.com/help/us/ysearch/slurp)" 2219470 "-" "United States_CA_Sunnyvale"
198.185.25.201 - - [28/Mar/2014:08:54:36 -0400] "GET /widgets/bannerForPub?referrer=Elsevier&pubId=doi:10.1016/j.scitotenv.2010.08.056 HTTP/1.1" 200 42 "-" "Java/1.6.0_29" 21316 "-" "United States_OH_Miamisburg"
198.185.25.201 - - [28/Mar/2014:08:54:39 -0400] "GET /widgets/bannerForPub?referrer=Elsevier&pubId=doi:10.1016/0003-3472(79)90129-5 HTTP/1.1" 200 42 "-" "Java/1.6.0_29" 11541 "-" "United States_OH_Miamisburg"
156.56.241.164 - - [28/Mar/2014:08:54:39 -0400] "GET /resource/doi:10.5061/dryad.c45f0/4 HTTP/1.1" 200 31607 "-" "LOCKSS cache" 452091 "-" "United States_IN_Bloomington"
86.47.217.115 - - [28/Mar/2014:08:54:40 -0400] "GET / HTTP/1.1" 200 24228 "https://www.google.ch/" "Mozilla/5.0 (Windows NT 6.3; WOW64) AppleWebKit/537.36 (KHTML, like Gecko) Chrome/33.0.1750.154 Safari/537.36 OPR/20.0.1387.82 (Edition Campaign 21)" 2627044 "-" "Ireland_07_Dublin"
156.56.241.164 - - [28/Mar/2014:08:54:45 -0400] "GET /bitstream/handle/10255/dryad.53659/Field%20predation%20sites%20and%20physical%20measurements.csv?sequence=1 HTTP/1.1" 200 5071 "-" "LOCKSS cache" 48724 "-" "United States_IN_Bloomington"
198.185.25.201 - - [28/Mar/2014:08:54:46 -0400] "GET /widgets/bannerForPub?referrer=Elsevier&pubId=doi:10.1016/j.anbehav.2007.10.020 HTTP/1.1" 200 42 "-" "Java/1.6.0_29" 11499 "-" "United States_OH_Miamisburg"
198.185.25.201 - - [28/Mar/2014:08:54:52 -0400] "GET /widgets/bannerForPub?referrer=Elsevier&pubId=doi:10.1016/j.biocon.2008.11.011 HTTP/1.1" 200 42 "-" "Java/1.6.0_29" 12754 "-" "United States_OH_Miamisburg"
156.56.241.164 - - [28/Mar/2014:08:54:53 -0400] "GET /bitstream/handle/10255/dryad.53659/README.txt?sequence=2 HTTP/1.1" 200 745 "-" "LOCKSS cache" 34434 "-" "United States_IN_Bloomington"
66.249.75.114 - - [28/Mar/2014:08:54:55 -0400] "GET /resource/doi:10.5061/dryad.2d486?show=full HTTP/1.1" 304 - "-" "Mozilla/5.0 (compatible; Googlebot/2.1; +http://www.google.com/bot.html)" 70119 "-" "United States_CA_Mountain View"
67.159.80.249 - - [28/Mar/2014:08:54:55 -0400] "GET / HTTP/1.0" 200 103972 "-" "check_http/v1.4.16 (nagios-plugins 1.4.16)" 2125621 "-" "United States_NC_Durham"
156.56.241.164 - - [28/Mar/2014:08:54:58 -0400] "GET /resource/doi:10.5061/dryad.c45f0/5 HTTP/1.1" 200 31945 "-" "LOCKSS cache" 350187 "-" "United States_IN_Bloomington"
173.245.56.246 - - [28/Mar/2014:08:54:59 -0400] "GET /resource/doi:10.5061/dryad.jm4d5 HTTP/1.1" 200 10035 "-" "Mozilla/5.0 (compatible; Googlebot/2.1; +http://www.google.com/bot.html)" 811522 "-" "United States_DC_Washington"
156.56.241.164 - - [28/Mar/2014:08:55:03 -0400] "GET /bitstream/handle/10255/dryad.53660/README.txt?sequence=2 HTTP/1.1" 200 838 "-" "LOCKSS cache" 30918 "-" "United States_IN_Bloomington"
198.185.25.201 - - [28/Mar/2014:08:55:10 -0400] "GET /widgets/bannerForPub?referrer=Elsevier&pubId=doi:10.1016/j.bone.2006.10.005 HTTP/1.1" 200 42 "-" "Java/1.6.0_29" 11895 "-" "United States_OH_Miamisburg"
156.56.241.164 - - [28/Mar/2014:08:55:12 -0400] "GET /bitstream/handle/10255/dryad.53660/Lab%20experiment%20DO%20and%20temp.csv?sequence=3 HTTP/1.1" 200 29333 "-" "LOCKSS cache" 118902 "-" "United States_IN_Bloomington"
156.56.241.164 - - [28/Mar/2014:08:55:17 -0400] "GET /resource/doi:10.5061/dryad.c45f0/6 HTTP/1.1" 200 31715 "-" "LOCKSS cache" 342914 "-" "United States_IN_Bloomington"
59.62.183.122 - - [28/Mar/2014:08:55:18 -0400] "GET /password-login HTTP/1.1" 302 233 "http://www.datadryad.org" "Mozilla/5.0 (Windows NT 6.1; WOW64) AppleWebKit/537.36 (KHTML, like Gecko) Chrome/30.0.1599.101 Safari/537.36" 95208 "-" "China_03_Nanchang"
86.47.217.115 - - [28/Mar/2014:08:55:18 -0400] "GET /discover?query=&submit=Go HTTP/1.1" 200 16808 "http://datadryad.org/" "Mozilla/5.0 (Windows NT 6.3; WOW64) AppleWebKit/537.36 (KHTML, like Gecko) Chrome/33.0.1750.154 Safari/537.36 OPR/20.0.1387.82 (Edition Campaign 21)" 1319789 "-" "Ireland_07_Dublin"
59.62.183.122 - - [28/Mar/2014:08:55:19 -0400] "GET /password-login HTTP/1.1" 200 17035 "http://www.datadryad.org/password-login" "Mozilla/5.0 (Windows NT 6.1; WOW64) AppleWebKit/537.36 (KHTML, like Gecko) Chrome/30.0.1599.101 Safari/537.36" 437197 "-" "China_03_Nanchang"
24.40.202.113 - - [28/Mar/2014:08:55:19 -0400] "GET /resource/doi:10.5061/dryad.558pm HTTP/1.1" 200 8933 "http://datadryad.org/discover?order=DESC&rpp=10&sort_by=score&page=6&group_by=none&etal=0&fq=prism.publicationName_filter:bmj\\%20open\\|\\|\\|BMJ\\%20Open" "Mozilla/5.0 (Windows NT 6.3; WOW64) AppleWebKit/537.36 (KHTML, like Gecko) Chrome/33.0.1750.154 Safari/537.36" 651121 "-" "United States_NC_Durham"
59.62.183.122 - - [28/Mar/2014:08:55:21 -0400] "GET /login HTTP/1.1" 302 - "https://datadryad.org/password-login" "Mozilla/5.0 (Windows NT 6.1; WOW64) AppleWebKit/537.36 (KHTML, like Gecko) Chrome/30.0.1599.101 Safari/537.36" 112719 "-" "China_03_Nanchang"
59.62.183.122 - - [28/Mar/2014:08:55:22 -0400] "GET /password-login HTTP/1.1" 200 17035 "https://datadryad.org/login" "Mozilla/5.0 (Windows NT 6.1; WOW64) AppleWebKit/537.36 (KHTML, like Gecko) Chrome/30.0.1599.101 Safari/537.36" 453086 "-" "China_03_Nanchang"
59.62.183.122 - - [28/Mar/2014:08:55:24 -0400] "GET / HTTP/1.1" 200 24228 "https://datadryad.org/password-login" "Mozilla/5.0 (Windows NT 6.1; WOW64) AppleWebKit/537.36 (KHTML, like Gecko) Chrome/30.0.1599.101 Safari/537.36" 2295243 "-" "China_03_Nanchang"
59.62.183.122 - - [28/Mar/2014:08:55:27 -0400] "GET /login HTTP/1.1" 302 - "http://www.datadryad.org" "Mozilla/5.0 (Windows NT 6.1; WOW64) AppleWebKit/537.36 (KHTML, like Gecko) Chrome/30.0.1599.101 Safari/537.36" 161189 "-" "China_03_Nanchang"
145.36.235.4 - - [28/Mar/2014:08:55:28 -0400] "GET /resource/doi:10.5061/dryad.53f4b/1 HTTP/1.1" 200 7543 "-" "Mozilla/4.0 (compatible; MSIE 7.0; Windows NT 6.1; WOW64; Trident/4.0; SLCC2; .NET CLR 2.0.50727; .NET CLR 3.5.30729; .NET CLR 3.0.30729; Media Center PC 6.0; InfoPath.3; .NET4.0C; .NET4.0E)" 1180918 "-" "United Kingdom_-_-"
59.62.183.122 - - [28/Mar/2014:08:55:29 -0400] "GET /password-login HTTP/1.1" 200 17035 "https://datadryad.org/login" "Mozilla/5.0 (Windows NT 6.1; WOW64) AppleWebKit/537.36 (KHTML, like Gecko) Chrome/30.0.1599.101 Safari/537.36" 421914 "-" "China_03_Nanchang"
59.62.183.122 - - [28/Mar/2014:08:55:30 -0400] "GET /login HTTP/1.1" 302 233 "https://datadryad.org/password-login" "Mozilla/5.0 (Windows NT 6.1; WOW64) AppleWebKit/537.36 (KHTML, like Gecko) Chrome/30.0.1599.101 Safari/537.36" 1829 "-" "China_03_Nanchang"
156.56.241.164 - - [28/Mar/2014:08:55:32 -0400] "GET /bitstream/handle/10255/dryad.53661/Macoma%20balthic%20densities.csv?sequence=1 HTTP/1.1" 200 7764 "-" "LOCKSS cache" 71540 "-" "United States_IN_Bloomington"
156.56.241.164 - - [28/Mar/2014:08:55:33 -0400] "GET /bitstream/handle/10255/dryad.53661/README.txt?sequence=2 HTTP/1.1" 200 1034 "-" "LOCKSS cache" 28434 "-" "United States_IN_Bloomington"
157.55.32.75 - - [28/Mar/2014:08:55:33 -0400] "GET /resource/doi:10.5061/dryad.9mg16 HTTP/1.1" 200 8651 "-" "Mozilla/5.0 (compatible; bingbot/2.0; +http://www.bing.com/bingbot.htm)" 1098195 "-" "United States_WA_Redmond"
59.62.183.122 - - [28/Mar/2014:08:55:31 -0400] "GET /password-login HTTP/1.1" 200 17035 "http://www.datadryad.org/login" "Mozilla/5.0 (Windows NT 6.1; WOW64) AppleWebKit/537.36 (KHTML, like Gecko) Chrome/30.0.1599.101 Safari/537.36" 4686794 "-" "China_03_Nanchang"
156.56.241.164 - - [28/Mar/2014:08:55:39 -0400] "GET /resource/doi:10.5061/dryad.c45f0/7 HTTP/1.1" 200 32197 "-" "LOCKSS cache" 560090 "-" "United States_IN_Bloomington"
198.185.25.201 - - [28/Mar/2014:08:55:45 -0400] "GET /widgets/bannerForPub?referrer=Elsevier&pubId=doi:10.1016/S0166-6851(98)00069-3 HTTP/1.1" 200 42 "-" "Java/1.6.0_29" 11995 "-" "United States_OH_Miamisburg"
66.249.75.114 - - [28/Mar/2014:08:55:46 -0400] "GET /handle/10255/dryad.7283?show=full HTTP/1.1" 200 5622 "-" "Mozilla/5.0 (compatible; Googlebot/2.1; +http://www.google.com/bot.html)" 499950 "-" "United States_CA_Mountain View"
198.185.25.201 - - [28/Mar/2014:08:55:51 -0400] "GET /widgets/bannerForPub?referrer=Elsevier&pubId=doi:10.1016/j.scitotenv.2009.08.009 HTTP/1.1" 200 42 "-" "Java/1.6.0_29" 55598 "-" "United States_OH_Miamisburg"
156.56.241.164 - - [28/Mar/2014:08:55:52 -0400] "GET /bitstream/handle/10255/dryad.53662/Macoma%20balthic%20lengths%20and%20masses.csv?sequence=1 HTTP/1.1" 200 34196 "-" "LOCKSS cache" 138668 "-" "United States_IN_Bloomington"
156.56.241.164 - - [28/Mar/2014:08:55:52 -0400] "GET /bitstream/handle/10255/dryad.53662/README.txt?sequence=2 HTTP/1.1" 200 923 "-" "LOCKSS cache" 68327 "-" "United States_IN_Bloomington"
173.245.54.241 - - [28/Mar/2014:08:55:53 -0400] "GET /resource/doi:10.5061/dryad.jk42p HTTP/1.1" 200 8851 "-" "Mozilla/5.0 (compatible; Googlebot/2.1; +http://www.google.com/bot.html)" 577432 "-" "United States_CA_San Francisco"
207.24.130.100 - - [28/Mar/2014:08:55:57 -0400] "GET /widgets/bannerForPub?referrer=Elsevier&pubId=doi:10.1016/j.scitotenv.2011.05.062 HTTP/1.1" 200 42 "-" "Java/1.6.0_29" 24703 "-" "United States_OH_Miamisburg"
198.185.25.201 - - [28/Mar/2014:08:55:58 -0400] "GET /widgets/bannerForPub?referrer=Elsevier&pubId=doi:10.1016/S0378-1119(97)00038-3 HTTP/1.1" 200 42 "-" "Java/1.6.0_29" 28686 "-" "United States_OH_Miamisburg"
65.19.138.33 - - [28/Mar/2014:08:55:58 -0400] "GET /feed/atom_1.0/10255/3 HTTP/1.1" 304 - "-" "Feedly/1.0 (+http://www.feedly.com/fetcher.html; like FeedFetcher-Google)" 1432142 "-" "United States_CA_Fremont"
156.56.241.164 - - [28/Mar/2014:08:56:01 -0400] "GET /resource/doi:10.5061/dryad.c45f0/8 HTTP/1.1" 200 31937 "-" "LOCKSS cache" 551335 "-" "United States_IN_Bloomington"
207.24.130.100 - - [28/Mar/2014:08:56:02 -0400] "GET /widgets/bannerForPub?referrer=Elsevier&pubId=doi:10.1016/j.scitotenv.2012.11.086 HTTP/1.1" 200 42 "-" "Java/1.6.0_29" 11788 "-" "United States_OH_Miamisburg"
207.24.130.100 - - [28/Mar/2014:08:56:04 -0400] "GET /widgets/bannerForPub?referrer=Elsevier&pubId=doi:10.1016/S0048-9697(00)00722-1 HTTP/1.1" 200 42 "-" "Java/1.6.0_29" 11601 "-" "United States_OH_Miamisburg"
156.56.241.164 - - [28/Mar/2014:08:56:06 -0400] "GET /bitstream/handle/10255/dryad.53663/Macoma%20balthic%20recruits.csv?sequence=1 HTTP/1.1" 200 823 "-" "LOCKSS cache" 76627 "-" "United States_IN_Bloomington"
198.185.25.201 - - [28/Mar/2014:08:56:10 -0400] "GET /widgets/bannerForPub?referrer=Elsevier&pubId=doi:10.1016/j.scitotenv.2013.09.072 HTTP/1.1" 200 42 "-" "Java/1.6.0_29" 12086 "-" "United States_OH_Miamisburg"
156.56.241.164 - - [28/Mar/2014:08:56:11 -0400] "GET /bitstream/handle/10255/dryad.53663/README.txt?sequence=2 HTTP/1.1" 200 916 "-" "LOCKSS cache" 44370 "-" "United States_IN_Bloomington"
156.56.241.164 - - [28/Mar/2014:08:56:16 -0400] "GET /resource/doi:10.5061/dryad.c45f0/9 HTTP/1.1" 200 31735 "-" "LOCKSS cache" 502850 "-" "United States_IN_Bloomington"
192.107.175.11 - - [28/Mar/2014:08:56:23 -0400] "GET /discover?query=%22Regulating+AND+the+AND+Risk+AND+of+AND+Unemployment%3A+AND+National+AND+Adaptations+AND+to+AND+Post-Industrial%22&filtertype=*&filter=&rpp=100&sort_by=score&order=DESC&location=l2&submit=Update+results HTTP/1.1" 200 21988 "-" "Mozilla/5.0 (X11; U; Linux x86_64; en-US; rv:1.9.0.11) Gecko/2009060309 Ubuntu/9.04 (jaunty) Firefox/3.0.11" 889408 "-" "United States_TN_Knoxville"
207.24.130.100 - - [28/Mar/2014:08:56:24 -0400] "GET /widgets/bannerForPub?referrer=Elsevier&pubId=doi:10.1016/S1055-7903(03)00181-7 HTTP/1.1" 200 42 "-" "Java/1.6.0_29" 15462 "-" "United States_OH_Miamisburg"
156.56.241.164 - - [28/Mar/2014:08:56:25 -0400] "GET /bitstream/handle/10255/dryad.53664/Macoma%20balthic%20shell%20lengths.csv?sequence=1 HTTP/1.1" 200 64129 "-" "LOCKSS cache" 86972 "-" "United States_IN_Bloomington"
217.199.4.81 - - [28/Mar/2014:08:56:20 -0400] "GET /handle/10255/3/submit HTTP/1.1" 200 8848 "http://datadryad.org/" "Mozilla/5.0 (X11; Ubuntu; Linux x86_64; rv:28.0) Gecko/20100101 Firefox/28.0" 4721026 "-" "Italy_-_-"
192.107.175.11 - - [28/Mar/2014:08:56:27 -0400] "GET /discover?query=%22Regulating+AND+the+AND+Risk+AND+of+AND+Unemployment%3A+AND+National+AND+Adaptations+AND+to+AND+Post-Industrial%22&filtertype=*&filter=&rpp=100&sort_by=score&order=DESC&location=l2&submit=Update+results HTTP/1.1" 200 21988 "-" "Mozilla/5.0 (X11; U; Linux x86_64; en-US; rv:1.9.0.11) Gecko/2009060309 Ubuntu/9.04 (jaunty) Firefox/3.0.11" 1372259 "-" "United States_TN_Knoxville"
156.56.241.164 - - [28/Mar/2014:08:56:29 -0400] "GET /bitstream/handle/10255/dryad.53664/README.txt?sequence=2 HTTP/1.1" 200 870 "-" "LOCKSS cache" 31669 "-" "United States_IN_Bloomington"
198.185.25.201 - - [28/Mar/2014:08:56:30 -0400] "GET /widgets/bannerForPub?referrer=Elsevier&pubId=doi:10.1016/j.scitotenv.2014.02.018 HTTP/1.1" 200 42 "-" "Java/1.6.0_29" 12773 "-" "United States_OH_Miamisburg"
184.168.200.234 - - [28/Mar/2014:08:56:33 -0400] "GET /wp/wp-admin/ HTTP/1.1" 404 13973 "-" "-" 187855 "-" "United States_AZ_Scottsdale"
156.56.241.164 - - [28/Mar/2014:08:56:34 -0400] "GET /resource/doi:10.5061/dryad.c45f0/10 HTTP/1.1" 200 31668 "-" "LOCKSS cache" 436144 "-" "United States_IN_Bloomington"
217.199.4.81 - - [28/Mar/2014:08:56:36 -0400] "GET /profile HTTP/1.1" 200 4823 "http://datadryad.org/handle/10255/3/submit" "Mozilla/5.0 (X11; Ubuntu; Linux x86_64; rv:28.0) Gecko/20100101 Firefox/28.0" 143935 "-" "Italy_-_-"
66.249.75.114 - - [28/Mar/2014:08:56:36 -0400] "GET /resource/doi:10.5061/dryad.8b2q1v1d?show=full HTTP/1.1" 200 7592 "-" "Mozilla/5.0 (compatible; Googlebot/2.1; +http://www.google.com/bot.html)" 1073433 "-" "United States_CA_Mountain View"
207.24.130.100 - - [28/Mar/2014:08:56:40 -0400] "GET /widgets/bannerForPub?referrer=Elsevier&pubId=doi:10.1016/j.scitotenv.2012.03.020 HTTP/1.1" 200 42 "-" "Java/1.6.0_29" 11786 "-" "United States_OH_Miamisburg"
74.86.158.107 - - [28/Mar/2014:08:56:41 -0400] "GET / HTTP/1.1" 200 103972 "-" "Mozilla/5.0+(compatible; UptimeRobot/2.0; http://www.uptimerobot.com/)" 2321208 "-" "United States_TX_Dallas"
156.56.241.164 - - [28/Mar/2014:08:56:43 -0400] "GET /bitstream/handle/10255/dryad.53665/Macoma%20balthica%20survival.csv?sequence=1 HTTP/1.1" 200 1454 "-" "LOCKSS cache" 69057 "-" "United States_IN_Bloomington"
192.107.175.11 - - [28/Mar/2014:08:56:44 -0400] "GET /discover?query=%222-Hydroxyimidazole%3Fgraves%22&filtertype=*&filter=&rpp=100&sort_by=score&order=DESC&location=l2&submit=Update+results HTTP/1.1" 200 21656 "-" "Mozilla/5.0 (X11; U; Linux x86_64; en-US; rv:1.9.0.11) Gecko/2009060309 Ubuntu/9.04 (jaunty) Firefox/3.0.11" 479299 "-" "United States_TN_Knoxville"
198.185.25.201 - - [28/Mar/2014:08:56:45 -0400] "GET /widgets/bannerForPub?referrer=Elsevier&pubId=doi:10.1016/j.biocon.2007.08.013 HTTP/1.1" 200 42 "-" "Java/1.6.0_29" 11786 "-" "United States_OH_Miamisburg"
156.56.241.164 - - [28/Mar/2014:08:56:47 -0400] "GET /bitstream/handle/10255/dryad.53665/README.txt?sequence=2 HTTP/1.1" 200 1084 "-" "LOCKSS cache" 29327 "-" "United States_IN_Bloomington"
156.56.241.164 - - [28/Mar/2014:08:56:52 -0400] "GET /resource/doi:10.5061/dryad.c45f0/11 HTTP/1.1" 200 32271 "-" "LOCKSS cache" 339864 "-" "United States_IN_Bloomington"
198.185.25.201 - - [28/Mar/2014:08:56:57 -0400] "GET /widgets/bannerForPub?referrer=Elsevier&pubId=doi:10.1016/j.toxicon.2013.02.003 HTTP/1.1" 200 42 "-" "Java/1.6.0_29" 11910 "-" "United States_OH_Miamisburg"
156.56.241.164 - - [28/Mar/2014:08:56:58 -0400] "GET /bitstream/handle/10255/dryad.53667/mb-HSP70%20and%20fecundity.csv?sequence=1 HTTP/1.1" 200 1791 "-" "LOCKSS cache" 21541 "-" "United States_IN_Bloomington"
198.185.25.201 - - [28/Mar/2014:08:57:01 -0400] "GET /widgets/bannerForPub?referrer=Elsevier&pubId=doi:10.1016/j.biocon.2010.09.024 HTTP/1.1" 200 42 "-" "Java/1.6.0_29" 11843 "-" "United States_OH_Miamisburg"
66.249.75.114 - - [28/Mar/2014:08:57:01 -0400] "GET /handle/10255/dryad.40291 HTTP/1.1" 200 9140 "-" "Mozilla/5.0 (compatible; Googlebot/2.1; +http://www.google.com/bot.html)" 1844109 "-" "United States_CA_Mountain View"
24.40.202.113 - - [28/Mar/2014:08:57:06 -0400] "GET /resource/doi:10.5061/dryad.fg679 HTTP/1.1" 200 8933 "http://datadryad.org/discover?order=DESC&rpp=10&sort_by=score&page=6&group_by=none&etal=0&fq=prism.publicationName_filter:bmj\\%20open\\|\\|\\|BMJ\\%20Open" "Mozilla/5.0 (Windows NT 6.3; WOW64) AppleWebKit/537.36 (KHTML, like Gecko) Chrome/33.0.1750.154 Safari/537.36" 817458 "-" "United States_NC_Durham"
156.56.241.164 - - [28/Mar/2014:08:57:09 -0400] "GET /bitstream/handle/10255/dryad.53667/README.txt?sequence=2 HTTP/1.1" 200 902 "-" "LOCKSS cache" 30767 "-" "United States_IN_Bloomington"
173.245.56.246 - - [28/Mar/2014:08:57:08 -0400] "GET /resource/doi:10.5061/dryad.rv313 HTTP/1.1" 200 8532 "-" "Mozilla/5.0 (compatible; Googlebot/2.1; +http://www.google.com/bot.html)" 836206 "-" "United States_DC_Washington"
156.56.241.164 - - [28/Mar/2014:08:57:13 -0400] "GET /resource/doi:10.5061/dryad.c45f0/12 HTTP/1.1" 200 31711 "-" "LOCKSS cache" 388387 "-" "United States_IN_Bloomington"
156.56.241.164 - - [28/Mar/2014:08:57:18 -0400] "GET /bitstream/handle/10255/dryad.53668/mb-HSP70%20and%20protein%20in%20eggs.csv?sequence=1 HTTP/1.1" 200 509 "-" "LOCKSS cache" 26101 "-" "United States_IN_Bloomington"
198.185.25.201 - - [28/Mar/2014:08:57:19 -0400] "GET /widgets/bannerForPub?referrer=Elsevier&pubId=doi:10.1016/j.biocon.2008.10.025 HTTP/1.1" 200 42 "-" "Java/1.6.0_29" 11584 "-" "United States_OH_Miamisburg"
198.185.25.201 - - [28/Mar/2014:08:57:22 -0400] "GET /widgets/bannerForPub?referrer=Elsevier&pubId=doi:10.1016/S0929-1393(02)00163-4 HTTP/1.1" 200 42 "-" "Java/1.6.0_29" 11610 "-" "United States_OH_Miamisburg"
156.56.241.164 - - [28/Mar/2014:08:57:22 -0400] "GET /bitstream/handle/10255/dryad.53668/README.txt?sequence=2 HTTP/1.1" 200 742 "-" "LOCKSS cache" 61519 "-" "United States_IN_Bloomington"
66.249.75.10 - - [28/Mar/2014:08:57:27 -0400] "GET /resource/doi:10.5061/dryad.75nn1932/9 HTTP/1.1" 200 8107 "-" "Mozilla/5.0 (compatible; Googlebot/2.1; +http://www.google.com/bot.html)" 887900 "-" "United States_CA_Mountain View"
156.56.241.164 - - [28/Mar/2014:08:57:28 -0400] "GET /resource/doi:10.5061/dryad.c45f0/13 HTTP/1.1" 200 31251 "-" "LOCKSS cache" 212625 "-" "United States_IN_Bloomington"
192.107.175.11 - - [28/Mar/2014:08:57:33 -0400] "GET /discover?query=%22ZqwrOYGRWNAY%22+%22hQSTHceI%22+ltcdfc&filtertype=*&filter=&rpp=100&sort_by=score&order=DESC&location=l2&submit=Update+results HTTP/1.1" 200 21692 "-" "Mozilla/5.0 (X11; U; Linux x86_64; en-US; rv:1.9.0.11) Gecko/2009060309 Ubuntu/9.04 (jaunty) Firefox/3.0.11" 424982 "-" "United States_TN_Knoxville"
68.180.224.239 - - [28/Mar/2014:08:57:38 -0400] "GET /resource/doi:10.5061/dryad.9h91m?show=full HTTP/1.1" 200 8796 "-" "Mozilla/5.0 (compatible; Yahoo! Slurp; http://help.yahoo.com/help/us/ysearch/slurp)" 1633307 "-" "United States_CA_Sunnyvale"
198.185.25.201 - - [28/Mar/2014:08:57:40 -0400] "GET /widgets/bannerForPub?referrer=Elsevier&pubId=doi:10.1016/j.bone.2009.07.008 HTTP/1.1" 200 42 "-" "Java/1.6.0_29" 13242 "-" "United States_OH_Miamisburg"
156.56.241.164 - - [28/Mar/2014:08:57:43 -0400] "GET /resource/doi:10.5061/dryad.c45f0/citation/ris HTTP/1.1" 200 3002 "-" "LOCKSS cache" 5875 "-" "United States_IN_Bloomington"
156.56.241.164 - - [28/Mar/2014:08:57:44 -0400] "GET /resource/doi:10.5061/dryad.c45f0/citation/bib HTTP/1.1" 200 409 "-" "LOCKSS cache" 6209 "-" "United States_IN_Bloomington"
72.14.199.114 - - [28/Mar/2014:08:57:47 -0400] "GET /feed/rss_2.0/10255/3 HTTP/1.1" 304 - "-" "Feedfetcher-Google; (+http://www.google.com/feedfetcher.html; 11 subscribers; feed-id=710509828217733241)" 173796 "2790" "United States_CA_Mountain View"
156.56.241.164 - - [28/Mar/2014:08:57:54 -0400] "GET /resource/doi:10.5061/dryad.c45f0?show=full HTTP/1.1" 200 66858 "-" "LOCKSS cache" 803107 "-" "United States_IN_Bloomington"
67.159.80.249 - - [28/Mar/2014:08:57:55 -0400] "GET / HTTP/1.0" 200 103972 "-" "check_http/v1.4.16 (nagios-plugins 1.4.16)" 2122286 "-" "United States_NC_Durham"
217.199.4.81 - - [28/Mar/2014:08:58:05 -0400] "GET /choices/prism_publicationName?collection=-1&query=Meth HTTP/1.1" 200 129 "http://datadryad.org/handle/10255/3/submit" "Mozilla/5.0 (X11; Ubuntu; Linux x86_64; rv:28.0) Gecko/20100101 Firefox/28.0" 18335 "-" "Italy_-_-"
217.199.4.81 - - [28/Mar/2014:08:58:06 -0400] "GET /choices/prism_publicationName?collection=-1&query=Methods HTTP/1.1" 200 210 "http://datadryad.org/handle/10255/3/submit" "Mozilla/5.0 (X11; Ubuntu; Linux x86_64; rv:28.0) Gecko/20100101 Firefox/28.0" 17987 "-" "Italy_-_-"
198.185.25.201 - - [28/Mar/2014:08:58:06 -0400] "GET /widgets/bannerForPub?referrer=Elsevier&pubId=doi:10.1016/0277-3791(82)90017-8 HTTP/1.1" 200 42 "-" "Java/1.6.0_29" 11920 "-" "United States_OH_Miamisburg"
156.56.241.164 - - [28/Mar/2014:08:58:06 -0400] "GET /bitstream/handle/10255/dryad.51701/source-sink.zip?sequence=1 HTTP/1.1" 200 23074 "-" "LOCKSS cache" 71136 "-" "United States_IN_Bloomington"
156.56.241.164 - - [28/Mar/2014:08:58:07 -0400] "GET /resource/doi:10.5061/dryad.7f297/1 HTTP/1.1" 200 28323 "-" "LOCKSS cache" 360727 "-" "United States_IN_Bloomington"
217.199.4.81 - - [28/Mar/2014:08:58:07 -0400] "GET /choices/prism_publicationName?collection=-1&query=Methods%20in HTTP/1.1" 200 210 "http://datadryad.org/handle/10255/3/submit" "Mozilla/5.0 (X11; Ubuntu; Linux x86_64; rv:28.0) Gecko/20100101 Firefox/28.0" 11370 "-" "Italy_-_-"
156.56.241.164 - - [28/Mar/2014:08:58:13 -0400] "GET /resource/doi:10.5061/dryad.7f297/citation/ris HTTP/1.1" 200 1724 "-" "LOCKSS cache" 5578 "-" "United States_IN_Bloomington"
66.249.75.114 - - [28/Mar/2014:08:58:17 -0400] "GET /handle/10255/dryad.35081 HTTP/1.1" 304 - "-" "Mozilla/5.0 (compatible; Googlebot/2.1; +http://www.google.com/bot.html)" 66834 "-" "United States_CA_Mountain View"
207.24.130.100 - - [28/Mar/2014:08:58:17 -0400] "GET /widgets/bannerForPub?referrer=Elsevier&pubId=doi:10.1016/0378-1119(94)90292-5 HTTP/1.1" 200 42 "-" "Java/1.6.0_29" 12033 "-" "United States_OH_Miamisburg"
198.185.25.201 - - [28/Mar/2014:08:58:18 -0400] "GET /widgets/bannerForPub?referrer=Elsevier&pubId=doi:10.1016/j.scitotenv.2009.07.002 HTTP/1.1" 200 42 "-" "Java/1.6.0_29" 11779 "-" "United States_OH_Miamisburg"
198.185.25.201 - - [28/Mar/2014:08:58:21 -0400] "GET /widgets/bannerForPub?referrer=Elsevier&pubId=doi:10.1016/0048-9697(86)90236-6 HTTP/1.1" 200 42 "-" "Java/1.6.0_29" 13809 "-" "United States_OH_Miamisburg"
198.185.25.201 - - [28/Mar/2014:08:58:23 -0400] "GET /widgets/bannerForPub?referrer=Elsevier&pubId=doi:10.1016/j.ecolind.2005.08.032 HTTP/1.1" 200 42 "-" "Java/1.6.0_29" 12265 "-" "United States_OH_Miamisburg"
156.56.241.164 - - [28/Mar/2014:08:58:32 -0400] "GET /resource/doi:10.5061/dryad.7f297/citation/bib HTTP/1.1" 200 357 "-" "LOCKSS cache" 6701 "-" "United States_IN_Bloomington"
156.56.241.164 - - [28/Mar/2014:08:58:32 -0400] "GET /resource/doi:10.5061/dryad.7f297?show=full HTTP/1.1" 200 33747 "-" "LOCKSS cache" 609088 "-" "United States_IN_Bloomington"
66.249.75.114 - - [28/Mar/2014:08:58:33 -0400] "GET /resource/doi:10.5061/dryad.d417q/2 HTTP/1.1" 200 7844 "-" "DoCoMo/2.0 N905i(c100;TB;W24H16) (compatible; Googlebot-Mobile/2.1; +http://www.google.com/bot.html)" 968113 "-" "United States_CA_Mountain View"
143.234.99.17 - - [28/Mar/2014:08:57:39 -0400] "GET /bitstream/handle/10255/dryad.59984/ErrorTrimSim.fastq?sequence=1 HTTP/1.1" 200 81109420 "https://datadryad.org/resource/doi:10.5061/dryad.r20t0" "Mozilla/5.0 (compatible; MSIE 9.0; Windows NT 6.1; WOW64; Trident/5.0)" 72028819 "-" "United Kingdom_-_-"
143.234.99.17 - - [28/Mar/2014:08:56:59 -0400] "GET /bitstream/handle/10255/dryad.59982/ReadLengthSim_withErrors.zip?sequence=1 HTTP/1.1" 200 154028935 "https://datadryad.org/resource/doi:10.5061/dryad.r20t0" "Mozilla/5.0 (compatible; MSIE 9.0; Windows NT 6.1; WOW64; Trident/5.0)" 114743147 "-" "United Kingdom_-_-"
207.24.130.100 - - [28/Mar/2014:08:58:54 -0400] "GET /widgets/bannerForPub?referrer=Elsevier&pubId=doi:10.1016/j.ijpara.2011.01.007 HTTP/1.1" 200 42 "-" "Java/1.6.0_29" 292777 "-" "United States_OH_Miamisburg"
198.185.25.201 - - [28/Mar/2014:08:58:59 -0400] "GET /widgets/bannerForPub?referrer=Elsevier&pubId=doi:10.1016/j.ecolind.2009.06.004 HTTP/1.1" 200 42 "-" "Java/1.6.0_29" 110986 "-" "United States_OH_Miamisburg"
192.107.175.11 - - [28/Mar/2014:08:58:59 -0400] "GET /discover?query=%22xGdefWoZPkgmsOjur%22+%22oWGGjgsqzaurQvlLfF%22+ngrybdmnbm&filtertype=*&filter=&rpp=100&sort_by=score&order=DESC&location=l2&submit=Update+results HTTP/1.1" 200 21768 "-" "Mozilla/5.0 (X11; U; Linux x86_64; en-US; rv:1.9.0.11) Gecko/2009060309 Ubuntu/9.04 (jaunty) Firefox/3.0.11" 2017070 "-" "United States_TN_Knoxville"
198.185.25.201 - - [28/Mar/2014:08:59:05 -0400] "GET /widgets/bannerForPub?referrer=Elsevier&pubId=doi:10.1016/j.cub.2010.07.002 HTTP/1.1" 200 42 "-" "Java/1.6.0_29" 53536 "-" "United States_OH_Miamisburg"
66.249.75.114 - - [28/Mar/2014:08:59:08 -0400] "GET /resource/doi:10.5061/dryad.3ng7p/2?show=full HTTP/1.1" 304 - "-" "Mozilla/5.0 (compatible; Googlebot/2.1; +http://www.google.com/bot.html)" 174680 "-" "United States_CA_Mountain View"
198.185.25.201 - - [28/Mar/2014:08:59:13 -0400] "GET /widgets/bannerForPub?referrer=Elsevier&pubId=doi:10.1016/j.palaeo.2005.11.009 HTTP/1.1" 200 42 "-" "Java/1.6.0_29" 32669 "-" "United States_OH_Miamisburg"
198.185.25.201 - - [28/Mar/2014:08:59:18 -0400] "GET /widgets/bannerForPub?referrer=Elsevier&pubId=doi:10.1016/j.margen.2010.08.002 HTTP/1.1" 200 42 "-" "Java/1.6.0_29" 89028 "-" "United States_OH_Miamisburg"
198.185.25.201 - - [28/Mar/2014:08:59:19 -0400] "GET /widgets/bannerForPub?referrer=Elsevier&pubId=doi:10.1016/j.anbehav.2013.12.004 HTTP/1.1" 200 42 "-" "Java/1.6.0_29" 12114 "-" "United States_OH_Miamisburg"
207.24.130.100 - - [28/Mar/2014:08:59:27 -0400] "GET /widgets/bannerForPub?referrer=Elsevier&pubId=doi:10.1016/j.bone.2005.06.019 HTTP/1.1" 200 42 "-" "Java/1.6.0_29" 92881 "-" "United States_OH_Miamisburg"
207.24.130.100 - - [28/Mar/2014:08:59:29 -0400] "GET /widgets/bannerForPub?referrer=Elsevier&pubId=doi:10.1016/S0006-3207(96)00082-1 HTTP/1.1" 200 42 "-" "Java/1.6.0_29" 88803 "-" "United States_OH_Miamisburg"
198.185.25.201 - - [28/Mar/2014:08:59:29 -0400] "GET /widgets/bannerForPub?referrer=Elsevier&pubId=doi:10.1016/j.pedobi.2005.05.006 HTTP/1.1" 200 42 "-" "Java/1.6.0_29" 45722 "-" "United States_OH_Miamisburg"
198.185.25.201 - - [28/Mar/2014:08:59:29 -0400] "GET /widgets/bannerForPub?referrer=Elsevier&pubId=doi:10.1016/j.yhbeh.2011.02.007 HTTP/1.1" 200 42 "-" "Java/1.6.0_29" 28660 "-" "United States_OH_Miamisburg"
207.24.130.100 - - [28/Mar/2014:08:59:34 -0400] "GET /widgets/bannerForPub?referrer=Elsevier&pubId=doi:10.1016/0048-9697(86)90230-5 HTTP/1.1" 200 42 "-" "Java/1.6.0_29" 11995 "-" "United States_OH_Miamisburg"
