216.107.159.204 - - [28/Mar/2014:08:41:20 -0400] "GET /handle/10255/dryad.40581 HTTP/1.0" 200 9178 "http://datadryad.org/" "Opera/9.80 (Windows NT 6.2; Win64; x64) Presto/2.12.388 Version/12.15" 3465001 "-" "United States_IL_Lombard"
216.107.159.204 - - [28/Mar/2014:08:41:24 -0400] "GET /pages/repository HTTP/1.0" 200 7015 "http://datadryad.org/handle/10255/dryad.40581" "Opera/9.80 (Windows NT 6.2; Win64; x64) Presto/2.12.388 Version/12.15" 406161 "-" "United States_IL_Lombard"
101.226.33.189 - - [28/Mar/2014:08:41:18 -0400] "GET /feed/atom_1.0/10255/3 HTTP/1.0" 200 108145 "-" "Mozilla/4.0 (compatible; Windows;)" 6662502 "-" "China_23_Shanghai"
156.56.241.164 - - [28/Mar/2014:08:41:24 -0400] "GET /resource/doi:10.5061/dryad.50070/4 HTTP/1.1" 200 31525 "-" "LOCKSS cache" 594122 "-" "United States_IN_Bloomington"
66.249.75.114 - - [28/Mar/2014:08:41:28 -0400] "GET /resource/doi:10.5061/dryad.t8g16 HTTP/1.1" 304 - "-" "Mozilla/5.0 (compatible; Googlebot/2.1; +http://www.google.com/bot.html)" 50216 "-" "United States_CA_Mountain View"
66.249.75.114 - - [28/Mar/2014:08:41:28 -0400] "GET /bitstream/handle/10255/dryad.49982/ROM_57715.g.JPG?sequence=1 HTTP/1.1" 304 - "-" "Googlebot-Image/1.0" 45400 "-" "United States_CA_Mountain View"
156.56.241.164 - - [28/Mar/2014:08:41:29 -0400] "GET /resource/doi:10.5061/dryad.50070/citation/ris HTTP/1.1" 200 2539 "-" "LOCKSS cache" 5396 "-" "United States_IN_Bloomington"
157.56.92.158 - - [28/Mar/2014:08:41:31 -0400] "GET /resource/doi:10.5061/dryad.2rm60?show=full HTTP/1.1" 200 7350 "-" "Mozilla/5.0 (compatible; bingbot/2.0; +http://www.bing.com/bingbot.htm)" 643840 "-" "United States_WA_Redmond"
207.24.130.100 - - [28/Mar/2014:08:41:32 -0400] "GET /widgets/bannerForPub?referrer=Elsevier&pubId=doi:10.1016/j.ympev.2013.02.011 HTTP/1.1" 200 42 "-" "Java/1.6.0_29" 11714 "-" "United States_OH_Miamisburg"
157.56.92.158 - - [28/Mar/2014:08:41:32 -0400] "GET /handle/10255/dryad.9135 HTTP/1.1" 200 7629 "-" "Mozilla/5.0 (compatible; bingbot/2.0; +http://www.bing.com/bingbot.htm)" 597257 "-" "United States_WA_Redmond"
95.85.30.241 - - [28/Mar/2014:08:41:34 -0400] "GET /feed/atom_1.0/site HTTP/1.1" 304 - "-" "FeedFetcher; http://www.jyvee.com; v.1.3.79;" 6357213 "-" "Netherlands_-_-"
74.86.158.107 - - [28/Mar/2014:08:41:41 -0400] "GET / HTTP/1.1" 200 103972 "-" "Mozilla/5.0+(compatible; UptimeRobot/2.0; http://www.uptimerobot.com/)" 2275333 "-" "United States_TX_Dallas"
207.24.130.100 - - [28/Mar/2014:08:41:44 -0400] "GET /widgets/bannerForPub?referrer=Elsevier&pubId=doi:10.1016/8756-3282(93)90105-J HTTP/1.1" 200 42 "-" "Java/1.6.0_29" 12004 "-" "United States_OH_Miamisburg"
156.56.241.164 - - [28/Mar/2014:08:41:44 -0400] "GET /resource/doi:10.5061/dryad.50070/citation/bib HTTP/1.1" 200 460 "-" "LOCKSS cache" 5525 "-" "United States_IN_Bloomington"
156.56.241.164 - - [28/Mar/2014:08:41:44 -0400] "GET /resource/doi:10.5061/dryad.50070?show=full HTTP/1.1" 200 48013 "-" "LOCKSS cache" 417709 "-" "United States_IN_Bloomington"
156.56.241.164 - - [28/Mar/2014:08:41:55 -0400] "GET /bitstream/handle/10255/dryad.53870/data_BaselLutkenhoner2013.zip?sequence=1 HTTP/1.1" 200 13664 "-" "LOCKSS cache" 63927 "-" "United States_IN_Bloomington"
198.185.25.201 - - [28/Mar/2014:08:41:56 -0400] "GET /widgets/bannerForPub?referrer=Elsevier&pubId=doi:10.1016/j.ympev.2009.07.002 HTTP/1.1" 200 42 "-" "Java/1.6.0_29" 12596 "-" "United States_OH_Miamisburg"
31.6.71.244 - - [28/Mar/2014:08:41:58 -0400] "GET /pages/faq HTTP/1.1" 200 14820 "http://dryad2.lib.ncsu.edu/" "Mozilla/5.0 (Macintosh; Intel Mac OS X 10_8_3) AppleWebKit/537.36 (KHTML, like Gecko) Chrome/27.0.1453.116 Safari/537.36" 269202 "-" "Poland_-_-"
31.6.71.244 - - [28/Mar/2014:08:41:59 -0400] "GET /pages/repository HTTP/1.1" 200 7015 "http://dryad2.lib.ncsu.edu/pages/faq" "Mozilla/5.0 (Macintosh; Intel Mac OS X 10_8_3) AppleWebKit/537.36 (KHTML, like Gecko) Chrome/27.0.1453.116 Safari/537.36" 137559 "-" "Poland_-_-"
156.56.241.164 - - [28/Mar/2014:08:42:00 -0400] "GET /bitstream/handle/10255/dryad.53870/README.txt?sequence=2 HTTP/1.1" 200 1600 "-" "LOCKSS cache" 85525 "-" "United States_IN_Bloomington"
156.56.241.164 - - [28/Mar/2014:08:42:04 -0400] "GET /resource/doi:10.5061/dryad.dr78n/1 HTTP/1.1" 200 30561 "-" "LOCKSS cache" 858784 "-" "United States_IN_Bloomington"
156.56.241.164 - - [28/Mar/2014:08:42:09 -0400] "GET /resource/doi:10.5061/dryad.dr78n/citation/ris HTTP/1.1" 200 3038 "-" "LOCKSS cache" 5883 "-" "United States_IN_Bloomington"
192.107.175.11 - - [28/Mar/2014:08:42:09 -0400] "GET /discover?query=%22interest+AND+in+AND+board+AND+composition%22&filtertype=*&filter=&rpp=100&sort_by=score&order=DESC&location=l2&submit=Update+results HTTP/1.1" 200 21714 "-" "Mozilla/5.0 (X11; U; Linux x86_64; en-US; rv:1.9.0.11) Gecko/2009060309 Ubuntu/9.04 (jaunty) Firefox/3.0.11" 932171 "-" "United States_TN_Knoxville"
156.56.241.164 - - [28/Mar/2014:08:42:14 -0400] "GET /resource/doi:10.5061/dryad.dr78n/citation/bib HTTP/1.1" 200 399 "-" "LOCKSS cache" 5754 "-" "United States_IN_Bloomington"
207.24.130.100 - - [28/Mar/2014:08:42:17 -0400] "GET /widgets/bannerForPub?referrer=Elsevier&pubId=doi:10.1016/j.bone.2005.06.012 HTTP/1.1" 200 42 "-" "Java/1.6.0_29" 13761 "-" "United States_OH_Miamisburg"
66.249.75.114 - - [28/Mar/2014:08:42:18 -0400] "GET /handle/10255/dryad.41539 HTTP/1.1" 200 7430 "-" "Mozilla/5.0 (compatible; Googlebot/2.1; +http://www.google.com/bot.html)" 537238 "-" "United States_CA_Mountain View"
156.56.241.164 - - [28/Mar/2014:08:42:24 -0400] "GET /resource/doi:10.5061/dryad.dr78n?show=full HTTP/1.1" 200 41027 "-" "LOCKSS cache" 271144 "-" "United States_IN_Bloomington"
156.56.241.164 - - [28/Mar/2014:08:42:28 -0400] "GET /bitstream/handle/10255/dryad.52896/raw_data.mat?sequence=1 HTTP/1.1" 200 38713 "-" "LOCKSS cache" 32789 "-" "United States_IN_Bloomington"
157.55.32.75 - - [28/Mar/2014:08:42:31 -0400] "GET /resource/doi:10.5061/dryad.2rm60/citation/bib HTTP/1.1" 200 286 "-" "Mozilla/5.0 (compatible; bingbot/2.0; +http://www.bing.com/bingbot.htm)" 75039 "-" "United States_WA_Redmond"
198.185.25.201 - - [28/Mar/2014:08:42:33 -0400] "GET /widgets/bannerForPub?referrer=Elsevier&pubId=doi:10.1016/j.jtbi.2004.08.015 HTTP/1.1" 200 42 "-" "Java/1.6.0_29" 11615 "-" "United States_OH_Miamisburg"
207.24.130.100 - - [28/Mar/2014:08:42:33 -0400] "GET /widgets/bannerForPub?referrer=Elsevier&pubId=doi:10.1016/j.ijpara.2003.11.014 HTTP/1.1" 200 42 "-" "Java/1.6.0_29" 11500 "-" "United States_OH_Miamisburg"
156.56.241.164 - - [28/Mar/2014:08:42:33 -0400] "GET /bitstream/handle/10255/dryad.52896/README.txt?sequence=2 HTTP/1.1" 200 2936 "-" "LOCKSS cache" 141130 "-" "United States_IN_Bloomington"
207.24.130.100 - - [28/Mar/2014:08:42:35 -0400] "GET /widgets/bannerForPub?referrer=Elsevier&pubId=doi:10.1016/j.envpol.2004.09.007 HTTP/1.1" 200 42 "-" "Java/1.6.0_29" 11669 "-" "United States_OH_Miamisburg"
192.107.175.11 - - [28/Mar/2014:08:42:37 -0400] "GET /discover?query=%22alginat+wound+healing+Sod%22&filtertype=*&filter=&rpp=100&sort_by=score&order=DESC&location=l2&submit=Update+results HTTP/1.1" 200 21650 "-" "Mozilla/5.0 (X11; U; Linux x86_64; en-US; rv:1.9.0.11) Gecko/2009060309 Ubuntu/9.04 (jaunty) Firefox/3.0.11" 800464 "-" "United States_TN_Knoxville"
156.56.241.164 - - [28/Mar/2014:08:42:38 -0400] "GET /resource/doi:10.5061/dryad.cn667/1 HTTP/1.1" 200 30441 "-" "LOCKSS cache" 452025 "-" "United States_IN_Bloomington"
192.107.175.11 - - [28/Mar/2014:08:42:43 -0400] "GET /discover?query=%22limbah+b-3+dengan%22&filtertype=*&filter=&rpp=100&sort_by=score&order=DESC&location=l2&submit=Update+results HTTP/1.1" 200 21618 "-" "Mozilla/5.0 (X11; U; Linux x86_64; en-US; rv:1.9.0.11) Gecko/2009060309 Ubuntu/9.04 (jaunty) Firefox/3.0.11" 960970 "-" "United States_TN_Knoxville"
156.56.241.164 - - [28/Mar/2014:08:42:47 -0400] "GET /resource/doi:10.5061/dryad.cn667/citation/ris HTTP/1.1" 200 1919 "-" "LOCKSS cache" 7365 "-" "United States_IN_Bloomington"
207.24.130.100 - - [28/Mar/2014:08:42:48 -0400] "GET /widgets/bannerForPub?referrer=Elsevier&pubId=doi:10.1016/j.scitotenv.2010.09.017 HTTP/1.1" 200 42 "-" "Java/1.6.0_29" 22355 "-" "United States_OH_Miamisburg"
207.24.130.100 - - [28/Mar/2014:08:42:48 -0400] "GET /widgets/bannerForPub?referrer=Elsevier&pubId=doi:10.1016/j.fishres.2013.10.014 HTTP/1.1" 200 42 "-" "Java/1.6.0_29" 10468 "-" "United States_OH_Miamisburg"
156.56.241.164 - - [28/Mar/2014:08:42:52 -0400] "GET /resource/doi:10.5061/dryad.cn667/citation/bib HTTP/1.1" 200 348 "-" "LOCKSS cache" 5630 "-" "United States_IN_Bloomington"
198.185.25.201 - - [28/Mar/2014:08:42:52 -0400] "GET /widgets/bannerForPub?referrer=Elsevier&pubId=doi:10.1016/j.ecolind.2011.11.019 HTTP/1.1" 200 42 "-" "Java/1.6.0_29" 12075 "-" "United States_OH_Miamisburg"
198.185.25.201 - - [28/Mar/2014:08:42:55 -0400] "GET /widgets/bannerForPub?referrer=Elsevier&pubId=doi:10.1016/j.jtbi.2006.06.011 HTTP/1.1" 200 42 "-" "Java/1.6.0_29" 13047 "-" "United States_OH_Miamisburg"
198.185.25.201 - - [28/Mar/2014:08:42:56 -0400] "GET /widgets/bannerForPub?referrer=Elsevier&pubId=doi:10.1016/j.scitotenv.2006.04.024 HTTP/1.1" 200 42 "-" "Java/1.6.0_29" 13095 "-" "United States_OH_Miamisburg"
67.159.80.249 - - [28/Mar/2014:08:42:55 -0400] "GET / HTTP/1.0" 200 103972 "-" "check_http/v1.4.16 (nagios-plugins 1.4.16)" 2080138 "-" "United States_NC_Durham"
156.56.241.164 - - [28/Mar/2014:08:42:57 -0400] "GET /resource/doi:10.5061/dryad.cn667?show=full HTTP/1.1" 200 37670 "-" "LOCKSS cache" 494026 "-" "United States_IN_Bloomington"
198.185.25.201 - - [28/Mar/2014:08:42:59 -0400] "GET /widgets/bannerForPub?referrer=Elsevier&pubId=doi:10.1016/S0960-9822(02)01433-1 HTTP/1.1" 200 42 "-" "Java/1.6.0_29" 14044 "-" "United States_OH_Miamisburg"
198.185.25.201 - - [28/Mar/2014:08:43:00 -0400] "GET /widgets/bannerForPub?referrer=Elsevier&pubId=doi:10.1016/j.bone.2013.11.012 HTTP/1.1" 200 42 "-" "Java/1.6.0_29" 11475 "-" "United States_OH_Miamisburg"
198.185.25.201 - - [28/Mar/2014:08:43:02 -0400] "GET /widgets/bannerForPub?referrer=Elsevier&pubId=doi:10.1016/S0003-3472(05)80580-9 HTTP/1.1" 200 42 "-" "Java/1.6.0_29" 12006 "-" "United States_OH_Miamisburg"
207.24.130.100 - - [28/Mar/2014:08:43:03 -0400] "GET /widgets/bannerForPub?referrer=Elsevier&pubId=doi:10.1016/j.palaeo.2005.06.014 HTTP/1.1" 200 42 "-" "Java/1.6.0_29" 12786 "-" "United States_OH_Miamisburg"
66.249.75.114 - - [28/Mar/2014:08:43:09 -0400] "GET /resource/doi:10.5061/dryad.61s1n HTTP/1.1" 304 - "-" "Mozilla/5.0 (compatible; Googlebot/2.1; +http://www.google.com/bot.html)" 45777 "-" "United States_CA_Mountain View"
192.107.175.11 - - [28/Mar/2014:08:43:12 -0400] "GET /discover?query=duval+%26+Wicklund&filtertype=*&filter=&rpp=100&sort_by=score&order=DESC&location=l2&submit=Update+results HTTP/1.1" 200 21594 "-" "Mozilla/5.0 (X11; U; Linux x86_64; en-US; rv:1.9.0.11) Gecko/2009060309 Ubuntu/9.04 (jaunty) Firefox/3.0.11" 291608 "-" "United States_TN_Knoxville"
207.24.130.100 - - [28/Mar/2014:08:43:14 -0400] "GET /widgets/bannerForPub?referrer=Elsevier&pubId=doi:10.1016/j.biopsycho.2010.01.012 HTTP/1.1" 200 42 "-" "Java/1.6.0_29" 11967 "-" "United States_OH_Miamisburg"
192.107.175.11 - - [28/Mar/2014:08:43:16 -0400] "GET /discover?query=duval+%26+Wick+lund&filtertype=*&filter=&rpp=100&sort_by=score&order=DESC&location=l2&submit=Update+results HTTP/1.1" 200 21598 "-" "Mozilla/5.0 (X11; U; Linux x86_64; en-US; rv:1.9.0.11) Gecko/2009060309 Ubuntu/9.04 (jaunty) Firefox/3.0.11" 519834 "-" "United States_TN_Knoxville"
192.107.175.11 - - [28/Mar/2014:08:43:17 -0400] "GET /discover?query=%22Characterization+of+THELERIA+PARVA+in+Uasin+GISHU%22&filtertype=*&filter=&rpp=100&sort_by=score&order=DESC&location=l2&submit=Update+results HTTP/1.1" 200 21746 "-" "Mozilla/5.0 (X11; U; Linux x86_64; en-US; rv:1.9.0.11) Gecko/2009060309 Ubuntu/9.04 (jaunty) Firefox/3.0.11" 2150123 "-" "United States_TN_Knoxville"
198.185.25.201 - - [28/Mar/2014:08:43:20 -0400] "GET /widgets/bannerForPub?referrer=Elsevier&pubId=doi:10.1016/j.fgb.2012.07.008 HTTP/1.1" 200 42 "-" "Java/1.6.0_29" 12477 "-" "United States_OH_Miamisburg"
198.185.25.201 - - [28/Mar/2014:08:43:21 -0400] "GET /widgets/bannerForPub?referrer=Elsevier&pubId=doi:10.1016/j.soilbio.2012.09.016 HTTP/1.1" 200 42 "-" "Java/1.6.0_29" 11688 "-" "United States_OH_Miamisburg"
207.24.130.100 - - [28/Mar/2014:08:43:29 -0400] "GET /widgets/bannerForPub?referrer=Elsevier&pubId=doi:10.1006/anbe.2001.1989 HTTP/1.1" 200 42 "-" "Java/1.6.0_29" 12238 "-" "United States_OH_Miamisburg"
192.107.175.11 - - [28/Mar/2014:08:43:37 -0400] "GET /discover?query=%22anthocleista+djalonensis%22&filtertype=*&filter=&rpp=100&sort_by=score&order=DESC&location=l2&submit=Update+results HTTP/1.1" 200 21646 "-" "Mozilla/5.0 (X11; U; Linux x86_64; en-US; rv:1.9.0.11) Gecko/2009060309 Ubuntu/9.04 (jaunty) Firefox/3.0.11" 424083 "-" "United States_TN_Knoxville"
207.24.130.100 - - [28/Mar/2014:08:43:45 -0400] "GET /widgets/bannerForPub?referrer=Elsevier&pubId=doi:10.1016/j.joi.2006.09.007 HTTP/1.1" 200 42 "-" "Java/1.6.0_29" 12174 "-" "United States_OH_Miamisburg"
192.107.175.11 - - [28/Mar/2014:08:43:45 -0400] "GET /discover?query=%22berlin%22&filtertype=*&filter=&rpp=100&sort_by=score&order=DESC&location=l2&submit=Update+results HTTP/1.1" 200 68897 "-" "Mozilla/5.0 (X11; U; Linux x86_64; en-US; rv:1.9.0.11) Gecko/2009060309 Ubuntu/9.04 (jaunty) Firefox/3.0.11" 680478 "-" "United States_TN_Knoxville"
72.14.199.114 - - [28/Mar/2014:08:43:49 -0400] "GET /repo/feed/rss_2.0/site HTTP/1.1" 304 - "-" "Feedfetcher-Google; (+http://www.google.com/feedfetcher.html; 2 subscribers; feed-id=7319030547643974676)" 80726 "3292" "United States_CA_Mountain View"
198.185.25.201 - - [28/Mar/2014:08:43:53 -0400] "GET /widgets/bannerForPub?referrer=Elsevier&pubId=doi:10.1016/j.ympev.2013.05.002 HTTP/1.1" 200 42 "-" "Java/1.6.0_29" 91732 "-" "United States_OH_Miamisburg"
192.107.175.11 - - [28/Mar/2014:08:43:54 -0400] "GET /discover?query=%22Temperatura+e+precipitacao+media+para+manica+2010%22&filtertype=*&filter=&rpp=100&sort_by=score&order=DESC&location=l2&submit=Update+results HTTP/1.1" 200 21746 "-" "Mozilla/5.0 (X11; U; Linux x86_64; en-US; rv:1.9.0.11) Gecko/2009060309 Ubuntu/9.04 (jaunty) Firefox/3.0.11" 775712 "-" "United States_TN_Knoxville"
66.249.75.114 - - [28/Mar/2014:08:43:59 -0400] "GET /handle/10255/dryad.12872?show=full HTTP/1.1" 200 11580 "-" "Mozilla/5.0 (compatible; Googlebot/2.1; +http://www.google.com/bot.html)" 307667 "-" "United States_CA_Mountain View"
192.107.175.11 - - [28/Mar/2014:08:44:00 -0400] "GET /discover?query=%22alginat+wound+healing+citosane+antioxidants+enzymes%22&filtertype=*&filter=&rpp=100&sort_by=score&order=DESC&location=l2&submit=Update+results HTTP/1.1" 200 21754 "-" "Mozilla/5.0 (X11; U; Linux x86_64; en-US; rv:1.9.0.11) Gecko/2009060309 Ubuntu/9.04 (jaunty) Firefox/3.0.11" 277206 "-" "United States_TN_Knoxville"
198.185.25.201 - - [28/Mar/2014:08:44:04 -0400] "GET /widgets/bannerForPub?referrer=Elsevier&pubId=doi:10.1016/0048-9697(93)90294-G HTTP/1.1" 200 42 "-" "Java/1.6.0_29" 11802 "-" "United States_OH_Miamisburg"
207.24.130.100 - - [28/Mar/2014:08:44:05 -0400] "GET /widgets/bannerForPub?referrer=Elsevier&pubId=doi:10.1016/j.anbehav.2010.01.009 HTTP/1.1" 200 42 "-" "Java/1.6.0_29" 11510 "-" "United States_OH_Miamisburg"
66.249.75.114 - - [28/Mar/2014:08:44:08 -0400] "GET /handle/10255/dryad.56150 HTTP/1.1" 200 8536 "-" "Mozilla/5.0 (compatible; Googlebot/2.1; +http://www.google.com/bot.html)" 626732 "-" "United States_CA_Mountain View"
66.249.75.69 - - [28/Mar/2014:08:44:14 -0400] "GET /handle/10255/dryad.51442?show=full HTTP/1.1" 200 47907 "-" "Mozilla/5.0 (compatible; Googlebot/2.1; +http://www.google.com/bot.html)" 383605 "-" "United States_CA_Mountain View"
207.24.130.100 - - [28/Mar/2014:08:44:15 -0400] "GET /widgets/bannerForPub?referrer=Elsevier&pubId=doi:10.1016/j.quascirev.2010.12.006 HTTP/1.1" 200 42 "-" "Java/1.6.0_29" 57010 "-" "United States_OH_Miamisburg"
62.141.160.13 - - [28/Mar/2014:08:44:15 -0400] "GET / HTTP/1.1" 200 24245 "http://www.google.de/url?sa=t&rct=j&q=&esrc=s&source=web&cd=1&sqi=2&ved=0CCsQFjAA&url=http%3A%2F%2Fdatadryad.org%2F&ei=nG41U-OCOIOstAaCqIHoDA&usg=AFQjCNEu-3Ve8-hKYEHW29xaNUedzOXNZg&sig2=qjRdXEAw9whz7PEuebGC_w&bvm=bv.63808443,d.Yms" "Mozilla/5.0 (Windows NT 6.1; WOW64; rv:27.0) Gecko/20100101 Firefox/27.0" 2264439 "-" "Germany_16_Berlin"
62.141.160.13 - - [28/Mar/2014:08:44:21 -0400] "GET /handle/10255/3/submit HTTP/1.1" 302 - "http://datadryad.org/" "Mozilla/5.0 (Windows NT 6.1; WOW64; rv:27.0) Gecko/20100101 Firefox/27.0" 137450 "-" "Germany_16_Berlin"
62.141.160.13 - - [28/Mar/2014:08:44:21 -0400] "GET /login HTTP/1.1" 302 231 "http://datadryad.org/" "Mozilla/5.0 (Windows NT 6.1; WOW64; rv:27.0) Gecko/20100101 Firefox/27.0" 1862 "-" "Germany_16_Berlin"
62.141.160.13 - - [28/Mar/2014:08:44:22 -0400] "GET /password-login HTTP/1.1" 200 16933 "http://datadryad.org/" "Mozilla/5.0 (Windows NT 6.1; WOW64; rv:27.0) Gecko/20100101 Firefox/27.0" 75333 "-" "Germany_16_Berlin"
198.185.25.201 - - [28/Mar/2014:08:44:23 -0400] "GET /widgets/bannerForPub?referrer=Elsevier&pubId=doi:10.1016/j.virusres.2007.07.008 HTTP/1.1" 200 42 "-" "Java/1.6.0_29" 20799 "-" "United States_OH_Miamisburg"
198.185.25.201 - - [28/Mar/2014:08:44:24 -0400] "GET /widgets/bannerForPub?referrer=Elsevier&pubId=doi:10.1016/j.quascirev.2010.12.006 HTTP/1.1" 200 42 "-" "Java/1.6.0_29" 10178 "-" "United States_OH_Miamisburg"
207.24.130.100 - - [28/Mar/2014:08:44:24 -0400] "GET /widgets/bannerForPub?referrer=Elsevier&pubId=doi:10.1016/0038-0717(82)90022-0 HTTP/1.1" 200 42 "-" "Java/1.6.0_29" 11634 "-" "United States_OH_Miamisburg"
198.185.25.201 - - [28/Mar/2014:08:44:25 -0400] "GET /widgets/bannerForPub?referrer=Elsevier&pubId=doi:10.1016/j.soilbio.2011.05.018 HTTP/1.1" 200 42 "-" "Java/1.6.0_29" 10506 "-" "United States_OH_Miamisburg"
62.141.160.13 - - [28/Mar/2014:08:44:25 -0400] "GET /handle/10255/3/submit HTTP/1.1" 200 36909 "https://datadryad.org/password-login" "Mozilla/5.0 (Windows NT 6.1; WOW64; rv:27.0) Gecko/20100101 Firefox/27.0" 2669541 "-" "Germany_16_Berlin"
62.141.160.13 - - [28/Mar/2014:08:44:32 -0400] "GET /choices/prism_publicationName?collection=-1&query=e HTTP/1.1" 200 199 "https://datadryad.org/handle/10255/3/submit" "Mozilla/5.0 (Windows NT 6.1; WOW64; rv:27.0) Gecko/20100101 Firefox/27.0" 12266 "-" "Germany_16_Berlin"
62.141.160.13 - - [28/Mar/2014:08:44:35 -0400] "GET /choices/prism_publicationName?collection=-1&query=E HTTP/1.1" 200 199 "https://datadryad.org/handle/10255/3/submit" "Mozilla/5.0 (Windows NT 6.1; WOW64; rv:27.0) Gecko/20100101 Firefox/27.0" 10505 "-" "Germany_16_Berlin"
62.141.160.13 - - [28/Mar/2014:08:44:36 -0400] "GET /choices/prism_publicationName?collection=-1&query=Eco HTTP/1.1" 200 207 "https://datadryad.org/handle/10255/3/submit" "Mozilla/5.0 (Windows NT 6.1; WOW64; rv:27.0) Gecko/20100101 Firefox/27.0" 28407 "-" "Germany_16_Berlin"
62.141.160.13 - - [28/Mar/2014:08:44:38 -0400] "GET /choices/prism_publicationName?collection=-1&query=Ecoolog HTTP/1.1" 200 107 "https://datadryad.org/handle/10255/3/submit" "Mozilla/5.0 (Windows NT 6.1; WOW64; rv:27.0) Gecko/20100101 Firefox/27.0" 10716 "-" "Germany_16_Berlin"
207.24.130.100 - - [28/Mar/2014:08:44:39 -0400] "GET /widgets/bannerForPub?referrer=Elsevier&pubId=doi:10.1016/j.yhbeh.2007.01.010 HTTP/1.1" 200 42 "-" "Java/1.6.0_29" 56488 "-" "United States_OH_Miamisburg"
62.141.160.13 - - [28/Mar/2014:08:44:39 -0400] "GET /choices/prism_publicationName?collection=-1&query=Ecoology%20adn HTTP/1.1" 200 107 "https://datadryad.org/handle/10255/3/submit" "Mozilla/5.0 (Windows NT 6.1; WOW64; rv:27.0) Gecko/20100101 Firefox/27.0" 29652 "-" "Germany_16_Berlin"
62.141.160.13 - - [28/Mar/2014:08:44:41 -0400] "GET /choices/prism_publicationName?collection=-1&query=Ecoology%20a HTTP/1.1" 200 107 "https://datadryad.org/handle/10255/3/submit" "Mozilla/5.0 (Windows NT 6.1; WOW64; rv:27.0) Gecko/20100101 Firefox/27.0" 10482 "-" "Germany_16_Berlin"
62.141.160.13 - - [28/Mar/2014:08:44:42 -0400] "GET /choices/prism_publicationName?collection=-1&query=Ecoology%20and HTTP/1.1" 200 107 "https://datadryad.org/handle/10255/3/submit" "Mozilla/5.0 (Windows NT 6.1; WOW64; rv:27.0) Gecko/20100101 Firefox/27.0" 10811 "-" "Germany_16_Berlin"
198.185.25.201 - - [28/Mar/2014:08:44:42 -0400] "GET /widgets/bannerForPub?referrer=Elsevier&pubId=doi:10.1016/j.quascirev.2008.08.007 HTTP/1.1" 200 42 "-" "Java/1.6.0_29" 11960 "-" "United States_OH_Miamisburg"
62.141.160.13 - - [28/Mar/2014:08:44:43 -0400] "GET /choices/prism_publicationName?collection=-1&query=Ecoology%20and%20E HTTP/1.1" 200 107 "https://datadryad.org/handle/10255/3/submit" "Mozilla/5.0 (Windows NT 6.1; WOW64; rv:27.0) Gecko/20100101 Firefox/27.0" 10728 "-" "Germany_16_Berlin"
62.141.160.13 - - [28/Mar/2014:08:44:45 -0400] "GET /choices/prism_publicationName?collection=-1&query=Ecoology%20and%20Evolution HTTP/1.1" 200 107 "https://datadryad.org/handle/10255/3/submit" "Mozilla/5.0 (Windows NT 6.1; WOW64; rv:27.0) Gecko/20100101 Firefox/27.0" 10311 "-" "Germany_16_Berlin"
62.141.160.13 - - [28/Mar/2014:08:44:47 -0400] "GET /choices/prism_publicationName?collection=-1&query=Ecology%20and%20Evolution HTTP/1.1" 200 677 "https://datadryad.org/handle/10255/3/submit" "Mozilla/5.0 (Windows NT 6.1; WOW64; rv:27.0) Gecko/20100101 Firefox/27.0" 10339 "-" "Germany_16_Berlin"
192.107.175.11 - - [28/Mar/2014:08:44:47 -0400] "GET /discover?query=%22Penyakit%22&filtertype=*&filter=&rpp=100&sort_by=score&order=DESC&location=l2&submit=Update+results HTTP/1.1" 200 21582 "-" "Mozilla/5.0 (X11; U; Linux x86_64; en-US; rv:1.9.0.11) Gecko/2009060309 Ubuntu/9.04 (jaunty) Firefox/3.0.11" 404764 "-" "United States_TN_Knoxville"
66.249.75.114 - - [28/Mar/2014:08:44:50 -0400] "GET /handle/10255/dryad.18525?show=full HTTP/1.1" 200 13300 "-" "Mozilla/5.0 (compatible; Googlebot/2.1; +http://www.google.com/bot.html)" 161360 "-" "United States_CA_Mountain View"
198.185.25.201 - - [28/Mar/2014:08:44:55 -0400] "GET /widgets/bannerForPub?referrer=Elsevier&pubId=doi:10.1016/S0960-9822(00)00595-9 HTTP/1.1" 200 42 "-" "Java/1.6.0_29" 12556 "-" "United States_OH_Miamisburg"
198.185.25.201 - - [28/Mar/2014:08:45:02 -0400] "GET /widgets/bannerForPub?referrer=Elsevier&pubId=doi:10.1016/j.quascirev.2008.02.004 HTTP/1.1" 200 42 "-" "Java/1.6.0_29" 12830 "-" "United States_OH_Miamisburg"
156.56.241.164 - - [28/Mar/2014:08:43:06 -0400] "GET /bitstream/handle/10255/dryad.53787/Crocodylus_niloticus_NNC5.zip?sequence=1 HTTP/1.1" 200 145662850 "-" "LOCKSS cache" 122935488 "-" "United States_IN_Bloomington"
86.39.200.117 - - [28/Mar/2014:08:45:20 -0400] "GET /discover?query=&submit=Go HTTP/1.1" 200 70025 "-" "Java/1.6.0_23" 762624 "-" "Belgium_11_Brussel"
86.39.200.117 - - [28/Mar/2014:08:45:21 -0400] "GET /discover?query=&submit=Go HTTP/1.1" 200 70025 "-" "Java/1.6.0_23" 404139 "-" "Belgium_11_Brussel"
130.60.81.103 - - [28/Mar/2014:08:45:22 -0400] "GET /favicon.ico HTTP/1.0" 200 1150 "-" "Safari/9537.74.9 CFNetwork/673.2.1 Darwin/13.1.0 (x86_64) (Macmini5%2C2)" 32335 "-" "Switzerland_25_Zurich"
207.24.130.100 - - [28/Mar/2014:08:45:23 -0400] "GET /widgets/bannerForPub?referrer=Elsevier&pubId=doi:10.1016/j.anbehav.2009.02.006 HTTP/1.1" 200 42 "-" "Java/1.6.0_29" 11564 "-" "United States_OH_Miamisburg"
192.107.175.11 - - [28/Mar/2014:08:45:26 -0400] "GET /discover?query=Effects+of+objective+self-awareness+on+attribution+of+causality&filtertype=*&filter=&rpp=100&sort_by=score&order=DESC&location=l2&submit=Update+results HTTP/1.1" 200 21772 "-" "Mozilla/5.0 (X11; U; Linux x86_64; en-US; rv:1.9.0.11) Gecko/2009060309 Ubuntu/9.04 (jaunty) Firefox/3.0.11" 931360 "-" "United States_TN_Knoxville"
198.185.25.201 - - [28/Mar/2014:08:45:29 -0400] "GET /widgets/bannerForPub?referrer=Elsevier&pubId=doi:10.1016/S0929-1393(98)00106-1 HTTP/1.1" 200 42 "-" "Java/1.6.0_29" 12169 "-" "United States_OH_Miamisburg"
156.56.241.164 - - [28/Mar/2014:08:45:29 -0400] "GET /resource/doi:10.5061/dryad.h702r/3 HTTP/1.1" 200 30812 "-" "LOCKSS cache" 595959 "-" "United States_IN_Bloomington"
68.180.225.113 - - [28/Mar/2014:08:45:33 -0400] "GET /resource/doi:10.5061/dryad.8n776 HTTP/1.1" 200 9059 "-" "Mozilla/5.0 (compatible; Yahoo! Slurp; http://help.yahoo.com/help/us/ysearch/slurp)" 2262961 "-" "United States_CA_Sunnyvale"
66.249.75.114 - - [28/Mar/2014:08:45:40 -0400] "GET /handle/10255/dryad.27374?show=full HTTP/1.1" 200 8110 "-" "Mozilla/5.0 (compatible; Googlebot/2.1; +http://www.google.com/bot.html)" 496922 "-" "United States_CA_Mountain View"
68.180.224.239 - - [28/Mar/2014:08:45:41 -0400] "GET /resource/doi:10.5061/dryad.693j8/citation/bib HTTP/1.1" 200 269 "-" "Mozilla/5.0 (compatible; Yahoo! Slurp; http://help.yahoo.com/help/us/ysearch/slurp)" 16708 "-" "United States_CA_Sunnyvale"
207.24.130.100 - - [28/Mar/2014:08:45:43 -0400] "GET /widgets/bannerForPub?referrer=Elsevier&pubId=doi:10.1016/j.jtbi.2014.01.002 HTTP/1.1" 200 42 "-" "Java/1.6.0_29" 12550 "-" "United States_OH_Miamisburg"
207.24.130.100 - - [28/Mar/2014:08:45:48 -0400] "GET /widgets/bannerForPub?referrer=Elsevier&pubId=doi:10.1016/j.ijpara.2012.11.005 HTTP/1.1" 200 42 "-" "Java/1.6.0_29" 12682 "-" "United States_OH_Miamisburg"
192.107.175.11 - - [28/Mar/2014:08:45:53 -0400] "GET /discover?query=Effects+of+objective+self-awareness&filtertype=*&filter=&rpp=100&sort_by=score&order=DESC&location=l2&submit=Update+results HTTP/1.1" 200 21660 "-" "Mozilla/5.0 (X11; U; Linux x86_64; en-US; rv:1.9.0.11) Gecko/2009060309 Ubuntu/9.04 (jaunty) Firefox/3.0.11" 555437 "-" "United States_TN_Knoxville"
198.185.25.201 - - [28/Mar/2014:08:45:55 -0400] "GET /widgets/bannerForPub?referrer=Elsevier&pubId=doi:10.1016/0378-1119(95)00339-8 HTTP/1.1" 200 42 "-" "Java/1.6.0_29" 12551 "-" "United States_OH_Miamisburg"
67.159.80.249 - - [28/Mar/2014:08:45:55 -0400] "GET / HTTP/1.0" 200 103972 "-" "check_http/v1.4.16 (nagios-plugins 1.4.16)" 2286570 "-" "United States_NC_Durham"
192.107.175.11 - - [28/Mar/2014:08:46:03 -0400] "GET /discover?query=%22Effects+of+objective+self-awareness%22&filtertype=*&filter=&rpp=100&sort_by=score&order=DESC&location=l2&submit=Update+results HTTP/1.1" 200 21690 "-" "Mozilla/5.0 (X11; U; Linux x86_64; en-US; rv:1.9.0.11) Gecko/2009060309 Ubuntu/9.04 (jaunty) Firefox/3.0.11" 236765 "-" "United States_TN_Knoxville"
160.45.71.174 - - [28/Mar/2014:08:46:04 -0400] "GET /resource/doi:10.5061/dryad.k4m41 HTTP/1.1" 200 9316 "http://www.google.de/url?sa=t&rct=j&q=&esrc=s&source=web&cd=1&ved=0CC4QFjAA&url=http%3A%2F%2Fdatadryad.org%2Fresource%2Fdoi%3A10.5061%2Fdryad.k4m41&ei=CG81U6-8IMLftAbokoCgDA&usg=AFQjCNHNTURxM0DHhq1lOb2_pBWFXZ_FlA&sig2=vA1Cu_Rqw0JiSQt8-NTPpA&bvm=bv.63808443,d.Yms" "Mozilla/5.0 (Windows NT 6.1; rv:28.0) Gecko/20100101 Firefox/28.0" 2075280 "-" "Germany_16_Berlin"
207.24.130.100 - - [28/Mar/2014:08:46:10 -0400] "GET /widgets/bannerForPub?referrer=Elsevier&pubId=doi:10.1016/S0168-1702(98)00025-2 HTTP/1.1" 200 42 "-" "Java/1.6.0_29" 12566 "-" "United States_OH_Miamisburg"
207.24.130.100 - - [28/Mar/2014:08:46:11 -0400] "GET /widgets/bannerForPub?referrer=Elsevier&pubId=doi:10.1016/0269-7491(94)90158-9 HTTP/1.1" 200 42 "-" "Java/1.6.0_29" 12022 "-" "United States_OH_Miamisburg"
202.46.48.151 - - [28/Mar/2014:08:46:19 -0400] "GET /resource/doi:10.5061/dryad.s0c34/2?show=full HTTP/1.1" 200 31999 "-" "Mozilla/5.0 (Windows NT 6.1; WOW64; rv:22.0) Gecko/20100101 Firefox/22.0" 1293067 "-" "China_30_Shenzhen"
207.24.130.100 - - [28/Mar/2014:08:46:21 -0400] "GET /widgets/bannerForPub?referrer=Elsevier&pubId=doi:10.1016/S0269-7491(00)00037-3 HTTP/1.1" 200 42 "-" "Java/1.6.0_29" 13070 "-" "United States_OH_Miamisburg"
66.249.75.114 - - [28/Mar/2014:08:46:30 -0400] "GET /handle/10255/dryad.21222?show=full HTTP/1.1" 200 10475 "-" "Mozilla/5.0 (compatible; Googlebot/2.1; +http://www.google.com/bot.html)" 455889 "-" "United States_CA_Mountain View"
157.56.92.158 - - [28/Mar/2014:08:46:31 -0400] "GET /resource/doi:10.5061/dryad.2rm60?show=full HTTP/1.1" 200 7350 "-" "Mozilla/5.0 (compatible; bingbot/2.0; +http://www.bing.com/bingbot.htm)" 785158 "-" "United States_WA_Redmond"
160.45.71.174 - - [28/Mar/2014:08:46:32 -0400] "GET /bitstream/handle/10255/dryad.45657/All%20individual%20clone%20sequences.fas?sequence=1 HTTP/1.1" 200 172938 "http://datadryad.org/resource/doi:10.5061/dryad.k4m41" "Mozilla/5.0 (Windows NT 6.1; rv:28.0) Gecko/20100101 Firefox/28.0" 640207 "-" "Germany_16_Berlin"
198.185.25.201 - - [28/Mar/2014:08:46:35 -0400] "GET /widgets/bannerForPub?referrer=Elsevier&pubId=doi:10.1016/j.bone.2010.03.009 HTTP/1.1" 200 42 "-" "Java/1.6.0_29" 16514 "-" "United States_OH_Miamisburg"
198.185.25.201 - - [28/Mar/2014:08:46:36 -0400] "GET /widgets/bannerForPub?referrer=Elsevier&pubId=doi:10.1016/S0277-3791(96)00043-1 HTTP/1.1" 200 42 "-" "Java/1.6.0_29" 11482 "-" "United States_OH_Miamisburg"
192.107.175.11 - - [28/Mar/2014:08:46:38 -0400] "GET /discover?query=%22institutional+AND+Theories+AND+of+AND+Organization%22&filtertype=*&filter=&rpp=100&sort_by=score&order=DESC&location=l2&submit=Update+results HTTP/1.1" 200 21750 "-" "Mozilla/5.0 (X11; U; Linux x86_64; en-US; rv:1.9.0.11) Gecko/2009060309 Ubuntu/9.04 (jaunty) Firefox/3.0.11" 1068341 "-" "United States_TN_Knoxville"
74.86.158.107 - - [28/Mar/2014:08:46:41 -0400] "GET / HTTP/1.1" 200 103972 "-" "Mozilla/5.0+(compatible; UptimeRobot/2.0; http://www.uptimerobot.com/)" 2211311 "-" "United States_TX_Dallas"
160.45.71.174 - - [28/Mar/2014:08:46:43 -0400] "GET /bitstream/handle/10255/dryad.45660/Plant%20and%20fungal%20trait%20measurements.xlsx?sequence=1 HTTP/1.1" 200 11901 "http://datadryad.org/resource/doi:10.5061/dryad.k4m41" "Mozilla/5.0 (Windows NT 6.1; rv:28.0) Gecko/20100101 Firefox/28.0" 39347 "-" "Germany_16_Berlin"
198.185.25.201 - - [28/Mar/2014:08:46:43 -0400] "GET /widgets/bannerForPub?referrer=Elsevier&pubId=doi:10.1016/j.biopsycho.2013.04.013 HTTP/1.1" 200 42 "-" "Java/1.6.0_29" 11368 "-" "United States_OH_Miamisburg"
207.24.130.100 - - [28/Mar/2014:08:46:44 -0400] "GET /widgets/bannerForPub?referrer=Elsevier&pubId=doi:10.1016/j.toxicon.2013.05.019 HTTP/1.1" 200 42 "-" "Java/1.6.0_29" 15431 "-" "United States_OH_Miamisburg"
199.16.156.124 - - [28/Mar/2014:08:46:45 -0400] "GET /robots.txt HTTP/1.1" 200 649 "-" "Twitterbot/1.0" 54848 "-" "United States_CA_San Francisco"
207.24.130.100 - - [28/Mar/2014:08:46:48 -0400] "GET /widgets/bannerForPub?referrer=Elsevier&pubId=doi:10.1016/j.scitotenv.2011.08.061 HTTP/1.1" 200 42 "-" "Java/1.6.0_29" 11482 "-" "United States_OH_Miamisburg"
157.55.32.75 - - [28/Mar/2014:08:46:51 -0400] "GET /resource/doi:10.5061/dryad.2rm60/citation/bib HTTP/1.1" 200 286 "-" "Mozilla/5.0 (compatible; bingbot/2.0; +http://www.bing.com/bingbot.htm)" 5932 "-" "United States_WA_Redmond"
192.107.175.11 - - [28/Mar/2014:08:47:03 -0400] "GET /discover?query=%22%E7%85%A7%E8%AD%B7%E4%B8%80%E4%BD%8D%E6%84%9B%E6%BB%8B%E7%97%85%E6%82%A3%E5%AE%B6%E5%B1%AC%E4%B9%8B%E8%AD%B7%E7%90%86%E7%B6%93%E9%A9%97%22&filtertype=*&filter=&rpp=100&sort_by=score&order=DESC&location=l2&submit=Update+results HTTP/1.1" 200 22045 "-" "Mozilla/5.0 (X11; U; Linux x86_64; en-US; rv:1.9.0.11) Gecko/2009060309 Ubuntu/9.04 (jaunty) Firefox/3.0.11" 2098589 "-" "United States_TN_Knoxville"
192.107.175.11 - - [28/Mar/2014:08:47:03 -0400] "GET /discover?query=%22%E7%85%A7%E8%AD%B7%E4%B8%80%E4%BD%8D%E6%84%9B%E6%BB%8B%E7%97%85%E6%82%A3%E5%AE%B6%E5%B1%AC%E4%B9%8B%E8%AD%B7%E7%90%86%E7%B6%93%E9%A9%97%22&filtertype=*&filter=&rpp=100&sort_by=score&order=DESC&location=l2&submit=Update+results HTTP/1.1" 200 22045 "-" "Mozilla/5.0 (X11; U; Linux x86_64; en-US; rv:1.9.0.11) Gecko/2009060309 Ubuntu/9.04 (jaunty) Firefox/3.0.11" 1392839 "-" "United States_TN_Knoxville"
198.185.25.201 - - [28/Mar/2014:08:47:06 -0400] "GET /widgets/bannerForPub?referrer=Elsevier&pubId=doi:10.1016/j.biocon.2008.10.027 HTTP/1.1" 200 42 "-" "Java/1.6.0_29" 80418 "-" "United States_OH_Miamisburg"
67.210.232.146 - - [28/Mar/2014:08:47:09 -0400] "GET /blog/wp-admin/ HTTP/1.1" 404 13973 "-" "-" 215548 "-" "United States_TX_Plano"
207.24.130.100 - - [28/Mar/2014:08:47:14 -0400] "GET /widgets/bannerForPub?referrer=Elsevier&pubId=doi:10.1016/j.cub.2007.07.036 HTTP/1.1" 200 42 "-" "Java/1.6.0_29" 11888 "-" "United States_OH_Miamisburg"
192.107.175.11 - - [28/Mar/2014:08:47:15 -0400] "GET /discover?query=%22Penyaskki+t%22&filtertype=*&filter=&rpp=100&sort_by=score&order=DESC&location=l2&submit=Update+results HTTP/1.1" 200 21594 "-" "Mozilla/5.0 (X11; U; Linux x86_64; en-US; rv:1.9.0.11) Gecko/2009060309 Ubuntu/9.04 (jaunty) Firefox/3.0.11" 159889 "-" "United States_TN_Knoxville"
68.180.224.239 - - [28/Mar/2014:08:47:16 -0400] "GET /resource/doi:10.5061/dryad.k68n1/3 HTTP/1.1" 200 7844 "-" "Mozilla/5.0 (compatible; Yahoo! Slurp; http://help.yahoo.com/help/us/ysearch/slurp)" 512410 "-" "United States_CA_Sunnyvale"
66.249.75.114 - - [28/Mar/2014:08:47:21 -0400] "GET /resource/doi:10.5061/dryad.vr157/4?show=full HTTP/1.1" 200 6209 "-" "Mozilla/5.0 (compatible; Googlebot/2.1; +http://www.google.com/bot.html)" 860000 "-" "United States_CA_Mountain View"
198.185.25.201 - - [28/Mar/2014:08:47:25 -0400] "GET /widgets/bannerForPub?referrer=Elsevier&pubId=doi:10.1016/j.fishres.2012.01.019 HTTP/1.1" 200 42 "-" "Java/1.6.0_29" 11747 "-" "United States_OH_Miamisburg"
138.37.160.198 - - [28/Mar/2014:08:47:24 -0400] "GET /bitstream/handle/10255/dryad.54438/Blood%20pressure%20evolution%20-%20Supplementary%20information.doc?sequence=1 HTTP/1.1" 200 26807 "https://www.google.co.uk/" "Mozilla/5.0 (Windows NT 6.1) AppleWebKit/537.36 (KHTML, like Gecko) Chrome/31.0.1650.63 Safari/537.36" 478325 "-" "United Kingdom_H9_London"
207.24.130.100 - - [28/Mar/2014:08:47:26 -0400] "GET /widgets/bannerForPub?referrer=Elsevier&pubId=doi:10.1016/j.biocon.2006.04.026 HTTP/1.1" 200 42 "-" "Java/1.6.0_29" 11700 "-" "United States_OH_Miamisburg"
108.162.222.226 - - [28/Mar/2014:08:47:35 -0400] "GET /robots.txt HTTP/1.1" 304 - "-" "Mozilla/5.0 (Windows NT 5.1; rv:6.0.2) Gecko/20100101 Firefox/6.0.2" 53327 "-" "United States_CA_San Francisco"
173.245.48.235 - - [28/Mar/2014:08:47:39 -0400] "GET /?field=dc.contributor.author_filter&starts_with_dc.contributor.author_filter=s HTTP/1.1" 200 24255 "-" "Mozilla/5.0 (iPhone; U; CPU iPhone OS 3_0 like Mac OS X; en-us; EasouSpider; +http://www.easou.com/search/spider.html)" 2166458 "-" "United States_CA_San Francisco"
207.24.130.100 - - [28/Mar/2014:08:47:43 -0400] "GET /widgets/bannerForPub?referrer=Elsevier&pubId=doi:10.1006/tpbi.1997.1306 HTTP/1.1" 200 42 "-" "Java/1.6.0_29" 25235 "-" "United States_OH_Miamisburg"
198.185.25.201 - - [28/Mar/2014:08:47:52 -0400] "GET /widgets/bannerForPub?referrer=Elsevier&pubId=doi:10.1016/S0048-9697(05)80134-2 HTTP/1.1" 200 42 "-" "Java/1.6.0_29" 12044 "-" "United States_OH_Miamisburg"
207.24.130.100 - - [28/Mar/2014:08:48:00 -0400] "GET /widgets/bannerForPub?referrer=Elsevier&pubId=doi:10.1016/S0378-1119(13)01631-4 HTTP/1.1" 200 42 "-" "Java/1.6.0_29" 52204 "-" "United States_OH_Miamisburg"
192.107.175.11 - - [28/Mar/2014:08:48:05 -0400] "GET /discover?query=%22%E9%9D%88%E6%80%A7%E8%AD%B7%E7%90%86%22&filtertype=*&filter=&rpp=100&sort_by=score&order=DESC&location=l2&submit=Update+results HTTP/1.1" 200 21682 "-" "Mozilla/5.0 (X11; U; Linux x86_64; en-US; rv:1.9.0.11) Gecko/2009060309 Ubuntu/9.04 (jaunty) Firefox/3.0.11" 282371 "-" "United States_TN_Knoxville"
192.107.175.11 - - [28/Mar/2014:08:48:06 -0400] "GET /discover?query=%22%E9%9D%88%E6%80%A7%E8%AD%B7%E7%90%86%22&filtertype=*&filter=&rpp=100&sort_by=score&order=DESC&location=l2&submit=Update+results HTTP/1.1" 200 21682 "-" "Mozilla/5.0 (X11; U; Linux x86_64; en-US; rv:1.9.0.11) Gecko/2009060309 Ubuntu/9.04 (jaunty) Firefox/3.0.11" 154626 "-" "United States_TN_Knoxville"
198.185.25.201 - - [28/Mar/2014:08:48:09 -0400] "GET /widgets/bannerForPub?referrer=Elsevier&pubId=doi:10.1016/S0960-9822(02)70716-1 HTTP/1.1" 200 42 "-" "Java/1.6.0_29" 11961 "-" "United States_OH_Miamisburg"
66.249.75.114 - - [28/Mar/2014:08:48:11 -0400] "GET /resource/doi:10.5061/dryad.q03g2/9 HTTP/1.1" 200 7849 "-" "Mozilla/5.0 (compatible; Googlebot/2.1; +http://www.google.com/bot.html)" 1017446 "-" "United States_CA_Mountain View"
207.24.130.100 - - [28/Mar/2014:08:48:14 -0400] "GET /widgets/bannerForPub?referrer=Elsevier&pubId=doi:10.1016/j.bone.2005.05.014 HTTP/1.1" 200 42 "-" "Java/1.6.0_29" 12064 "-" "United States_OH_Miamisburg"
198.27.120.60 - - [28/Mar/2014:08:48:17 -0400] "GET /wg/dryad/ HTTP/1.1" 302 287 "https://www.datadryad.org/" "Opera/9.80 (Windows NT 6.2; Win64; x64) Presto/2.12.388 Version/12.15" 11284 "-" "Canada_QC_Montr\xe9al"
198.185.25.201 - - [28/Mar/2014:08:48:20 -0400] "GET /widgets/bannerForPub?referrer=Elsevier&pubId=doi:10.1016/0166-6851(96)02715-6 HTTP/1.1" 200 42 "-" "Java/1.6.0_29" 12490 "-" "United States_OH_Miamisburg"
24.40.202.113 - - [28/Mar/2014:08:48:32 -0400] "GET /bitstream/handle/10255/dryad.40560/README.docx?sequence=2 HTTP/1.1" 200 15244 "http://datadryad.org/resource/doi:10.5061/dryad.f4688" "Mozilla/5.0 (Windows NT 6.3; WOW64) AppleWebKit/537.36 (KHTML, like Gecko) Chrome/33.0.1750.154 Safari/537.36" 238498 "-" "United States_NC_Durham"
182.118.21.207 - - [28/Mar/2014:08:48:33 -0400] "GET /robots.txt HTTP/1.1" 200 2019 "https://datadryad.org/robots.txt" "Mozilla/5.0 (compatible; MSIE 9.0; Windows NT 6.1; Trident/5.0); 360Spider" 75339 "-" "China_09_Zhengzhou"
24.40.202.113 - - [28/Mar/2014:08:48:34 -0400] "GET /bitstream/handle/10255/dryad.40560/BMO%20Dryad%20Data.xlsx?sequence=1 HTTP/1.1" 200 21421 "http://datadryad.org/resource/doi:10.5061/dryad.f4688" "Mozilla/5.0 (Windows NT 6.3; WOW64) AppleWebKit/537.36 (KHTML, like Gecko) Chrome/33.0.1750.154 Safari/537.36" 54712 "-" "United States_NC_Durham"
198.185.25.201 - - [28/Mar/2014:08:48:41 -0400] "GET /widgets/bannerForPub?referrer=Elsevier&pubId=doi:10.1016/j.palaeo.2012.03.022 HTTP/1.1" 200 42 "-" "Java/1.6.0_29" 11439 "-" "United States_OH_Miamisburg"
207.24.130.100 - - [28/Mar/2014:08:48:45 -0400] "GET /widgets/bannerForPub?referrer=Elsevier&pubId=doi:10.1016/j.tree.2013.06.012 HTTP/1.1" 200 42 "-" "Java/1.6.0_29" 81328 "-" "United States_OH_Miamisburg"
143.234.99.17 - - [28/Mar/2014:08:48:45 -0400] "GET /resource/doi:10.5061/dryad.r20t0/1 HTTP/1.1" 200 29503 "https://datadryad.org/resource/doi:10.5061/dryad.r20t0" "Mozilla/5.0 (compatible; MSIE 9.0; Windows NT 6.1; WOW64; Trident/5.0)" 866556 "-" "United Kingdom_-_-"
198.185.25.201 - - [28/Mar/2014:08:48:48 -0400] "GET /widgets/bannerForPub?referrer=Elsevier&pubId=doi:10.1016/j.scitotenv.2012.07.002 HTTP/1.1" 200 42 "-" "Java/1.6.0_29" 11770 "-" "United States_OH_Miamisburg"
156.56.241.164 - - [28/Mar/2014:08:45:34 -0400] "GET /bitstream/handle/10255/dryad.53795/Crocodylus_niloticus_NNC9.zip?sequence=1 HTTP/1.1" 200 163817437 "-" "LOCKSS cache" 202540153 "-" "United States_IN_Bloomington"
67.159.80.249 - - [28/Mar/2014:08:48:55 -0400] "GET / HTTP/1.0" 200 103972 "-" "check_http/v1.4.16 (nagios-plugins 1.4.16)" 2141580 "-" "United States_NC_Durham"
207.24.130.100 - - [28/Mar/2014:08:48:57 -0400] "GET /widgets/bannerForPub?referrer=Elsevier&pubId=doi:10.1016/j.jtbi.2013.03.025 HTTP/1.1" 200 42 "-" "Java/1.6.0_29" 12861 "-" "United States_OH_Miamisburg"
157.55.32.87 - - [28/Mar/2014:08:48:59 -0400] "GET /resource/doi:10.5061/dryad.7983 HTTP/1.1" 200 9710 "-" "Mozilla/5.0 (compatible; bingbot/2.0; +http://www.bing.com/bingbot.htm)" 808035 "-" "United States_WA_Redmond"
157.55.32.87 - - [28/Mar/2014:08:49:00 -0400] "GET /resource/doi:10.5061/dryad.6h722 HTTP/1.1" 200 8458 "-" "Mozilla/5.0 (compatible; bingbot/2.0; +http://www.bing.com/bingbot.htm)" 593474 "-" "United States_WA_Redmond"
144.41.141.88 - - [28/Mar/2014:08:48:59 -0400] "GET /resource/doi:10.5061/dryad.tg763 HTTP/1.1" 200 8548 "http://www.google.de/url?sa=t&rct=j&q=&esrc=s&source=web&cd=1&ved=0CC4QFjAA&url=http%3A%2F%2Fdatadryad.org%2Fresource%2Fdoi%3A10.5061%2Fdryad.tg763&ei=uG81U-XDPIuM7Aa304CIAg&usg=AFQjCNF_Qs8rLL53BIT6NuDK80fnZ7aepw&bvm=bv.63808443,d.bGE" "Mozilla/5.0 (Windows NT 6.1; WOW64; rv:28.0) Gecko/20100101 Firefox/28.0" 873893 "-" "Germany_01_Stuttgart"
66.249.75.114 - - [28/Mar/2014:08:49:00 -0400] "GET /bitstream/handle/10255/dryad.51885/Dryad_Tomiya%20Body%20Mass%20References.pdf?sequence=1 HTTP/1.1" 200 59377 "-" "Mozilla/5.0 (compatible; Googlebot/2.1; +http://www.google.com/bot.html)" 161791 "-" "United States_CA_Mountain View"
157.55.32.87 - - [28/Mar/2014:08:49:00 -0400] "GET /resource/doi:10.5061/dryad.8134/5 HTTP/1.1" 200 8005 "-" "Mozilla/5.0 (compatible; bingbot/2.0; +http://www.bing.com/bingbot.htm)" 806038 "-" "United States_WA_Redmond"
66.249.75.114 - - [28/Mar/2014:08:49:02 -0400] "GET /resource/doi:10.5061/dryad.sm41s/citation/ris HTTP/1.1" 200 1049 "-" "Mozilla/5.0 (compatible; Googlebot/2.1; +http://www.google.com/bot.html)" 18707 "-" "United States_CA_Mountain View"
156.56.241.164 - - [28/Mar/2014:08:49:02 -0400] "GET /resource/doi:10.5061/dryad.h702r/1 HTTP/1.1" 200 30722 "-" "LOCKSS cache" 611015 "-" "United States_IN_Bloomington"
198.185.25.201 - - [28/Mar/2014:08:49:03 -0400] "GET /widgets/bannerForPub?referrer=Elsevier&pubId=doi:10.1016/0038-0717(91)90064-Q HTTP/1.1" 200 42 "-" "Java/1.6.0_29" 12016 "-" "United States_OH_Miamisburg"
144.41.141.88 - - [28/Mar/2014:08:49:07 -0400] "GET /resource/doi:10.5061/dryad.tg763/1 HTTP/1.1" 200 7446 "http://datadryad.org/resource/doi:10.5061/dryad.tg763" "Mozilla/5.0 (Windows NT 6.1; WOW64; rv:28.0) Gecko/20100101 Firefox/28.0" 254027 "-" "Germany_01_Stuttgart"
152.23.56.233 - - [28/Mar/2014:08:49:17 -0400] "GET /pages/whoWeAre HTTP/1.1" 200 9102 "https://www.google.com/" "Mozilla/5.0 (Macintosh; Intel Mac OS X 10_9_2) AppleWebKit/537.36 (KHTML, like Gecko) Chrome/33.0.1750.152 Safari/537.36" 144617 "-" "United States_NC_Chapel Hill"
207.24.130.100 - - [28/Mar/2014:08:49:24 -0400] "GET /widgets/bannerForPub?referrer=Elsevier&pubId=doi:10.1016/j.ympev.2011.09.002 HTTP/1.1" 200 42 "-" "Java/1.6.0_29" 11608 "-" "United States_OH_Miamisburg"
144.41.141.88 - - [28/Mar/2014:08:49:27 -0400] "GET /bitstream/handle/10255/dryad.34576/Wuerschum_et_al_2011_rawData.pdf?sequence=1 HTTP/1.1" 200 210610 "http://datadryad.org/resource/doi:10.5061/dryad.tg763/1" "Mozilla/5.0 (Windows NT 6.1; WOW64; rv:28.0) Gecko/20100101 Firefox/28.0" 632995 "-" "Germany_01_Stuttgart"
144.41.141.88 - - [28/Mar/2014:08:49:28 -0400] "GET /favicon.ico HTTP/1.1" 200 1150 "-" "Mozilla/5.0 (Windows NT 6.1; WOW64; rv:28.0) Gecko/20100101 Firefox/28.0" 34653 "-" "Germany_01_Stuttgart"
207.24.130.100 - - [28/Mar/2014:08:49:36 -0400] "GET /widgets/bannerForPub?referrer=Elsevier&pubId=doi:10.1016/j.cub.2005.07.056 HTTP/1.1" 200 42 "-" "Java/1.6.0_29" 12056 "-" "United States_OH_Miamisburg"
192.107.175.11 - - [28/Mar/2014:08:49:39 -0400] "GET /discover?query=%22Penyashki+T.+G.%22&filtertype=*&filter=&rpp=100&sort_by=score&order=DESC&location=l2&submit=Update+results HTTP/1.1" 200 21610 "-" "Mozilla/5.0 (X11; U; Linux x86_64; en-US; rv:1.9.0.11) Gecko/2009060309 Ubuntu/9.04 (jaunty) Firefox/3.0.11" 399186 "-" "United States_TN_Knoxville"
207.24.130.100 - - [28/Mar/2014:08:49:39 -0400] "GET /widgets/bannerForPub?referrer=Elsevier&pubId=doi:10.1016/S0003-3472(87)80034-9 HTTP/1.1" 200 42 "-" "Java/1.6.0_29" 13298 "-" "United States_OH_Miamisburg"
198.185.25.201 - - [28/Mar/2014:08:49:40 -0400] "GET /widgets/bannerForPub?referrer=Elsevier&pubId=doi:10.1016/0040-5809(72)90003-2 HTTP/1.1" 200 42 "-" "Java/1.6.0_29" 11990 "-" "United States_OH_Miamisburg"
198.185.25.201 - - [28/Mar/2014:08:49:48 -0400] "GET /widgets/bannerForPub?referrer=Elsevier&pubId=doi:10.1016/j.jhevol.2006.11.007 HTTP/1.1" 200 42 "-" "Java/1.6.0_29" 12076 "-" "United States_OH_Miamisburg"
198.185.25.201 - - [28/Mar/2014:08:49:49 -0400] "GET /widgets/bannerForPub?referrer=Elsevier&pubId=doi:10.1016/j.anbehav.2008.08.011 HTTP/1.1" 200 42 "-" "Java/1.6.0_29" 12231 "-" "United States_OH_Miamisburg"
198.185.25.201 - - [28/Mar/2014:08:49:52 -0400] "GET /widgets/bannerForPub?referrer=Elsevier&pubId=doi:10.1006/jhev.1998.0219 HTTP/1.1" 200 42 "-" "Java/1.6.0_29" 18537 "-" "United States_OH_Miamisburg"
66.249.75.114 - - [28/Mar/2014:08:49:52 -0400] "GET /resource/doi:10.5061/dryad.s3060/21?show=full HTTP/1.1" 200 6582 "-" "Mozilla/5.0 (compatible; Googlebot/2.1; +http://www.google.com/bot.html)" 884884 "-" "United States_CA_Mountain View"
192.107.175.11 - - [28/Mar/2014:08:49:58 -0400] "GET /discover?query=%22drymiotis%22&filtertype=*&filter=&rpp=100&sort_by=score&order=DESC&location=l2&submit=Update+results HTTP/1.1" 200 21586 "-" "Mozilla/5.0 (X11; U; Linux x86_64; en-US; rv:1.9.0.11) Gecko/2009060309 Ubuntu/9.04 (jaunty) Firefox/3.0.11" 366096 "-" "United States_TN_Knoxville"
66.249.75.114 - - [28/Mar/2014:08:50:07 -0400] "GET /resource/doi:10.5061/dryad.g6r70?show=full HTTP/1.1" 200 8795 "-" "Mozilla/5.0 (compatible; Googlebot/2.1; +http://www.google.com/bot.html)" 2041308 "-" "United States_CA_Mountain View"
66.249.75.114 - - [28/Mar/2014:08:50:09 -0400] "GET /handle/10255/dryad.32489 HTTP/1.1" 200 14729 "-" "Mozilla/5.0 (iPhone; CPU iPhone OS 6_0 like Mac OS X) AppleWebKit/536.26 (KHTML, like Gecko) Version/6.0 Mobile/10A5376e Safari/8536.25 (compatible; Googlebot/2.1; +http://www.google.com/bot.html)" 475685 "-" "United States_CA_Mountain View"
198.185.25.201 - - [28/Mar/2014:08:50:09 -0400] "GET /widgets/bannerForPub?referrer=Elsevier&pubId=doi:10.1016/S0038-0717(97)00043-6 HTTP/1.1" 200 42 "-" "Java/1.6.0_29" 12569 "-" "United States_OH_Miamisburg"
207.24.130.100 - - [28/Mar/2014:08:50:12 -0400] "GET /widgets/bannerForPub?referrer=Elsevier&pubId=doi:10.1016/S0960-9822(09)00447-3 HTTP/1.1" 200 42 "-" "Java/1.6.0_29" 12785 "-" "United States_OH_Miamisburg"
94.228.34.210 - - [28/Mar/2014:08:50:12 -0400] "GET /feed/rss_2.0/10255/3 HTTP/1.1" 200 33728 "-" "magpie-crawler/1.1 (U; Linux amd64; en-GB; +http://www.brandwatch.net)" 1639398 "-" "United Kingdom_-_-"
192.107.175.11 - - [28/Mar/2014:08:50:15 -0400] "GET /discover?query=%22berlin%22&filtertype=*&filter=&rpp=100&sort_by=score&order=DESC&location=l2&submit=Update+results HTTP/1.1" 200 68897 "-" "Mozilla/5.0 (X11; U; Linux x86_64; en-US; rv:1.9.0.11) Gecko/2009060309 Ubuntu/9.04 (jaunty) Firefox/3.0.11" 865556 "-" "United States_TN_Knoxville"
198.185.25.201 - - [28/Mar/2014:08:50:16 -0400] "GET /widgets/bannerForPub?referrer=Elsevier&pubId=doi:10.1016/j.apsoil.2010.03.011 HTTP/1.1" 200 42 "-" "Java/1.6.0_29" 12022 "-" "United States_OH_Miamisburg"
95.85.30.241 - - [28/Mar/2014:08:50:18 -0400] "GET /feed/rss_1.0/site HTTP/1.1" 304 - "-" "FeedFetcher; http://www.jyvee.com; v.1.3.79;" 182701 "3543" "Netherlands_-_-"
50.52.234.225 - - [28/Mar/2014:08:50:23 -0400] "GET / HTTP/1.1" 200 24228 "-" "Mozilla/5.0 (Macintosh; Intel Mac OS X 10_7_5) AppleWebKit/537.36 (KHTML, like Gecko) Chrome/33.0.1750.152 Safari/537.36" 2360940 "-" "United States_NC_Creedmoor"
217.199.4.81 - - [28/Mar/2014:08:50:28 -0400] "GET / HTTP/1.1" 200 24226 "-" "Mozilla/5.0 (X11; Ubuntu; Linux x86_64; rv:28.0) Gecko/20100101 Firefox/28.0" 2599798 "-" "Italy_-_-"
50.52.234.225 - - [28/Mar/2014:08:50:30 -0400] "GET /discover?query=10.5061%2FDRYAD.HB54Q&submit=Go HTTP/1.1" 200 5135 "http://datadryad.org/" "Mozilla/5.0 (Macintosh; Intel Mac OS X 10_7_5) AppleWebKit/537.36 (KHTML, like Gecko) Chrome/33.0.1750.152 Safari/537.36" 1892025 "-" "United States_NC_Creedmoor"
192.107.175.11 - - [28/Mar/2014:08:50:32 -0400] "GET /discover?query=%22hannover%22&filtertype=*&filter=&rpp=100&sort_by=score&order=DESC&location=l2&submit=Update+results HTTP/1.1" 200 21582 "-" "Mozilla/5.0 (X11; U; Linux x86_64; en-US; rv:1.9.0.11) Gecko/2009060309 Ubuntu/9.04 (jaunty) Firefox/3.0.11" 194396 "-" "United States_TN_Knoxville"
68.180.224.239 - - [28/Mar/2014:08:50:32 -0400] "GET /resource/doi:10.5061/dryad.j0p62 HTTP/1.1" 200 9011 "-" "Mozilla/5.0 (compatible; Yahoo! Slurp; http://help.yahoo.com/help/us/ysearch/slurp)" 1633152 "-" "United States_CA_Sunnyvale"
207.24.130.100 - - [28/Mar/2014:08:50:41 -0400] "GET /widgets/bannerForPub?referrer=Elsevier&pubId=doi:10.1016/0038-0717(78)90080-9 HTTP/1.1" 200 42 "-" "Java/1.6.0_29" 12073 "-" "United States_OH_Miamisburg"
193.40.12.44 - - [28/Mar/2014:08:50:40 -0400] "GET / HTTP/1.1" 200 24226 "-" "Mozilla/5.0 (iPad; CPU OS 7_0_3 like Mac OS X) AppleWebKit/537.51.1 (KHTML, like Gecko) Version/7.0 Mobile/11B511 Safari/9537.53" 2510588 "-" "Estonia_18_Tartu"
66.249.75.114 - - [28/Mar/2014:08:50:43 -0400] "GET /resource/doi:10.5061/dryad.bg8h5/7?show=full HTTP/1.1" 200 6569 "-" "Mozilla/5.0 (compatible; Googlebot/2.1; +http://www.google.com/bot.html)" 493718 "-" "United States_CA_Mountain View"
143.234.99.17 - - [28/Mar/2014:08:48:22 -0400] "GET /bitstream/handle/10255/dryad.59981/ReadLengthSim_noErrors.zip?sequence=1 HTTP/1.1" 200 204525646 "https://datadryad.org/resource/doi:10.5061/dryad.r20t0" "Mozilla/5.0 (compatible; MSIE 9.0; Windows NT 6.1; WOW64; Trident/5.0)" 143000345 "-" "United Kingdom_-_-"
192.107.175.11 - - [28/Mar/2014:08:50:48 -0400] "GET /discover?query=%22monstros+fetais+%22&filtertype=*&filter=&rpp=100&sort_by=score&order=DESC&location=l2&submit=Update+results HTTP/1.1" 200 21614 "-" "Mozilla/5.0 (X11; U; Linux x86_64; en-US; rv:1.9.0.11) Gecko/2009060309 Ubuntu/9.04 (jaunty) Firefox/3.0.11" 618608 "-" "United States_TN_Knoxville"
198.185.25.201 - - [28/Mar/2014:08:50:49 -0400] "GET /widgets/bannerForPub?referrer=Elsevier&pubId=doi:10.1016/0269-7491(94)90084-1 HTTP/1.1" 200 42 "-" "Java/1.6.0_29" 29002 "-" "United States_OH_Miamisburg"
193.40.12.44 - - [28/Mar/2014:08:50:47 -0400] "GET / HTTP/1.1" 200 24226 "http://www.google.com/url?sa=t&rct=j&q=&esrc=s&source=web&cd=2&ved=0CDMQFjAB&url=http%3A%2F%2Fdatadryad.org%2F&ei=JHA1U7WGEabA7AaphIDIBg&usg=AFQjCNEu-3Ve8-hKYEHW29xaNUedzOXNZg&bvm=bv.63808443,d.ZGU" "Mozilla/5.0 (Macintosh; Intel Mac OS X 10_9_2) AppleWebKit/537.74.9 (KHTML, like Gecko) Version/7.0.2 Safari/537.74.9" 2547498 "-" "Estonia_18_Tartu"
