208.184.81.30 - - [28/Mar/2014:08:59:34 -0400] "GET /robots.txt HTTP/1.1" 200 649 "-" "python-requests/2.1.0 CPython/2.7.3 Linux/3.2.0-56-generic" 97128 "-" "United States_-_-"
198.185.25.201 - - [28/Mar/2014:08:59:35 -0400] "GET /widgets/bannerForPub?referrer=Elsevier&pubId=doi:10.1016/j.palaeo.2008.01.023 HTTP/1.1" 200 42 "-" "Java/1.6.0_29" 22083 "-" "United States_OH_Miamisburg"
192.107.175.11 - - [28/Mar/2014:08:59:38 -0400] "GET /discover?query=%22parsec+airfoil+vawt%22&filtertype=*&filter=&rpp=100&sort_by=score&order=DESC&location=l2&submit=Update+results HTTP/1.1" 200 21626 "-" "Mozilla/5.0 (X11; U; Linux x86_64; en-US; rv:1.9.0.11) Gecko/2009060309 Ubuntu/9.04 (jaunty) Firefox/3.0.11" 1405505 "-" "United States_TN_Knoxville"
208.184.81.30 - - [28/Mar/2014:08:59:34 -0400] "GET /feed/atom_1.0/10255/3 HTTP/1.1" 200 34108 "-" "rogerbot/1.0 (http://www.moz.com/dp/rogerbot, rogerbot-crawler@moz.com)" 8152375 "-" "United States_-_-"
207.24.130.100 - - [28/Mar/2014:08:59:46 -0400] "GET /widgets/bannerForPub?referrer=Elsevier&pubId=doi:10.1016/j.meegid.2008.07.003 HTTP/1.1" 200 42 "-" "Java/1.6.0_29" 30307 "-" "United States_OH_Miamisburg"
198.185.25.201 - - [28/Mar/2014:08:59:47 -0400] "GET /widgets/bannerForPub?referrer=Elsevier&pubId=doi:10.1016/j.cub.2005.08.037 HTTP/1.1" 200 42 "-" "Java/1.6.0_29" 28496 "-" "United States_OH_Miamisburg"
208.184.81.30 - - [28/Mar/2014:08:59:47 -0400] "GET /robots.txt HTTP/1.1" 200 649 "-" "python-requests/2.1.0 CPython/2.7.3 Linux/3.2.0-56-generic" 24298 "-" "United States_-_-"
192.107.175.11 - - [28/Mar/2014:08:59:50 -0400] "GET /discover?query=%22Who+Owns+a+Decedent%3Fs+Emails%22&filtertype=*&filter=&rpp=100&sort_by=score&order=DESC&location=l2&submit=Update+results HTTP/1.1" 200 21668 "-" "Mozilla/5.0 (X11; U; Linux x86_64; en-US; rv:1.9.0.11) Gecko/2009060309 Ubuntu/9.04 (jaunty) Firefox/3.0.11" 1441847 "-" "United States_TN_Knoxville"
198.185.25.201 - - [28/Mar/2014:08:59:52 -0400] "GET /widgets/bannerForPub?referrer=Elsevier&pubId=doi:10.1016/j.biocon.2007.07.025 HTTP/1.1" 200 42 "-" "Java/1.6.0_29" 11634 "-" "United States_OH_Miamisburg"
207.24.130.100 - - [28/Mar/2014:08:59:53 -0400] "GET /widgets/bannerForPub?referrer=Elsevier&pubId=doi:10.1016/0003-3472(60)90025-7 HTTP/1.1" 200 42 "-" "Java/1.6.0_29" 29611 "-" "United States_OH_Miamisburg"
198.185.25.201 - - [28/Mar/2014:08:59:53 -0400] "GET /widgets/bannerForPub?referrer=Elsevier&pubId=doi:10.1016/j.anbehav.2005.06.017 HTTP/1.1" 200 42 "-" "Java/1.6.0_29" 46882 "-" "United States_OH_Miamisburg"
208.184.81.30 - - [28/Mar/2014:08:59:48 -0400] "GET /feed/atom_1.0/10255/3 HTTP/1.1" 200 34108 "-" "rogerbot/1.0 (http://www.moz.com/dp/rogerbot, rogerbot-crawler@moz.com)" 11649477 "-" "United States_-_-"
66.249.75.114 - - [28/Mar/2014:08:59:58 -0400] "GET /resource/doi:10.5061/dryad.gs048/1 HTTP/1.1" 200 7553 "-" "Mozilla/5.0 (compatible; Googlebot/2.1; +http://www.google.com/bot.html)" 2448635 "-" "United States_CA_Mountain View"
173.245.56.232 - - [28/Mar/2014:08:59:58 -0400] "GET /resource/doi:10.5061/dryad.j272c/2 HTTP/1.1" 200 7476 "-" "DoCoMo/2.0 N905i(c100;TB;W24H16) (compatible; Googlebot-Mobile/2.1; +http://www.google.com/bot.html)" 2830775 "-" "United States_DC_Washington"
198.185.25.201 - - [28/Mar/2014:09:00:05 -0400] "GET /widgets/bannerForPub?referrer=Elsevier&pubId=doi:10.1016/j.toxicon.2004.12.006 HTTP/1.1" 200 42 "-" "Java/1.6.0_29" 998559 "-" "United States_OH_Miamisburg"
207.24.130.100 - - [28/Mar/2014:09:00:06 -0400] "GET /widgets/bannerForPub?referrer=Elsevier&pubId=doi:10.1016/j.yhbeh.2010.03.005 HTTP/1.1" 200 42 "-" "Java/1.6.0_29" 64136 "-" "United States_OH_Miamisburg"
198.185.25.201 - - [28/Mar/2014:09:00:08 -0400] "GET /widgets/bannerForPub?referrer=Elsevier&pubId=doi:10.1016/j.anbehav.2011.12.028 HTTP/1.1" 200 42 "-" "Java/1.6.0_29" 19825 "-" "United States_OH_Miamisburg"
130.60.81.103 - - [28/Mar/2014:09:00:08 -0400] "GET /favicon.ico HTTP/1.0" 200 1150 "-" "Safari/9537.74.9 CFNetwork/673.2.1 Darwin/13.1.0 (x86_64) (Macmini5%2C2)" 481870 "-" "Switzerland_25_Zurich"
66.117.9.210 - - [28/Mar/2014:09:00:14 -0400] "GET /resource/doi:10.5061/dryad.nr787 HTTP/1.0" 200 37469 "http://datadryad.org/resource/doi:10.5061/dryad.nr787" "Mozilla/5.0 (Windows NT 6.1; WOW64) AppleWebKit/537.36 (KHTML, like Gecko) Chrome/30.0.1599.12785 YaBrowser/13.12.1599.12785 Safari/537.36" 2278460 "-" "United States_CA_Los Angeles"
207.24.130.100 - - [28/Mar/2014:09:00:17 -0400] "GET /widgets/bannerForPub?referrer=Elsevier&pubId=doi:10.1016/j.biocon.2013.11.030 HTTP/1.1" 200 42 "-" "Java/1.6.0_29" 74926 "-" "United States_OH_Miamisburg"
207.24.130.100 - - [28/Mar/2014:09:00:18 -0400] "GET /widgets/bannerForPub?referrer=Elsevier&pubId=doi:10.1016/j.bone.2011.07.037 HTTP/1.1" 200 42 "-" "Java/1.6.0_29" 41718 "-" "United States_OH_Miamisburg"
198.185.25.201 - - [28/Mar/2014:09:00:18 -0400] "GET /widgets/bannerForPub?referrer=Elsevier&pubId=doi:10.1016/j.fsi.2010.02.006 HTTP/1.1" 200 42 "-" "Java/1.6.0_29" 12249 "-" "United States_OH_Miamisburg"
198.185.25.201 - - [28/Mar/2014:09:00:19 -0400] "GET /widgets/bannerForPub?referrer=Elsevier&pubId=doi:10.1016/S0277-3791(01)00095-6 HTTP/1.1" 200 42 "-" "Java/1.6.0_29" 29827 "-" "United States_OH_Miamisburg"
86.202.13.127 - - [28/Mar/2014:09:00:03 -0400] "GET / HTTP/1.1" 200 24227 "http://www.google.fr/url?sa=t&rct=j&q=&esrc=s&source=web&cd=1&ved=0CDAQFjAA&url=http%3A%2F%2Fdatadryad.org%2F&ei=UHI1U_jwFeaX0QX3_YGQCw&usg=AFQjCNEu-3Ve8-hKYEHW29xaNUedzOXNZg&bvm=bv.63808443,d.d2k" "Mozilla/5.0 (Windows NT 6.1; WOW64; rv:28.0) Gecko/20100101 Firefox/28.0" 16704384 "-" "France_A9_Quarante"
86.39.200.117 - - [28/Mar/2014:09:00:21 -0400] "GET /discover?query=&submit=Go HTTP/1.1" 200 70025 "-" "Java/1.6.0_23" 1656098 "-" "Belgium_11_Brussel"
86.39.200.117 - - [28/Mar/2014:09:00:22 -0400] "GET /discover?query=&submit=Go HTTP/1.1" 200 70025 "-" "Java/1.6.0_23" 391719 "-" "Belgium_11_Brussel"
207.24.130.100 - - [28/Mar/2014:09:00:27 -0400] "GET /widgets/bannerForPub?referrer=Elsevier&pubId=doi:10.1006/anbe.2000.1666 HTTP/1.1" 200 42 "-" "Java/1.6.0_29" 77366 "-" "United States_OH_Miamisburg"
207.24.130.100 - - [28/Mar/2014:09:00:28 -0400] "GET /widgets/bannerForPub?referrer=Elsevier&pubId=doi:10.1016/j.cub.2007.10.057 HTTP/1.1" 200 42 "-" "Java/1.6.0_29" 23163 "-" "United States_OH_Miamisburg"
192.107.175.11 - - [28/Mar/2014:09:00:30 -0400] "GET /discover?query=%22parsec+vawt%22&filtertype=*&filter=&rpp=100&sort_by=score&order=DESC&location=l2&submit=Update+results HTTP/1.1" 200 21594 "-" "Mozilla/5.0 (X11; U; Linux x86_64; en-US; rv:1.9.0.11) Gecko/2009060309 Ubuntu/9.04 (jaunty) Firefox/3.0.11" 506646 "-" "United States_TN_Knoxville"
207.24.130.100 - - [28/Mar/2014:09:00:35 -0400] "GET /widgets/bannerForPub?referrer=Elsevier&pubId=doi:10.1016/S0929-1393(03)00071-4 HTTP/1.1" 200 42 "-" "Java/1.6.0_29" 38960 "-" "United States_OH_Miamisburg"
66.249.75.114 - - [28/Mar/2014:09:00:42 -0400] "GET /bitstream/handle/10255/dryad.39512/README.txt?sequence=2 HTTP/1.1" 200 430 "-" "Mozilla/5.0 (iPhone; CPU iPhone OS 6_0 like Mac OS X) AppleWebKit/536.26 (KHTML, like Gecko) Version/6.0 Mobile/10A5376e Safari/8536.25 (compatible; Googlebot/2.1; +http://www.google.com/bot.html)" 370165 "-" "United States_CA_Mountain View"
66.249.75.114 - - [28/Mar/2014:09:00:48 -0400] "GET /resource/doi:10.5061/dryad.1c700?show=full HTTP/1.1" 200 7519 "-" "Mozilla/5.0 (compatible; Googlebot/2.1; +http://www.google.com/bot.html)" 1145800 "-" "United States_CA_Mountain View"
207.24.130.100 - - [28/Mar/2014:09:00:51 -0400] "GET /widgets/bannerForPub?referrer=Elsevier&pubId=doi:10.1016/j.scitotenv.2013.09.017 HTTP/1.1" 200 42 "-" "Java/1.6.0_29" 145147 "-" "United States_OH_Miamisburg"
198.185.25.201 - - [28/Mar/2014:09:00:52 -0400] "GET /widgets/bannerForPub?referrer=Elsevier&pubId=doi:10.1016/S0041-0101(98)00087-7 HTTP/1.1" 200 42 "-" "Java/1.6.0_29" 42722 "-" "United States_OH_Miamisburg"
130.234.109.46 - - [28/Mar/2014:09:00:49 -0400] "GET /feed/atom_1.0/site HTTP/1.1" 304 - "-" "Apple-PubSub/65.28" 3129019 "-" "Finland_15_Jyv\xe4skyl\xe4"
66.117.9.210 - - [28/Mar/2014:09:00:54 -0400] "GET /resource/doi:10.5061/dryad.nr787 HTTP/1.0" 200 37469 "http://datadryad.org/resource/doi:10.5061/dryad.nr787" "Mozilla/5.0 (Windows NT 5.1) AppleWebKit/537.36 (KHTML, like Gecko) Chrome/33.0.1750.146 Safari/537.36" 591704 "-" "United States_CA_Los Angeles"
67.159.80.249 - - [28/Mar/2014:09:00:55 -0400] "GET / HTTP/1.0" 200 103972 "-" "check_http/v1.4.16 (nagios-plugins 1.4.16)" 3117014 "-" "United States_NC_Durham"
207.24.130.100 - - [28/Mar/2014:09:01:00 -0400] "GET /widgets/bannerForPub?referrer=Elsevier&pubId=doi:10.1016/0038-0717(75)90015-2 HTTP/1.1" 200 42 "-" "Java/1.6.0_29" 12428 "-" "United States_OH_Miamisburg"
198.185.25.201 - - [28/Mar/2014:09:01:01 -0400] "GET /widgets/bannerForPub?referrer=Elsevier&pubId=doi:10.1016/S0960-9822(02)01096-5 HTTP/1.1" 200 42 "-" "Java/1.6.0_29" 290136 "-" "United States_OH_Miamisburg"
198.185.25.201 - - [28/Mar/2014:09:01:03 -0400] "GET /widgets/bannerForPub?referrer=Elsevier&pubId=doi:10.1016/S0006-3207(99)00080-4 HTTP/1.1" 200 42 "-" "Java/1.6.0_29" 36888 "-" "United States_OH_Miamisburg"
86.202.13.127 - - [28/Mar/2014:07:31:03 -0400] "GET /handle/10255/3/submit?workspaceID=82391 HTTP/1.1" 500 600 "https://datadryad.org/submissions" "Mozilla/5.0 (Windows NT 6.1; WOW64; rv:28.0) Gecko/20100101 Firefox/28.0" 5400168052 "-" "France_A9_Quarante"
207.24.130.100 - - [28/Mar/2014:09:01:05 -0400] "GET /widgets/bannerForPub?referrer=Elsevier&pubId=doi:10.1016/S0960-9822(02)01129-6 HTTP/1.1" 200 42 "-" "Java/1.6.0_29" 12692 "-" "United States_OH_Miamisburg"
198.185.25.201 - - [28/Mar/2014:09:01:05 -0400] "GET /widgets/bannerForPub?referrer=Elsevier&pubId=doi:10.1016/S0378-1119(00)00358-9 HTTP/1.1" 200 42 "-" "Java/1.6.0_29" 34836 "-" "United States_OH_Miamisburg"
198.185.25.201 - - [28/Mar/2014:09:01:16 -0400] "GET /widgets/bannerForPub?referrer=Elsevier&pubId=doi:10.1016/0048-9697(91)90137-4 HTTP/1.1" 200 42 "-" "Java/1.6.0_29" 20030 "-" "United States_OH_Miamisburg"
192.107.175.11 - - [28/Mar/2014:09:01:16 -0400] "GET /discover?query=%22parsec+vertical+wind+turbine%22&filtertype=*&filter=&rpp=100&sort_by=score&order=DESC&location=l2&submit=Update+results HTTP/1.1" 200 21662 "-" "Mozilla/5.0 (X11; U; Linux x86_64; en-US; rv:1.9.0.11) Gecko/2009060309 Ubuntu/9.04 (jaunty) Firefox/3.0.11" 715294 "-" "United States_TN_Knoxville"
207.24.130.100 - - [28/Mar/2014:09:01:28 -0400] "GET /widgets/bannerForPub?referrer=Elsevier&pubId=doi:10.1016/S0003-3472(05)80306-9 HTTP/1.1" 200 42 "-" "Java/1.6.0_29" 92320 "-" "United States_OH_Miamisburg"
198.185.25.201 - - [28/Mar/2014:09:01:30 -0400] "GET /widgets/bannerForPub?referrer=Elsevier&pubId=doi:10.1016/j.ympev.2012.05.029 HTTP/1.1" 200 42 "-" "Java/1.6.0_29" 31783 "-" "United States_OH_Miamisburg"
198.185.25.201 - - [28/Mar/2014:09:01:32 -0400] "GET /widgets/bannerForPub?referrer=Elsevier&pubId=doi:10.1016/j.biocon.2012.07.020 HTTP/1.1" 200 42 "-" "Java/1.6.0_29" 11579 "-" "United States_OH_Miamisburg"
198.185.25.201 - - [28/Mar/2014:09:01:34 -0400] "GET /widgets/bannerForPub?referrer=Elsevier&pubId=doi:10.1016/S0020-7519(03)00268-6 HTTP/1.1" 200 42 "-" "Java/1.6.0_29" 12196 "-" "United States_OH_Miamisburg"
66.249.75.114 - - [28/Mar/2014:09:01:39 -0400] "GET /handle/10255/dryad.8011 HTTP/1.1" 200 8148 "-" "Mozilla/5.0 (compatible; Googlebot/2.1; +http://www.google.com/bot.html)" 996459 "-" "United States_CA_Mountain View"
198.185.25.201 - - [28/Mar/2014:09:01:45 -0400] "GET /widgets/bannerForPub?referrer=Elsevier&pubId=doi:10.1016/j.fishres.2011.01.033 HTTP/1.1" 200 42 "-" "Java/1.6.0_29" 76883 "-" "United States_OH_Miamisburg"
152.14.136.60 - - [28/Mar/2014:09:01:45 -0400] "GET /feed/rss_1.0/site HTTP/1.1" 304 - "-" "Feedfetcher-Google; (+http://www.google.com/feedfetcher.html; 1 subscribers; feed-id=10626180910218047030)" 151466 "2293" "United States_NC_Raleigh"
72.14.199.114 - - [28/Mar/2014:09:01:44 -0400] "GET /repo/feed/rss_1.0/site HTTP/1.1" 304 - "-" "Feedfetcher-Google; (+http://www.google.com/feedfetcher.html; 1 subscribers; feed-id=10626180910218047030)" 973818 "2328" "United States_CA_Mountain View"
74.86.158.107 - - [28/Mar/2014:09:01:41 -0400] "GET / HTTP/1.1" 200 103972 "-" "Mozilla/5.0+(compatible; UptimeRobot/2.0; http://www.uptimerobot.com/)" 4734810 "-" "United States_TX_Dallas"
202.46.49.196 - - [28/Mar/2014:09:01:45 -0400] "GET /?field=dc.contributor.author_filter&starts_with_dc.contributor.author_filter=q HTTP/1.1" 200 104134 "-" "Mozilla/5.0 (Windows NT 6.1; WOW64; rv:22.0) Gecko/20100101 Firefox/22.0" 2768630 "-" "China_30_Shenzhen"
192.107.175.11 - - [28/Mar/2014:09:01:50 -0400] "GET /discover?query=%22tetradecanyl+glucopyranosyl+glucopyranoside%22&filtertype=*&filter=&rpp=100&sort_by=score&order=DESC&location=l2&submit=Update+results HTTP/1.1" 200 21722 "-" "Mozilla/5.0 (X11; U; Linux x86_64; en-US; rv:1.9.0.11) Gecko/2009060309 Ubuntu/9.04 (jaunty) Firefox/3.0.11" 636843 "-" "United States_TN_Knoxville"
173.245.63.147 - - [28/Mar/2014:09:01:51 -0400] "GET /share HTTP/1.1" 404 3931 "-" "Mozilla/5.0 (compatible; Googlebot/2.1; +http://www.google.com/bot.html)" 113006 "-" "United States_CA_San Francisco"
173.245.56.242 - - [28/Mar/2014:09:01:51 -0400] "GET /resource/doi:10.5061/dryad.rv313?show=full HTTP/1.1" 200 8048 "-" "Mozilla/5.0 (compatible; Googlebot/2.1; +http://www.google.com/bot.html)" 809418 "-" "United States_DC_Washington"
173.245.56.242 - - [28/Mar/2014:09:01:51 -0400] "GET /resource/doi:10.5061/dryad.rv313/1 HTTP/1.1" 200 7725 "-" "Mozilla/5.0 (compatible; Googlebot/2.1; +http://www.google.com/bot.html)" 653850 "-" "United States_DC_Washington"
198.185.25.201 - - [28/Mar/2014:09:01:52 -0400] "GET /widgets/bannerForPub?referrer=Elsevier&pubId=doi:10.1016/j.tree.2008.10.006 HTTP/1.1" 200 42 "-" "Java/1.6.0_29" 25355 "-" "United States_OH_Miamisburg"
198.185.25.201 - - [28/Mar/2014:09:01:54 -0400] "GET /widgets/bannerForPub?referrer=Elsevier&pubId=doi:10.1016/S0038-0717(96)00218-0 HTTP/1.1" 200 42 "-" "Java/1.6.0_29" 17496 "-" "United States_OH_Miamisburg"
192.107.175.11 - - [28/Mar/2014:09:01:54 -0400] "GET /discover?query=%22LIX+860%22&filtertype=*&filter=&rpp=100&sort_by=score&order=DESC&location=l2&submit=Update+results HTTP/1.1" 200 21578 "-" "Mozilla/5.0 (X11; U; Linux x86_64; en-US; rv:1.9.0.11) Gecko/2009060309 Ubuntu/9.04 (jaunty) Firefox/3.0.11" 696488 "-" "United States_TN_Knoxville"
198.185.25.201 - - [28/Mar/2014:09:01:59 -0400] "GET /widgets/bannerForPub?referrer=Elsevier&pubId=doi:10.1016/j.palaeo.2009.11.006 HTTP/1.1" 200 42 "-" "Java/1.6.0_29" 21120 "-" "United States_OH_Miamisburg"
198.185.25.201 - - [28/Mar/2014:09:02:01 -0400] "GET /widgets/bannerForPub?referrer=Elsevier&pubId=doi:10.1016/0031-0182(79)90118-4 HTTP/1.1" 200 42 "-" "Java/1.6.0_29" 55192 "-" "United States_OH_Miamisburg"
207.24.130.100 - - [28/Mar/2014:09:02:02 -0400] "GET /widgets/bannerForPub?referrer=Elsevier&pubId=doi:10.1016/j.molbiopara.2004.06.003 HTTP/1.1" 200 42 "-" "Java/1.6.0_29" 236672 "-" "United States_OH_Miamisburg"
198.185.25.201 - - [28/Mar/2014:09:02:05 -0400] "GET /widgets/bannerForPub?referrer=Elsevier&pubId=doi:10.1016/j.anbehav.2012.10.024 HTTP/1.1" 200 42 "-" "Java/1.6.0_29" 11868 "-" "United States_OH_Miamisburg"
198.185.25.201 - - [28/Mar/2014:09:02:05 -0400] "GET /widgets/bannerForPub?referrer=Elsevier&pubId=doi:10.1016/j.cub.2007.09.034 HTTP/1.1" 200 42 "-" "Java/1.6.0_29" 18577 "-" "United States_OH_Miamisburg"
173.245.54.245 - - [28/Mar/2014:09:02:06 -0400] "GET /resource/doi:10.5061/dryad.4f7n5/2 HTTP/1.1" 200 7606 "-" "Mozilla/5.0 (compatible; Googlebot/2.1; +http://www.google.com/bot.html)" 1218477 "-" "United States_CA_San Francisco"
207.24.130.100 - - [28/Mar/2014:09:02:08 -0400] "GET /widgets/bannerForPub?referrer=Elsevier&pubId=doi:10.1016/0048-9697(89)90130-7 HTTP/1.1" 200 42 "-" "Java/1.6.0_29" 64011 "-" "United States_OH_Miamisburg"
72.14.199.114 - - [28/Mar/2014:09:02:18 -0400] "GET /feed/atom_1.0/10255/3 HTTP/1.1" 304 - "-" "Feedfetcher-Google; (+http://www.google.com/feedfetcher.html; 6 subscribers; feed-id=4559456142899688612)" 2101904 "-" "United States_CA_Mountain View"
198.185.25.201 - - [28/Mar/2014:09:02:21 -0400] "GET /widgets/bannerForPub?referrer=Elsevier&pubId=doi:10.1016/0003-3472(79)90134-9 HTTP/1.1" 200 42 "-" "Java/1.6.0_29" 21031 "-" "United States_OH_Miamisburg"
198.185.25.201 - - [28/Mar/2014:09:02:21 -0400] "GET /widgets/bannerForPub?referrer=Elsevier&pubId=doi:10.1006/jhev.2002.0567 HTTP/1.1" 200 42 "-" "Java/1.6.0_29" 12275 "-" "United States_OH_Miamisburg"
173.245.63.148 - - [28/Mar/2014:09:02:23 -0400] "GET /resource/doi:10.5061/dryad.94jt2/1 HTTP/1.1" 200 7820 "-" "Mozilla/5.0 (compatible; Googlebot/2.1; +http://www.google.com/bot.html)" 683919 "-" "United States_CA_San Francisco"
198.185.25.201 - - [28/Mar/2014:09:02:25 -0400] "GET /widgets/bannerForPub?referrer=Elsevier&pubId=doi:10.1016/j.biocon.2012.02.023 HTTP/1.1" 200 42 "-" "Java/1.6.0_29" 11552 "-" "United States_OH_Miamisburg"
143.234.99.17 - - [28/Mar/2014:08:57:28 -0400] "GET /bitstream/handle/10255/dryad.59983/SeqErrorSim.zip?sequence=1 HTTP/1.1" 200 433300965 "https://datadryad.org/resource/doi:10.5061/dryad.r20t0" "Mozilla/5.0 (compatible; MSIE 9.0; Windows NT 6.1; WOW64; Trident/5.0)" 297466739 "-" "United Kingdom_-_-"
66.249.75.114 - - [28/Mar/2014:09:02:29 -0400] "GET /resource/doi:10.5061/dryad.7983/1 HTTP/1.1" 200 8583 "-" "Mozilla/5.0 (compatible; Googlebot/2.1; +http://www.google.com/bot.html)" 1201119 "-" "United States_CA_Mountain View"
198.185.25.201 - - [28/Mar/2014:09:02:33 -0400] "GET /widgets/bannerForPub?referrer=Elsevier&pubId=doi:10.1016/j.jbi.2009.08.004 HTTP/1.1" 200 42 "-" "Java/1.6.0_29" 21014 "-" "United States_OH_Miamisburg"
173.245.54.242 - - [28/Mar/2014:09:02:35 -0400] "GET /bitstream/handle/10255/dryad.61701/Figure%20S1_Dated%20Phylogeny%20with%20taxon%20names_accepted.jpg?sequence=1 HTTP/1.1" 200 4986615 "-" "Googlebot-Image/1.0" 544265 "-" "United States_CA_San Francisco"
207.24.130.100 - - [28/Mar/2014:09:02:35 -0400] "GET /widgets/bannerForPub?referrer=Elsevier&pubId=doi:10.1016/j.gene.2012.03.022 HTTP/1.1" 200 42 "-" "Java/1.6.0_29" 66839 "-" "United States_OH_Miamisburg"
173.245.63.192 - - [28/Mar/2014:09:02:38 -0400] "GET /resource/doi:10.5061/dryad.4f7n5/4 HTTP/1.1" 200 7590 "-" "Mozilla/5.0 (compatible; Googlebot/2.1; +http://www.google.com/bot.html)" 602006 "-" "United States_CA_San Francisco"
207.24.130.100 - - [28/Mar/2014:09:02:39 -0400] "GET /widgets/bannerForPub?referrer=Elsevier&pubId=doi:10.1016/S0960-9822(03)00602-X HTTP/1.1" 200 42 "-" "Java/1.6.0_29" 20479 "-" "United States_OH_Miamisburg"
93.62.191.82 - - [28/Mar/2014:09:02:47 -0400] "GET /partners HTTP/1.1" 301 309 "-" "Mozilla/4.0 (compatible; MSIE 8.0; Windows NT 6.1; WOW64; Trident/4.0; SLCC2; .NET CLR 2.0.50727; .NET CLR 3.5.30729; .NET CLR 3.0.30729; Media Center PC 6.0; msn OptimizedIE8;ZHCN)" 101869 "-" "Italy_12_Cuneo"
198.185.25.201 - - [28/Mar/2014:09:02:48 -0400] "GET /widgets/bannerForPub?referrer=Elsevier&pubId=doi:10.1016/S0960-9822(02)00546-8 HTTP/1.1" 200 42 "-" "Java/1.6.0_29" 102423 "-" "United States_OH_Miamisburg"
198.185.25.201 - - [28/Mar/2014:09:02:48 -0400] "GET /widgets/bannerForPub?referrer=Elsevier&pubId=doi:10.1016/j.quascirev.2013.08.009 HTTP/1.1" 200 42 "-" "Java/1.6.0_29" 38860 "-" "United States_OH_Miamisburg"
173.245.56.246 - - [28/Mar/2014:09:02:49 -0400] "GET /resource/doi:10.5061/dryad.hm74t/2?show=full HTTP/1.1" 200 6755 "-" "Mozilla/5.0 (compatible; Googlebot/2.1; +http://www.google.com/bot.html)" 816643 "-" "United States_DC_Washington"
198.185.25.201 - - [28/Mar/2014:09:02:52 -0400] "GET /widgets/bannerForPub?referrer=Elsevier&pubId=doi:10.1016/S0006-3207(98)00128-1 HTTP/1.1" 200 42 "-" "Java/1.6.0_29" 12482 "-" "United States_OH_Miamisburg"
93.62.191.82 - - [28/Mar/2014:09:02:53 -0400] "GET /pages/members HTTP/1.1" 301 324 "-" "Mozilla/4.0 (compatible; MSIE 8.0; Windows NT 6.1; WOW64; Trident/4.0; SLCC2; .NET CLR 2.0.50727; .NET CLR 3.5.30729; .NET CLR 3.0.30729; Media Center PC 6.0; msn OptimizedIE8;ZHCN)" 93071 "-" "Italy_12_Cuneo"
93.62.191.82 - - [28/Mar/2014:09:02:54 -0400] "GET /pages/membershipOverview HTTP/1.1" 200 24748 "-" "Mozilla/4.0 (compatible; MSIE 8.0; Windows NT 6.1; WOW64; Trident/4.0; SLCC2; .NET CLR 2.0.50727; .NET CLR 3.5.30729; .NET CLR 3.0.30729; Media Center PC 6.0; msn OptimizedIE8;ZHCN)" 549090 "-" "Italy_12_Cuneo"
173.245.54.247 - - [28/Mar/2014:09:02:53 -0400] "GET /resource/doi:10.5061/dryad.4f7n5/5 HTTP/1.1" 200 7567 "-" "Mozilla/5.0 (compatible; Googlebot/2.1; +http://www.google.com/bot.html)" 725378 "-" "United States_CA_San Francisco"
156.56.241.164 - - [28/Mar/2014:08:58:38 -0400] "GET /bitstream/handle/10255/dryad.54190/StarBEASTLog.log.txt?sequence=1 HTTP/1.1" 200 200388145 "-" "LOCKSS cache" 263737055 "-" "United States_IN_Bloomington"
207.24.130.100 - - [28/Mar/2014:09:03:02 -0400] "GET /widgets/bannerForPub?referrer=Elsevier&pubId=doi:10.1016/0006-3207(69)90170-0 HTTP/1.1" 200 42 "-" "Java/1.6.0_29" 12372 "-" "United States_OH_Miamisburg"
207.24.130.100 - - [28/Mar/2014:09:03:04 -0400] "GET /widgets/bannerForPub?referrer=Elsevier&pubId=doi:10.1016/j.bone.2004.11.012 HTTP/1.1" 200 42 "-" "Java/1.6.0_29" 11723 "-" "United States_OH_Miamisburg"
198.185.25.201 - - [28/Mar/2014:09:03:05 -0400] "GET /widgets/bannerForPub?referrer=Elsevier&pubId=doi:10.1016/j.molbiopara.2004.07.004 HTTP/1.1" 200 42 "-" "Java/1.6.0_29" 11968 "-" "United States_OH_Miamisburg"
207.24.130.100 - - [28/Mar/2014:09:03:09 -0400] "GET /widgets/bannerForPub?referrer=Elsevier&pubId=doi:10.1016/S0041-0101(00)00134-3 HTTP/1.1" 200 42 "-" "Java/1.6.0_29" 19507 "-" "United States_OH_Miamisburg"
173.245.63.146 - - [28/Mar/2014:09:03:09 -0400] "GET /resource/doi:10.5061/dryad.jm4d5/7 HTTP/1.1" 200 7492 "-" "Mozilla/5.0 (compatible; Googlebot/2.1; +http://www.google.com/bot.html)" 447365 "-" "United States_CA_San Francisco"
157.55.32.221 - - [28/Mar/2014:09:03:11 -0400] "GET /resource/doi:10.5061/dryad.2rm60/citation/bib HTTP/1.1" 200 286 "-" "Mozilla/5.0 (compatible; bingbot/2.0; +http://www.bing.com/bingbot.htm)" 27579 "-" "United States_WA_Redmond"
156.56.241.164 - - [28/Mar/2014:09:03:11 -0400] "GET /resource/doi:10.5061/dryad.6mh29/1 HTTP/1.1" 200 28875 "-" "LOCKSS cache" 863867 "-" "United States_IN_Bloomington"
207.24.130.100 - - [28/Mar/2014:09:03:14 -0400] "GET /widgets/bannerForPub?referrer=Elsevier&pubId=doi:10.1016/0277-3791(89)90021-8 HTTP/1.1" 200 42 "-" "Java/1.6.0_29" 12164 "-" "United States_OH_Miamisburg"
192.107.175.11 - - [28/Mar/2014:09:03:15 -0400] "GET /discover?query=%22Virtual+Inheritance%22&filtertype=*&filter=&rpp=100&sort_by=score&order=DESC&location=l2&submit=Update+results HTTP/1.1" 200 21626 "-" "Mozilla/5.0 (X11; U; Linux x86_64; en-US; rv:1.9.0.11) Gecko/2009060309 Ubuntu/9.04 (jaunty) Firefox/3.0.11" 504266 "-" "United States_TN_Knoxville"
66.249.75.114 - - [28/Mar/2014:09:03:20 -0400] "GET /resource/doi:10.5061/dryad.574r7?show=full HTTP/1.1" 200 7692 "-" "Mozilla/5.0 (compatible; Googlebot/2.1; +http://www.google.com/bot.html)" 1261474 "-" "United States_CA_Mountain View"
173.245.63.148 - - [28/Mar/2014:09:03:24 -0400] "GET /resource/doi:10.5061/dryad.jm4d5/2 HTTP/1.1" 200 7460 "-" "Mozilla/5.0 (compatible; Googlebot/2.1; +http://www.google.com/bot.html)" 482347 "-" "United States_CA_San Francisco"
198.185.25.201 - - [28/Mar/2014:09:03:27 -0400] "GET /widgets/bannerForPub?referrer=Elsevier&pubId=doi:10.1016/S0960-9822(00)00834-4 HTTP/1.1" 200 42 "-" "Java/1.6.0_29" 12352 "-" "United States_OH_Miamisburg"
157.56.92.158 - - [28/Mar/2014:09:03:32 -0400] "GET /handle/10255/dryad.7703 HTTP/1.1" 200 5357 "-" "Mozilla/5.0 (compatible; bingbot/2.0; +http://www.bing.com/bingbot.htm)" 329164 "-" "United States_WA_Redmond"
157.56.92.158 - - [28/Mar/2014:09:03:33 -0400] "GET /resource/doi:10.5061/dryad.2rm60?show=full HTTP/1.1" 200 7350 "-" "Mozilla/5.0 (compatible; bingbot/2.0; +http://www.bing.com/bingbot.htm)" 938953 "-" "United States_WA_Redmond"
198.185.25.201 - - [28/Mar/2014:09:03:35 -0400] "GET /widgets/bannerForPub?referrer=Elsevier&pubId=doi:10.1016/j.fishres.2013.12.014 HTTP/1.1" 200 42 "-" "Java/1.6.0_29" 302472 "-" "United States_OH_Miamisburg"
173.245.63.180 - - [28/Mar/2014:09:03:40 -0400] "GET /resource/doi:10.5061/dryad.jm4d5/6 HTTP/1.1" 200 7455 "-" "Mozilla/5.0 (compatible; Googlebot/2.1; +http://www.google.com/bot.html)" 562460 "-" "United States_CA_San Francisco"
207.24.130.100 - - [28/Mar/2014:09:03:46 -0400] "GET /widgets/bannerForPub?referrer=Elsevier&pubId=doi:10.1016/j.scitotenv.2012.08.090 HTTP/1.1" 200 42 "-" "Java/1.6.0_29" 126791 "-" "United States_OH_Miamisburg"
198.185.25.201 - - [28/Mar/2014:09:03:47 -0400] "GET /widgets/bannerForPub?referrer=Elsevier&pubId=doi:10.1016/j.envpol.2006.03.006 HTTP/1.1" 200 42 "-" "Java/1.6.0_29" 107069 "-" "United States_OH_Miamisburg"
207.24.130.100 - - [28/Mar/2014:09:03:51 -0400] "GET /widgets/bannerForPub?referrer=Elsevier&pubId=doi:10.1016/0003-3472(75)90087-1 HTTP/1.1" 200 42 "-" "Java/1.6.0_29" 75395 "-" "United States_OH_Miamisburg"
207.24.130.100 - - [28/Mar/2014:09:03:52 -0400] "GET /widgets/bannerForPub?referrer=Elsevier&pubId=doi:10.1016/j.scitotenv.2005.08.046 HTTP/1.1" 200 42 "-" "Java/1.6.0_29" 67760 "-" "United States_OH_Miamisburg"
173.245.56.246 - - [28/Mar/2014:09:03:56 -0400] "GET /resource/doi:10.5061/dryad.4f7n5/6 HTTP/1.1" 200 7552 "-" "Mozilla/5.0 (compatible; Googlebot/2.1; +http://www.google.com/bot.html)" 763060 "-" "United States_DC_Washington"
207.24.130.100 - - [28/Mar/2014:09:03:58 -0400] "GET /widgets/bannerForPub?referrer=Elsevier&pubId=doi:10.1016/j.toxicon.2010.06.021 HTTP/1.1" 200 42 "-" "Java/1.6.0_29" 134465 "-" "United States_OH_Miamisburg"
66.249.75.114 - - [28/Mar/2014:09:04:00 -0400] "GET /feed/atom_1.0/10255/3 HTTP/1.1" 304 - "-" "Mozilla/5.0 (compatible; Googlebot/2.1; +http://www.google.com/bot.html)" 200596 "102" "United States_CA_Mountain View"
173.245.54.247 - - [28/Mar/2014:09:04:00 -0400] "GET /resource/doi:10.5061/dryad.61f07/2?show=full HTTP/1.1" 200 8291 "-" "Mozilla/5.0 (compatible; Googlebot/2.1; +http://www.google.com/bot.html)" 879922 "-" "United States_CA_San Francisco"
67.159.80.249 - - [28/Mar/2014:09:03:55 -0400] "GET / HTTP/1.0" 200 103974 "-" "check_http/v1.4.16 (nagios-plugins 1.4.16)" 8722406 "-" "United States_NC_Durham"
202.46.55.28 - - [28/Mar/2014:09:04:00 -0400] "GET / HTTP/1.1" 200 103972 "-" "Mozilla/4.0 (compatible; MSIE 7.0; Windows NT 6.0)" 6618088 "-" "China_30_Shenzhen"
198.185.25.201 - - [28/Mar/2014:09:04:08 -0400] "GET /widgets/bannerForPub?referrer=Elsevier&pubId=doi:10.1016/j.soilbio.2006.12.010 HTTP/1.1" 200 42 "-" "Java/1.6.0_29" 66433 "-" "United States_OH_Miamisburg"
66.249.75.114 - - [28/Mar/2014:09:04:10 -0400] "GET /resource/doi:10.5061/dryad.7bc88/4 HTTP/1.1" 200 7693 "-" "Mozilla/5.0 (compatible; Googlebot/2.1; +http://www.google.com/bot.html)" 1001767 "-" "United States_CA_Mountain View"
173.245.56.244 - - [28/Mar/2014:09:04:11 -0400] "GET /resource/doi:10.5061/dryad.jm4d5/1 HTTP/1.1" 200 7450 "-" "Mozilla/5.0 (compatible; Googlebot/2.1; +http://www.google.com/bot.html)" 528408 "-" "United States_DC_Washington"
198.185.25.201 - - [28/Mar/2014:09:04:16 -0400] "GET /widgets/bannerForPub?referrer=Elsevier&pubId=doi:10.1016/S0048-9697(97)00178-2 HTTP/1.1" 200 42 "-" "Java/1.6.0_29" 101878 "-" "United States_OH_Miamisburg"
192.107.175.11 - - [28/Mar/2014:09:04:22 -0400] "GET /discover?query=%22na+web+pahttp%3A%22&filtertype=*&filter=&rpp=100&sort_by=score&order=DESC&location=l2&submit=Update+results HTTP/1.1" 200 21612 "-" "Mozilla/5.0 (X11; U; Linux x86_64; en-US; rv:1.9.0.11) Gecko/2009060309 Ubuntu/9.04 (jaunty) Firefox/3.0.11" 1236760 "-" "United States_TN_Knoxville"
173.245.56.247 - - [28/Mar/2014:09:04:27 -0400] "GET /resource/doi:10.5061/dryad.jm4d5/4 HTTP/1.1" 200 7461 "-" "Mozilla/5.0 (compatible; Googlebot/2.1; +http://www.google.com/bot.html)" 579624 "-" "United States_DC_Washington"
199.59.148.210 - - [28/Mar/2014:09:04:38 -0400] "GET /robots.txt HTTP/1.1" 200 649 "-" "Twitterbot/1.0" 345110 "-" "United States_CA_San Francisco"
173.245.56.244 - - [28/Mar/2014:09:04:42 -0400] "GET /resource/doi:10.5061/dryad.4f7n5/1 HTTP/1.1" 200 7527 "-" "Mozilla/5.0 (compatible; Googlebot/2.1; +http://www.google.com/bot.html)" 735684 "-" "United States_DC_Washington"
199.59.148.210 - - [28/Mar/2014:09:04:39 -0400] "GET / HTTP/1.1" 200 24227 "-" "Twitterbot/1.0" 4987858 "-" "United States_CA_San Francisco"
217.199.4.81 - - [28/Mar/2014:09:04:45 -0400] "GET /pages/faq HTTP/1.1" 200 14918 "http://www.google.it/url?sa=t&rct=j&q=&esrc=s&source=web&cd=1&ved=0CCoQFjAA&url=http%3A%2F%2Fdatadryad.org%2Fpages%2Ffaq&ei=Z3M1U47sLOiH4AS3vYHwCA&usg=AFQjCNEQeoGvqz4McFwwR1t1xjUXXloIeg&sig2=igpedOZdaPbJEPvpr4N7sQ&bvm=bv.63808443,d.bGQ" "Mozilla/5.0 (X11; Ubuntu; Linux x86_64; rv:28.0) Gecko/20100101 Firefox/28.0" 392171 "-" "Italy_-_-"
198.185.25.201 - - [28/Mar/2014:09:04:47 -0400] "GET /widgets/bannerForPub?referrer=Elsevier&pubId=doi:10.1016/j.micres.2009.08.001 HTTP/1.1" 200 42 "-" "Java/1.6.0_29" 201447 "-" "United States_OH_Miamisburg"
68.180.224.239 - - [28/Mar/2014:09:04:49 -0400] "GET /bitstream/handle/10255/dryad.54421/SpeciesNames.csv?sequence=1 HTTP/1.1" 200 865 "-" "Mozilla/5.0 (compatible; Yahoo! Slurp; http://help.yahoo.com/help/us/ysearch/slurp)" 206925 "-" "United States_CA_Sunnyvale"
207.24.130.100 - - [28/Mar/2014:09:04:50 -0400] "GET /widgets/bannerForPub?referrer=Elsevier&pubId=doi:10.1016/j.bone.2007.08.030 HTTP/1.1" 200 42 "-" "Java/1.6.0_29" 212929 "-" "United States_OH_Miamisburg"
207.24.130.100 - - [28/Mar/2014:09:04:54 -0400] "GET /widgets/bannerForPub?referrer=Elsevier&pubId=doi:10.1016/j.ympev.2010.11.001 HTTP/1.1" 200 42 "-" "Java/1.6.0_29" 112401 "-" "United States_OH_Miamisburg"
207.24.130.100 - - [28/Mar/2014:09:04:58 -0400] "GET /widgets/bannerForPub?referrer=Elsevier&pubId=doi:10.1016/j.sajb.2012.07.025 HTTP/1.1" 200 42 "-" "Java/1.6.0_29" 181862 "-" "United States_OH_Miamisburg"
173.245.56.242 - - [28/Mar/2014:09:04:58 -0400] "GET /resource/doi:10.5061/dryad.jm4d5/3 HTTP/1.1" 200 7461 "-" "Mozilla/5.0 (compatible; Googlebot/2.1; +http://www.google.com/bot.html)" 722628 "-" "United States_DC_Washington"
119.63.193.132 - - [28/Mar/2014:09:04:55 -0400] "GET / HTTP/1.1" 200 103972 "-" "Mozilla/4.0 (compatible; MSIE 7.0; Windows NT 6.0)" 5123729 "-" "Japan_40_Tokyo"
66.249.75.114 - - [28/Mar/2014:09:05:01 -0400] "GET /resource/doi:10.5061/dryad.v1s3s/1 HTTP/1.1" 304 - "-" "Mozilla/5.0 (compatible; Googlebot/2.1; +http://www.google.com/bot.html)" 278185 "-" "United States_CA_Mountain View"
66.249.75.10 - - [28/Mar/2014:09:05:02 -0400] "GET /share HTTP/1.1" 404 3931 "-" "Mozilla/5.0 (compatible; Googlebot/2.1; +http://www.google.com/bot.html)" 376708 "-" "United States_CA_Mountain View"
192.107.175.11 - - [28/Mar/2014:09:05:02 -0400] "GET /discover?query=%22netbsd%22&filtertype=*&filter=&rpp=100&sort_by=score&order=DESC&location=l2&submit=Update+results HTTP/1.1" 200 21574 "-" "Mozilla/5.0 (X11; U; Linux x86_64; en-US; rv:1.9.0.11) Gecko/2009060309 Ubuntu/9.04 (jaunty) Firefox/3.0.11" 524325 "-" "United States_TN_Knoxville"
66.249.75.114 - - [28/Mar/2014:09:05:03 -0400] "GET /share HTTP/1.1" 404 3931 "-" "Mozilla/5.0 (compatible; Googlebot/2.1; +http://www.google.com/bot.html)" 90720 "-" "United States_CA_Mountain View"
66.249.75.114 - - [28/Mar/2014:09:05:04 -0400] "GET /handle/10255/dryad.40291?show=full HTTP/1.1" 200 8795 "-" "Mozilla/5.0 (compatible; Googlebot/2.1; +http://www.google.com/bot.html)" 2544735 "-" "United States_CA_Mountain View"
128.214.205.190 - - [28/Mar/2014:09:05:06 -0400] "GET /feed/atom_1.0/10255/3 HTTP/1.1" 200 108145 "-" "User-Agent:Terkkobot/1.0" 769467 "2954" "Finland_13_Helsinki"
192.107.175.11 - - [28/Mar/2014:09:05:08 -0400] "GET /discover?query=%22Introduction+AND+to+AND+Part+AND+II%3A+AND+Institutional+AND+Theory+AND+in+AND+International+AND+Business+AND+Management%22&filtertype=*&filter=&rpp=100&sort_by=score&order=DESC&location=l2&submit=Update+results HTTP/1.1" 200 22028 "-" "Mozilla/5.0 (X11; U; Linux x86_64; en-US; rv:1.9.0.11) Gecko/2009060309 Ubuntu/9.04 (jaunty) Firefox/3.0.11" 1822464 "-" "United States_TN_Knoxville"
207.24.130.100 - - [28/Mar/2014:09:05:12 -0400] "GET /widgets/bannerForPub?referrer=Elsevier&pubId=doi:10.1016/j.scitotenv.2006.11.029 HTTP/1.1" 200 42 "-" "Java/1.6.0_29" 92709 "-" "United States_OH_Miamisburg"
207.24.130.100 - - [28/Mar/2014:09:05:13 -0400] "GET /widgets/bannerForPub?referrer=Elsevier&pubId=doi:10.1016/S0929-1393(97)00003-6 HTTP/1.1" 200 42 "-" "Java/1.6.0_29" 222909 "-" "United States_OH_Miamisburg"
173.245.63.168 - - [28/Mar/2014:09:05:13 -0400] "GET /resource/doi:10.5061/dryad.4f7n5/3 HTTP/1.1" 200 7543 "-" "Mozilla/5.0 (compatible; Googlebot/2.1; +http://www.google.com/bot.html)" 1631107 "-" "United States_CA_San Francisco"
199.59.148.210 - - [28/Mar/2014:09:05:21 -0400] "GET /robots.txt HTTP/1.1" 200 649 "-" "Twitterbot/1.0" 154518 "-" "United States_CA_San Francisco"
199.59.148.210 - - [28/Mar/2014:09:05:21 -0400] "GET / HTTP/1.1" 200 24231 "-" "Twitterbot/1.0" 7867904 "-" "United States_CA_San Francisco"
173.245.63.186 - - [28/Mar/2014:09:05:29 -0400] "GET /resource/doi:10.5061/dryad.jm4d5/5 HTTP/1.1" 200 7423 "-" "Mozilla/5.0 (compatible; Googlebot/2.1; +http://www.google.com/bot.html)" 868545 "-" "United States_CA_San Francisco"
207.24.130.100 - - [28/Mar/2014:09:05:31 -0400] "GET /widgets/bannerForPub?referrer=Elsevier&pubId=doi:10.1016/j.jtbi.2012.12.027 HTTP/1.1" 200 42 "-" "Java/1.6.0_29" 195864 "-" "United States_OH_Miamisburg"
207.24.130.100 - - [28/Mar/2014:09:05:33 -0400] "GET /widgets/bannerForPub?referrer=Elsevier&pubId=doi:10.1016/0041-0101(89)90133-5 HTTP/1.1" 200 42 "-" "Java/1.6.0_29" 12373 "-" "United States_OH_Miamisburg"
192.107.175.11 - - [28/Mar/2014:09:05:34 -0400] "GET /discover?query=%22gene+16s+rdna+klebsiella+pneumoniae%22&filtertype=*&filter=&rpp=100&sort_by=score&order=DESC&location=l2&submit=Update+results HTTP/1.1" 200 21690 "-" "Mozilla/5.0 (X11; U; Linux x86_64; en-US; rv:1.9.0.11) Gecko/2009060309 Ubuntu/9.04 (jaunty) Firefox/3.0.11" 1653712 "-" "United States_TN_Knoxville"
132.230.1.31 - - [28/Mar/2014:09:05:33 -0400] "GET /resource/doi:10.5061/dryad.298qm HTTP/1.1" 200 11136 "https://www.google.de/" "Mozilla/5.0 (Windows NT 6.1; WOW64) AppleWebKit/537.36 (KHTML, like Gecko) Chrome/33.0.1750.154 Safari/537.36" 2695988 "-" "Germany_01_Freiburg"
192.107.175.11 - - [28/Mar/2014:09:05:42 -0400] "GET /discover?query=%22team+AND+conflict%22&filtertype=*&filter=&rpp=100&sort_by=score&order=DESC&location=l2&submit=Update+results HTTP/1.1" 200 21618 "-" "Mozilla/5.0 (X11; U; Linux x86_64; en-US; rv:1.9.0.11) Gecko/2009060309 Ubuntu/9.04 (jaunty) Firefox/3.0.11" 778010 "-" "United States_TN_Knoxville"
173.245.56.242 - - [28/Mar/2014:09:05:44 -0400] "GET /resource/doi:10.5061/dryad.jk42p/1 HTTP/1.1" 200 7484 "-" "Mozilla/5.0 (compatible; Googlebot/2.1; +http://www.google.com/bot.html)" 554865 "-" "United States_DC_Washington"
66.249.75.114 - - [28/Mar/2014:09:05:51 -0400] "GET /resource/doi:10.5061/dryad.h11h7/7 HTTP/1.1" 304 - "-" "Mozilla/5.0 (compatible; Googlebot/2.1; +http://www.google.com/bot.html)" 222787 "-" "United States_CA_Mountain View"
192.107.175.11 - - [28/Mar/2014:09:05:56 -0400] "GET /discover?query=%22Objective+Self-Awareness+Theory%3A+Recent+Progress+AND+Enduring+Problemss%22&filtertype=*&filter=&rpp=100&sort_by=score&order=DESC&location=l2&submit=Update+results HTTP/1.1" 200 21840 "-" "Mozilla/5.0 (X11; U; Linux x86_64; en-US; rv:1.9.0.11) Gecko/2009060309 Ubuntu/9.04 (jaunty) Firefox/3.0.11" 1101079 "-" "United States_TN_Knoxville"
192.107.175.11 - - [28/Mar/2014:09:06:00 -0400] "GET /discover?query=%22Objective+Self-Awareness+Theory%3A+Recent+Progress+AND+Enduring+Problems%22&filtertype=*&filter=&rpp=100&sort_by=score&order=DESC&location=l2&submit=Update+results HTTP/1.1" 200 21836 "-" "Mozilla/5.0 (X11; U; Linux x86_64; en-US; rv:1.9.0.11) Gecko/2009060309 Ubuntu/9.04 (jaunty) Firefox/3.0.11" 379022 "-" "United States_TN_Knoxville"
217.199.4.81 - - [28/Mar/2014:09:06:00 -0400] "GET /pages/integratedJournals HTTP/1.1" 200 7806 "http://datadryad.org/pages/faq" "Mozilla/5.0 (X11; Ubuntu; Linux x86_64; rv:28.0) Gecko/20100101 Firefox/28.0" 420418 "-" "Italy_-_-"
173.245.54.243 - - [28/Mar/2014:09:06:00 -0400] "GET /resource/doi:10.5061/dryad.94jt2?show=full HTTP/1.1" 200 8182 "-" "Mozilla/5.0 (compatible; Googlebot/2.1; +http://www.google.com/bot.html)" 732660 "-" "United States_CA_San Francisco"
198.185.25.201 - - [28/Mar/2014:09:06:01 -0400] "GET /widgets/bannerForPub?referrer=Elsevier&pubId=doi:10.1016/j.cub.2005.10.025 HTTP/1.1" 200 42 "-" "Java/1.6.0_29" 31228 "-" "United States_OH_Miamisburg"
207.24.130.100 - - [28/Mar/2014:09:06:10 -0400] "GET /widgets/bannerForPub?referrer=Elsevier&pubId=doi:10.1016/0038-0717(77)90047-5 HTTP/1.1" 200 42 "-" "Java/1.6.0_29" 12214 "-" "United States_OH_Miamisburg"
107.170.58.201 - - [28/Mar/2014:09:06:14 -0400] "GET /feed/atom_1.0/10255/3 HTTP/1.1" 304 - "-" "Feedbin - 1 subscribers" 148890 "3022" "United States_NY_New York"
192.107.175.11 - - [28/Mar/2014:09:06:15 -0400] "GET /discover?query=%22pualu+haba+bandar%22&filtertype=*&filter=&rpp=100&sort_by=score&order=DESC&location=l2&submit=Update+results HTTP/1.1" 200 21618 "-" "Mozilla/5.0 (X11; U; Linux x86_64; en-US; rv:1.9.0.11) Gecko/2009060309 Ubuntu/9.04 (jaunty) Firefox/3.0.11" 537419 "-" "United States_TN_Knoxville"
198.185.25.201 - - [28/Mar/2014:09:06:16 -0400] "GET /widgets/bannerForPub?referrer=Elsevier&pubId=doi:10.1016/j.ecolind.2011.07.014 HTTP/1.1" 200 42 "-" "Java/1.6.0_29" 80896 "-" "United States_OH_Miamisburg"
173.245.56.245 - - [28/Mar/2014:09:06:15 -0400] "GET /resource/doi:10.5061/dryad.4f7n5?show=full HTTP/1.1" 200 8370 "-" "Mozilla/5.0 (compatible; Googlebot/2.1; +http://www.google.com/bot.html)" 855396 "-" "United States_DC_Washington"
207.24.130.100 - - [28/Mar/2014:09:06:17 -0400] "GET /widgets/bannerForPub?referrer=Elsevier&pubId=doi:10.1016/j.ympev.2013.09.022 HTTP/1.1" 200 42 "-" "Java/1.6.0_29" 52896 "-" "United States_OH_Miamisburg"
198.185.25.201 - - [28/Mar/2014:09:06:21 -0400] "GET /widgets/bannerForPub?referrer=Elsevier&pubId=doi:10.1016/j.fgb.2010.09.005 HTTP/1.1" 200 42 "-" "Java/1.6.0_29" 21818 "-" "United States_OH_Miamisburg"
198.185.25.201 - - [28/Mar/2014:09:06:21 -0400] "GET /widgets/bannerForPub?referrer=Elsevier&pubId=doi:10.1016/0048-9697(86)90253-6 HTTP/1.1" 200 42 "-" "Java/1.6.0_29" 14467 "-" "United States_OH_Miamisburg"
64.134.231.76 - - [28/Mar/2014:09:06:21 -0400] "GET /resource/doi:10.5061/dryad.7384037h HTTP/1.1" 200 9123 "http://nlab.usc.edu/Projects.html" "Mozilla/5.0 (Windows NT 6.1; WOW64; rv:28.0) Gecko/20100101 Firefox/28.0" 1119555 "-" "United States_CA_-"
198.185.25.201 - - [28/Mar/2014:09:06:27 -0400] "GET /widgets/bannerForPub?referrer=Elsevier&pubId=doi:10.1016/S0960-9822(95)00239-9 HTTP/1.1" 200 42 "-" "Java/1.6.0_29" 35440 "-" "United States_OH_Miamisburg"
207.24.130.100 - - [28/Mar/2014:09:06:28 -0400] "GET /widgets/bannerForPub?referrer=Elsevier&pubId=doi:10.1016/j.cub.2011.07.020 HTTP/1.1" 200 42 "-" "Java/1.6.0_29" 47223 "-" "United States_OH_Miamisburg"
173.245.63.148 - - [28/Mar/2014:09:06:31 -0400] "GET /resource/doi:10.5061/dryad.jm4d5?show=full HTTP/1.1" 200 9460 "-" "Mozilla/5.0 (compatible; Googlebot/2.1; +http://www.google.com/bot.html)" 759517 "-" "United States_CA_San Francisco"
207.24.130.100 - - [28/Mar/2014:09:06:33 -0400] "GET /widgets/bannerForPub?referrer=Elsevier&pubId=doi:10.1016/j.cbd.2013.06.003 HTTP/1.1" 200 42 "-" "Java/1.6.0_29" 11828 "-" "United States_OH_Miamisburg"
207.24.130.100 - - [28/Mar/2014:09:06:37 -0400] "GET /widgets/bannerForPub?referrer=Elsevier&pubId=doi:10.1016/j.biopsycho.2010.08.005 HTTP/1.1" 200 42 "-" "Java/1.6.0_29" 12122 "-" "United States_OH_Miamisburg"
66.249.75.114 - - [28/Mar/2014:09:06:42 -0400] "GET /resource/doi:10.5061/dryad.h11h7/5 HTTP/1.1" 304 - "-" "Mozilla/5.0 (compatible; Googlebot/2.1; +http://www.google.com/bot.html)" 101138 "-" "United States_CA_Mountain View"
74.86.158.107 - - [28/Mar/2014:09:06:41 -0400] "GET / HTTP/1.1" 200 103972 "-" "Mozilla/5.0+(compatible; UptimeRobot/2.0; http://www.uptimerobot.com/)" 3444460 "-" "United States_TX_Dallas"
173.245.63.192 - - [28/Mar/2014:09:06:47 -0400] "GET /resource/doi:10.5061/dryad.jk42p?show=full HTTP/1.1" 200 8243 "-" "Mozilla/5.0 (compatible; Googlebot/2.1; +http://www.google.com/bot.html)" 363659 "-" "United States_CA_San Francisco"
192.107.175.11 - - [28/Mar/2014:09:06:51 -0400] "GET /discover?query=%22KiWEJfDuwmzxJrCEl%22+%22WWBsRxbmOSjkFJxbUh%22+gwykgwxnm&filtertype=*&filter=&rpp=100&sort_by=score&order=DESC&location=l2&submit=Update+results HTTP/1.1" 200 21764 "-" "Mozilla/5.0 (X11; U; Linux x86_64; en-US; rv:1.9.0.11) Gecko/2009060309 Ubuntu/9.04 (jaunty) Firefox/3.0.11" 856978 "-" "United States_TN_Knoxville"
192.107.175.11 - - [28/Mar/2014:09:06:51 -0400] "GET /discover?query=%22effect+stress+ossidative+broiler%22&filtertype=*&filter=&rpp=100&sort_by=score&order=DESC&location=l2&submit=Update+results HTTP/1.1" 200 21678 "-" "Mozilla/5.0 (X11; U; Linux x86_64; en-US; rv:1.9.0.11) Gecko/2009060309 Ubuntu/9.04 (jaunty) Firefox/3.0.11" 744173 "-" "United States_TN_Knoxville"
198.185.25.201 - - [28/Mar/2014:09:06:52 -0400] "GET /widgets/bannerForPub?referrer=Elsevier&pubId=doi:10.1016/j.jtbi.2010.01.016 HTTP/1.1" 200 42 "-" "Java/1.6.0_29" 17567 "-" "United States_OH_Miamisburg"
157.55.32.221 - - [28/Mar/2014:09:06:52 -0400] "GET /resource/doi:10.5061/dryad.8108 HTTP/1.1" 200 9070 "-" "Mozilla/5.0 (compatible; bingbot/2.0; +http://www.bing.com/bingbot.htm)" 900809 "-" "United States_WA_Redmond"
156.56.241.164 - - [28/Mar/2014:09:03:16 -0400] "GET /bitstream/handle/10255/dryad.54191/StarBEASTLog.species.trees?sequence=1 HTTP/1.1" 200 149346663 "-" "LOCKSS cache" 217593916 "-" "United States_IN_Bloomington"
207.24.130.100 - - [28/Mar/2014:09:06:53 -0400] "GET /widgets/bannerForPub?referrer=Elsevier&pubId=doi:10.1016/j.ijpara.2013.12.002 HTTP/1.1" 200 42 "-" "Java/1.6.0_29" 12080 "-" "United States_OH_Miamisburg"
66.249.75.114 - - [28/Mar/2014:09:06:54 -0400] "GET /bitstream/handle/10255/dryad.49947/199771_803.g.tif?sequence=1 HTTP/1.1" 304 - "-" "Googlebot-Image/1.0" 103062 "-" "United States_CA_Mountain View"
202.46.48.208 - - [28/Mar/2014:09:06:53 -0400] "GET /resource/doi:10.5061/dryad.619gd/2 HTTP/1.1" 200 29194 "-" "Mozilla/5.0 (Windows NT 6.1; WOW64; rv:22.0) Gecko/20100101 Firefox/22.0" 1272736 "-" "China_30_Shenzhen"
67.159.80.249 - - [28/Mar/2014:09:06:55 -0400] "GET / HTTP/1.0" 200 103972 "-" "check_http/v1.4.16 (nagios-plugins 1.4.16)" 2682792 "-" "United States_NC_Durham"
173.245.54.241 - - [28/Mar/2014:09:07:02 -0400] "GET /resource/doi:10.5061/dryad.jk42p/citation/ris HTTP/1.1" 200 1146 "-" "Mozilla/5.0 (compatible; Googlebot/2.1; +http://www.google.com/bot.html)" 41691 "-" "United States_CA_San Francisco"
207.24.130.100 - - [28/Mar/2014:09:07:03 -0400] "GET /widgets/bannerForPub?referrer=Elsevier&pubId=doi:10.1016/S0041-0101(01)00150-7 HTTP/1.1" 200 42 "-" "Java/1.6.0_29" 45343 "-" "United States_OH_Miamisburg"
156.56.241.164 - - [28/Mar/2014:09:07:02 -0400] "GET /resource/doi:10.5061/dryad.6mh29/2 HTTP/1.1" 200 28902 "-" "LOCKSS cache" 759332 "-" "United States_IN_Bloomington"
68.180.224.239 - - [28/Mar/2014:09:07:07 -0400] "GET /resource/doi:10.5061/dryad.mk471?show=full HTTP/1.1" 200 11491 "-" "Mozilla/5.0 (compatible; Yahoo! Slurp; http://help.yahoo.com/help/us/ysearch/slurp)" 1674903 "-" "United States_CA_Sunnyvale"
64.134.231.76 - - [28/Mar/2014:09:07:12 -0400] "GET /resource/doi:10.5061/dryad.9063 HTTP/1.1" 200 8232 "http://nlab.usc.edu/Projects.html" "Mozilla/5.0 (Windows NT 6.1; WOW64; rv:28.0) Gecko/20100101 Firefox/28.0" 934494 "-" "United States_CA_-"
180.76.5.149 - - [28/Mar/2014:09:07:15 -0400] "GET /robots.txt HTTP/1.1" 200 649 "-" "Mozilla/5.0 (Windows NT 5.1; rv:6.0.2) Gecko/20100101 Firefox/6.0.2" 61292 "-" "China_22_Beijing"
156.56.241.164 - - [28/Mar/2014:09:07:17 -0400] "GET /bitstream/handle/10255/dryad.54192/StarBEASTLog.xml?sequence=1 HTTP/1.1" 200 144105 "-" "LOCKSS cache" 171012 "-" "United States_IN_Bloomington"
173.245.54.245 - - [28/Mar/2014:09:07:18 -0400] "GET /resource/doi:10.5061/dryad.rv313/citation/ris HTTP/1.1" 200 955 "-" "Mozilla/5.0 (compatible; Googlebot/2.1; +http://www.google.com/bot.html)" 33169 "-" "United States_CA_San Francisco"
156.56.241.164 - - [28/Mar/2014:09:07:18 -0400] "GET /resource/doi:10.5061/dryad.6mh29/3 HTTP/1.1" 200 28878 "-" "LOCKSS cache" 439312 "-" "United States_IN_Bloomington"
198.185.25.201 - - [28/Mar/2014:09:07:24 -0400] "GET /widgets/bannerForPub?referrer=Elsevier&pubId=doi:10.1016/S0169-5347(99)01756-5 HTTP/1.1" 200 42 "-" "Java/1.6.0_29" 38072 "-" "United States_OH_Miamisburg"
156.56.241.164 - - [28/Mar/2014:09:07:27 -0400] "GET /bitstream/handle/10255/dryad.54284/16S_CognettiaMAFFT.nex.con?sequence=1 HTTP/1.1" 200 4178 "-" "LOCKSS cache" 72889 "-" "United States_IN_Bloomington"
66.249.75.114 - - [28/Mar/2014:09:07:32 -0400] "GET /resource/doi:10.5061/dryad.h11h7/8 HTTP/1.1" 304 - "-" "Mozilla/5.0 (compatible; Googlebot/2.1; +http://www.google.com/bot.html)" 55374 "-" "United States_CA_Mountain View"
173.245.56.245 - - [28/Mar/2014:09:07:33 -0400] "GET /resource/doi:10.5061/dryad.jk42p/citation/bib HTTP/1.1" 200 323 "-" "Mozilla/5.0 (compatible; Googlebot/2.1; +http://www.google.com/bot.html)" 44066 "-" "United States_DC_Washington"
207.24.130.100 - - [28/Mar/2014:09:07:37 -0400] "GET /widgets/bannerForPub?referrer=Elsevier&pubId=doi:10.1016/j.biocon.2009.02.006 HTTP/1.1" 200 42 "-" "Java/1.6.0_29" 10613 "-" "United States_OH_Miamisburg"
198.185.25.201 - - [28/Mar/2014:09:07:37 -0400] "GET /widgets/bannerForPub?referrer=Elsevier&pubId=doi:10.1016/S0047-2484(85)80030-0 HTTP/1.1" 200 42 "-" "Java/1.6.0_29" 23998 "-" "United States_OH_Miamisburg"
217.199.4.81 - - [28/Mar/2014:09:07:38 -0400] "GET /favicon.ico HTTP/1.1" 200 1150 "-" "Mozilla/5.0 (X11; Ubuntu; Linux x86_64; rv:28.0) Gecko/20100101 Firefox/28.0" 53733 "-" "Italy_-_-"
207.24.130.100 - - [28/Mar/2014:09:07:40 -0400] "GET /widgets/bannerForPub?referrer=Elsevier&pubId=doi:10.1006/anbe.1999.1191 HTTP/1.1" 200 42 "-" "Java/1.6.0_29" 24119 "-" "United States_OH_Miamisburg"
156.56.241.164 - - [28/Mar/2014:09:07:40 -0400] "GET /resource/doi:10.5061/dryad.6mh29/5 HTTP/1.1" 200 29027 "-" "LOCKSS cache" 667784 "-" "United States_IN_Bloomington"
156.56.241.164 - - [28/Mar/2014:09:07:41 -0400] "GET /bitstream/handle/10255/dryad.54285/COI_cognettia.nex.con?sequence=1 HTTP/1.1" 200 8692 "-" "LOCKSS cache" 51262 "-" "United States_IN_Bloomington"
207.24.130.100 - - [28/Mar/2014:09:07:48 -0400] "GET /widgets/bannerForPub?referrer=Elsevier&pubId=doi:10.1016/j.virusres.2010.09.015 HTTP/1.1" 200 42 "-" "Java/1.6.0_29" 11670 "-" "United States_OH_Miamisburg"
68.55.5.204 - - [28/Mar/2014:09:07:48 -0400] "GET /resource/doi:10.5061/dryad.45157 HTTP/1.1" 200 8783 "-" "Mozilla/5.0 (iPhone; U; CPU iPhone OS 4_0 like Mac OS X; en-us) AppleWebKit/532.9 (KHTML, like Gecko) Version/4.0.5 Mobile/8A293 Safari/6531.22.7" 726652 "-" "United States_DC_Washington"
173.245.63.186 - - [28/Mar/2014:09:07:49 -0400] "GET /resource/doi:10.5061/dryad.4f7n5/citation/bib HTTP/1.1" 200 315 "-" "Mozilla/5.0 (compatible; Googlebot/2.1; +http://www.google.com/bot.html)" 58225 "-" "United States_CA_San Francisco"
156.56.241.164 - - [28/Mar/2014:09:07:50 -0400] "GET /resource/doi:10.5061/dryad.6mh29/4 HTTP/1.1" 200 29007 "-" "LOCKSS cache" 687831 "-" "United States_IN_Bloomington"
199.59.148.209 - - [28/Mar/2014:09:07:50 -0400] "GET / HTTP/1.1" 200 24228 "-" "Twitterbot/1.0" 2165768 "-" "United States_CA_San Francisco"
207.24.130.100 - - [28/Mar/2014:09:07:55 -0400] "GET /widgets/bannerForPub?referrer=Elsevier&pubId=doi:10.1016/j.jtbi.2004.11.025 HTTP/1.1" 200 42 "-" "Java/1.6.0_29" 102106 "-" "United States_OH_Miamisburg"
156.56.241.164 - - [28/Mar/2014:09:07:55 -0400] "GET /bitstream/handle/10255/dryad.54286/H3_Congettia.nex.con?sequence=1 HTTP/1.1" 200 3522 "-" "LOCKSS cache" 124322 "-" "United States_IN_Bloomington"
192.107.175.11 - - [28/Mar/2014:09:07:55 -0400] "GET /discover?query=%22qBxlqPaUHCWMsVxjCWl%22+%22wImSPTYyPdvnwrAl%22+iqmfxsqz&filtertype=*&filter=&rpp=100&sort_by=score&order=DESC&location=l2&submit=Update+results HTTP/1.1" 200 21760 "-" "Mozilla/5.0 (X11; U; Linux x86_64; en-US; rv:1.9.0.11) Gecko/2009060309 Ubuntu/9.04 (jaunty) Firefox/3.0.11" 806754 "-" "United States_TN_Knoxville"
156.56.241.164 - - [28/Mar/2014:09:08:00 -0400] "GET /resource/doi:10.5061/dryad.6mh29/6 HTTP/1.1" 200 28998 "-" "LOCKSS cache" 440145 "-" "United States_IN_Bloomington"
173.245.63.147 - - [28/Mar/2014:09:08:05 -0400] "GET /resource/doi:10.5061/dryad.94jt2/citation/ris HTTP/1.1" 200 1047 "-" "Mozilla/5.0 (compatible; Googlebot/2.1; +http://www.google.com/bot.html)" 37447 "-" "United States_CA_San Francisco"
156.56.241.164 - - [28/Mar/2014:09:08:05 -0400] "GET /bitstream/handle/10255/dryad.54287/ITS_CognettiaMAFFT.nex.con?sequence=1 HTTP/1.1" 200 4094 "-" "LOCKSS cache" 51584 "-" "United States_IN_Bloomington"
207.24.130.100 - - [28/Mar/2014:09:08:10 -0400] "GET /widgets/bannerForPub?referrer=Elsevier&pubId=doi:10.1016/j.fishres.2012.02.019 HTTP/1.1" 200 42 "-" "Java/1.6.0_29" 43495 "-" "United States_OH_Miamisburg"
157.55.32.221 - - [28/Mar/2014:09:08:11 -0400] "GET /resource/doi:10.5061/dryad.2rm60/citation/bib HTTP/1.1" 200 286 "-" "Mozilla/5.0 (compatible; bingbot/2.0; +http://www.bing.com/bingbot.htm)" 39363 "-" "United States_WA_Redmond"
156.56.241.164 - - [28/Mar/2014:09:08:15 -0400] "GET /resource/doi:10.5061/dryad.6mh29/7 HTTP/1.1" 200 29027 "-" "LOCKSS cache" 695851 "-" "United States_IN_Bloomington"
