178.33.179.34 - - [28/Mar/2014:09:08:15 -0400] "GET /robots.txt HTTP/1.1" 200 649 "-" "Mozilla/5.0 (Windows NT 6.1) AppleWebKit/535.11 (KHTML, like Gecko) Chrome/17.0.963.79 Safari/535.11" 82312 "-" "France_-_-"
157.55.32.221 - - [28/Mar/2014:09:08:14 -0400] "GET /?field=dc.contributor.author_filter&starts_with_dc.contributor.author_filter=w HTTP/1.1" 200 24254 "-" "Mozilla/5.0 (compatible; bingbot/2.0; +http://www.bing.com/bingbot.htm)" 2022587 "-" "United States_WA_Redmond"
198.185.25.201 - - [28/Mar/2014:09:08:16 -0400] "GET /widgets/bannerForPub?referrer=Elsevier&pubId=doi:10.1016/j.quascirev.2014.02.003 HTTP/1.1" 200 42 "-" "Java/1.6.0_29" 11596 "-" "United States_OH_Miamisburg"
50.142.205.67 - - [28/Mar/2014:09:08:18 -0400] "GET /resource/doi:10.5061/dryad.jt2b5/1 HTTP/1.1" 200 7314 "http://www.google.com/url?sa=t&rct=j&q=&esrc=s&source=web&cd=3&ved=0CDIQFjAC&url=http%3A%2F%2Fdatadryad.org%2Fresource%2Fdoi%3A10.5061%2Fdryad.jt2b5%2F1&ei=OnQ1U6vkEYOnsATq5oDYCg&usg=AFQjCNGdcNWiioMOCMAkSuYsBALpC2Z6TA&bvm=bv.63808443,d.cWc" "Mozilla/5.0 (Macintosh; Intel Mac OS X 10_9_2) AppleWebKit/537.74.9 (KHTML, like Gecko) Version/7.0.2 Safari/537.74.9" 546246 "-" "United States_TN_Powell"
156.56.241.164 - - [28/Mar/2014:09:08:19 -0400] "GET /bitstream/handle/10255/dryad.54288/16S_CognettiaMAFFT.nex.mcmc?sequence=1 HTTP/1.1" 200 2149485 "-" "LOCKSS cache" 511932 "-" "United States_IN_Bloomington"
108.162.222.207 - - [28/Mar/2014:09:08:18 -0400] "GET /bitstream/handle/10255/dryad.59085/Appendix%205mito_FINAL2.pdf?sequence=1 HTTP/1.1" 200 1154339 "-" "Mozilla/5.0 (Windows NT 5.1; rv:6.0.2) Gecko/20100101 Firefox/6.0.2" 1764250 "-" "United States_CA_San Francisco"
173.245.63.174 - - [28/Mar/2014:09:08:21 -0400] "GET /resource/doi:10.5061/dryad.rv313/citation/bib HTTP/1.1" 200 272 "-" "Mozilla/5.0 (compatible; Googlebot/2.1; +http://www.google.com/bot.html)" 32830 "-" "United States_CA_San Francisco"
192.107.175.11 - - [28/Mar/2014:09:08:22 -0400] "GET /discover?query=%22SCCC+General+Procedures%22&filtertype=*&filter=&rpp=100&sort_by=score&order=DESC&location=l2&submit=Update+results HTTP/1.1" 200 21642 "-" "Mozilla/5.0 (X11; U; Linux x86_64; en-US; rv:1.9.0.11) Gecko/2009060309 Ubuntu/9.04 (jaunty) Firefox/3.0.11" 379093 "-" "United States_TN_Knoxville"
66.249.75.114 - - [28/Mar/2014:09:08:23 -0400] "GET /resource/doi:10.5061/dryad.h11h7/1 HTTP/1.1" 304 - "-" "Mozilla/5.0 (compatible; Googlebot/2.1; +http://www.google.com/bot.html)" 107907 "-" "United States_CA_Mountain View"
207.24.130.100 - - [28/Mar/2014:09:08:24 -0400] "GET /widgets/bannerForPub?referrer=Elsevier&pubId=doi:10.1016/j.jtbi.2009.09.021 HTTP/1.1" 200 42 "-" "Java/1.6.0_29" 40065 "-" "United States_OH_Miamisburg"
156.56.241.164 - - [28/Mar/2014:09:08:24 -0400] "GET /resource/doi:10.5061/dryad.6mh29/8 HTTP/1.1" 200 28981 "-" "LOCKSS cache" 466546 "-" "United States_IN_Bloomington"
137.222.85.36 - - [28/Mar/2014:07:38:31 -0400] "GET /handle/10255/3/submit?journalID=JPALEO&manu=13-085R1 HTTP/1.1" 500 600 "https://datadryad.org/password-login" "Mozilla/5.0 (Windows NT 6.1; WOW64; rv:23.0) Gecko/20100101 Firefox/23.0" 5400186954 "-" "United Kingdom_B7_Bristol"
156.56.241.164 - - [28/Mar/2014:09:08:29 -0400] "GET /bitstream/handle/10255/dryad.54289/COI_cognettia.nex.mcmc?sequence=1 HTTP/1.1" 200 3049627 "-" "LOCKSS cache" 4208781 "-" "United States_IN_Bloomington"
192.107.175.11 - - [28/Mar/2014:09:08:34 -0400] "GET /discover?query=%22carbon+tetrachloride%2C+TUNEL%22&filtertype=*&filter=&rpp=100&sort_by=score&order=DESC&location=l2&submit=Update+results HTTP/1.1" 200 21664 "-" "Mozilla/5.0 (X11; U; Linux x86_64; en-US; rv:1.9.0.11) Gecko/2009060309 Ubuntu/9.04 (jaunty) Firefox/3.0.11" 428570 "-" "United States_TN_Knoxville"
173.245.54.244 - - [28/Mar/2014:09:08:36 -0400] "GET /resource/doi:10.5061/dryad.jm4d5/citation/ris HTTP/1.1" 200 1601 "-" "Mozilla/5.0 (compatible; Googlebot/2.1; +http://www.google.com/bot.html)" 27854 "-" "United States_CA_San Francisco"
156.56.241.164 - - [28/Mar/2014:09:08:38 -0400] "GET /resource/doi:10.5061/dryad.6mh29/9 HTTP/1.1" 200 28961 "-" "LOCKSS cache" 597724 "-" "United States_IN_Bloomington"
207.24.130.100 - - [28/Mar/2014:09:08:39 -0400] "GET /widgets/bannerForPub?referrer=Elsevier&pubId=doi:10.1016/j.toxicon.2014.01.003 HTTP/1.1" 200 42 "-" "Java/1.6.0_29" 11272 "-" "United States_OH_Miamisburg"
156.56.241.164 - - [28/Mar/2014:09:08:43 -0400] "GET /bitstream/handle/10255/dryad.54290/H3_Congettia.nex.mcmc?sequence=1 HTTP/1.1" 200 2509553 "-" "LOCKSS cache" 370203 "-" "United States_IN_Bloomington"
94.228.34.210 - - [28/Mar/2014:09:08:41 -0400] "GET /feed/atom_1.0/10255/3 HTTP/1.1" 200 34108 "-" "magpie-crawler/1.1 (U; Linux amd64; en-GB; +http://www.brandwatch.net)" 1858136 "-" "United Kingdom_-_-"
198.185.25.201 - - [28/Mar/2014:09:08:44 -0400] "GET /widgets/bannerForPub?referrer=Elsevier&pubId=doi:10.1016/S0929-1393(01)00175-5 HTTP/1.1" 200 42 "-" "Java/1.6.0_29" 12054 "-" "United States_OH_Miamisburg"
157.55.32.221 - - [28/Mar/2014:09:08:47 -0400] "GET /handle/10255/dryad.33712 HTTP/1.1" 200 8353 "-" "Mozilla/5.0 (compatible; bingbot/2.0; +http://www.bing.com/bingbot.htm)" 846660 "-" "United States_WA_Redmond"
156.56.241.164 - - [28/Mar/2014:09:08:47 -0400] "GET /resource/doi:10.5061/dryad.6mh29/10 HTTP/1.1" 200 28956 "-" "LOCKSS cache" 545467 "-" "United States_IN_Bloomington"
198.185.25.201 - - [28/Mar/2014:09:08:50 -0400] "GET /widgets/bannerForPub?referrer=Elsevier&pubId=doi:10.1016/S0929-1393(02)00128-2 HTTP/1.1" 200 42 "-" "Java/1.6.0_29" 12954 "-" "United States_OH_Miamisburg"
198.185.25.201 - - [28/Mar/2014:09:08:50 -0400] "GET /widgets/bannerForPub?referrer=Elsevier&pubId=doi:10.1016/j.envpol.2011.06.017 HTTP/1.1" 200 42 "-" "Java/1.6.0_29" 12306 "-" "United States_OH_Miamisburg"
173.245.56.241 - - [28/Mar/2014:09:08:52 -0400] "GET /resource/doi:10.5061/dryad.jm4d5/citation/bib HTTP/1.1" 200 306 "-" "Mozilla/5.0 (compatible; Googlebot/2.1; +http://www.google.com/bot.html)" 23317 "-" "United States_DC_Washington"
156.56.241.164 - - [28/Mar/2014:09:08:53 -0400] "GET /bitstream/handle/10255/dryad.54291/ITS_CognettiaMAFFT.nex.mcmc?sequence=1 HTTP/1.1" 200 2149485 "-" "LOCKSS cache" 363781 "-" "United States_IN_Bloomington"
157.55.32.87 - - [28/Mar/2014:09:08:56 -0400] "GET /resource/doi:10.5061/dryad.5cn79808 HTTP/1.1" 200 8137 "-" "Mozilla/5.0 (compatible; bingbot/2.0; +http://www.bing.com/bingbot.htm)" 1527275 "-" "United States_WA_Redmond"
157.55.32.87 - - [28/Mar/2014:09:08:57 -0400] "GET /resource/doi:10.5061/dryad.tt208 HTTP/1.1" 200 8741 "-" "Mozilla/5.0 (compatible; bingbot/2.0; +http://www.bing.com/bingbot.htm)" 1405512 "-" "United States_WA_Redmond"
192.107.175.11 - - [28/Mar/2014:09:08:59 -0400] "GET /discover?query=%22%E9%BC%BB%E4%B8%AD%E8%86%88%22&filtertype=*&filter=&rpp=100&sort_by=score&order=DESC&location=l2&submit=Update+results HTTP/1.1" 200 21651 "-" "Mozilla/5.0 (X11; U; Linux x86_64; en-US; rv:1.9.0.11) Gecko/2009060309 Ubuntu/9.04 (jaunty) Firefox/3.0.11" 317765 "-" "United States_TN_Knoxville"
192.107.175.11 - - [28/Mar/2014:09:08:58 -0400] "GET /discover?query=%22%E9%BC%BB%E4%B8%AD%E8%86%88%22&filtertype=*&filter=&rpp=100&sort_by=score&order=DESC&location=l2&submit=Update+results HTTP/1.1" 200 21653 "-" "Mozilla/5.0 (X11; U; Linux x86_64; en-US; rv:1.9.0.11) Gecko/2009060309 Ubuntu/9.04 (jaunty) Firefox/3.0.11" 1382811 "-" "United States_TN_Knoxville"
192.107.175.11 - - [28/Mar/2014:09:08:59 -0400] "GET /discover?query=%22effect+stress+ossidative+on+broiler%22&filtertype=*&filter=&rpp=100&sort_by=score&order=DESC&location=l2&submit=Update+results HTTP/1.1" 200 21690 "-" "Mozilla/5.0 (X11; U; Linux x86_64; en-US; rv:1.9.0.11) Gecko/2009060309 Ubuntu/9.04 (jaunty) Firefox/3.0.11" 351600 "-" "United States_TN_Knoxville"
157.55.32.87 - - [28/Mar/2014:09:08:59 -0400] "GET /resource/doi:10.5061/dryad.gg6qk/1 HTTP/1.1" 200 7809 "-" "Mozilla/5.0 (compatible; bingbot/2.0; +http://www.bing.com/bingbot.htm)" 883923 "-" "United States_WA_Redmond"
157.55.32.87 - - [28/Mar/2014:09:09:00 -0400] "GET /resource/doi:10.5061/dryad.234d8/1 HTTP/1.1" 200 6990 "-" "Mozilla/5.0 (compatible; bingbot/2.0; +http://www.bing.com/bingbot.htm)" 476244 "-" "United States_WA_Redmond"
157.55.32.87 - - [28/Mar/2014:09:09:00 -0400] "GET /resource/doi:10.5061/dryad.85q50/4 HTTP/1.1" 200 7441 "-" "Mozilla/5.0 (compatible; bingbot/2.0; +http://www.bing.com/bingbot.htm)" 596957 "-" "United States_WA_Redmond"
156.56.241.164 - - [28/Mar/2014:09:09:03 -0400] "GET /resource/doi:10.5061/dryad.6mh29/11 HTTP/1.1" 200 28985 "-" "LOCKSS cache" 585606 "-" "United States_IN_Bloomington"
207.24.130.100 - - [28/Mar/2014:09:09:06 -0400] "GET /widgets/bannerForPub?referrer=Elsevier&pubId=doi:10.1016/j.virusres.2012.11.003 HTTP/1.1" 200 42 "-" "Java/1.6.0_29" 108164 "-" "United States_OH_Miamisburg"
207.24.130.100 - - [28/Mar/2014:09:09:08 -0400] "GET /widgets/bannerForPub?referrer=Elsevier&pubId=doi:10.1016/j.fishres.2009.09.018 HTTP/1.1" 200 42 "-" "Java/1.6.0_29" 24178 "-" "United States_OH_Miamisburg"
156.56.241.164 - - [28/Mar/2014:09:09:08 -0400] "GET /bitstream/handle/10255/dryad.54292/16S_CognettiaMAFFT.nex?sequence=1 HTTP/1.1" 200 23778 "-" "LOCKSS cache" 65758 "-" "United States_IN_Bloomington"
173.245.56.242 - - [28/Mar/2014:09:09:09 -0400] "GET /resource/doi:10.5061/dryad.94jt2/citation/bib HTTP/1.1" 200 246 "-" "Mozilla/5.0 (compatible; Googlebot/2.1; +http://www.google.com/bot.html)" 22214 "-" "United States_DC_Washington"
66.249.75.114 - - [28/Mar/2014:09:09:13 -0400] "GET /resource/doi:10.5061/dryad.qr92p/1?show=full HTTP/1.1" 200 6454 "-" "Mozilla/5.0 (compatible; Googlebot/2.1; +http://www.google.com/bot.html)" 853756 "-" "United States_CA_Mountain View"
156.56.241.164 - - [28/Mar/2014:09:09:14 -0400] "GET /resource/doi:10.5061/dryad.6mh29/12 HTTP/1.1" 200 28967 "-" "LOCKSS cache" 400656 "-" "United States_IN_Bloomington"
156.56.241.164 - - [28/Mar/2014:09:09:19 -0400] "GET /bitstream/handle/10255/dryad.54293/COI_Cognettia.nex?sequence=1 HTTP/1.1" 200 72011 "-" "LOCKSS cache" 130410 "-" "United States_IN_Bloomington"
192.107.175.11 - - [28/Mar/2014:09:09:20 -0400] "GET /discover?query=%22ftir+spectrometer+resolution%22&filtertype=*&filter=&rpp=100&sort_by=score&order=DESC&location=l2&submit=Update+results HTTP/1.1" 200 21662 "-" "Mozilla/5.0 (X11; U; Linux x86_64; en-US; rv:1.9.0.11) Gecko/2009060309 Ubuntu/9.04 (jaunty) Firefox/3.0.11" 469729 "-" "United States_TN_Knoxville"
207.24.130.100 - - [28/Mar/2014:09:09:21 -0400] "GET /widgets/bannerForPub?referrer=Elsevier&pubId=doi:10.1016/j.jhevol.2012.05.005 HTTP/1.1" 200 42 "-" "Java/1.6.0_29" 82279 "-" "United States_OH_Miamisburg"
207.24.130.100 - - [28/Mar/2014:09:09:21 -0400] "GET /widgets/bannerForPub?referrer=Elsevier&pubId=doi:10.1016/j.jtbi.2007.11.015 HTTP/1.1" 200 42 "-" "Java/1.6.0_29" 37135 "-" "United States_OH_Miamisburg"
156.56.241.164 - - [28/Mar/2014:09:09:24 -0400] "GET /resource/doi:10.5061/dryad.6mh29/13 HTTP/1.1" 200 28947 "-" "LOCKSS cache" 333542 "-" "United States_IN_Bloomington"
173.245.56.241 - - [28/Mar/2014:09:09:28 -0400] "GET /resource/doi:10.5061/dryad.4f7n5/citation/ris HTTP/1.1" 200 901 "-" "Mozilla/5.0 (compatible; Googlebot/2.1; +http://www.google.com/bot.html)" 44678 "-" "United States_DC_Washington"
156.56.241.164 - - [28/Mar/2014:09:09:29 -0400] "GET /bitstream/handle/10255/dryad.54294/H3_Congettia.nex?sequence=1 HTTP/1.1" 200 15092 "-" "LOCKSS cache" 42485 "-" "United States_IN_Bloomington"
192.107.175.11 - - [28/Mar/2014:09:09:31 -0400] "GET /discover?query=%22ysqmhtlYgpUvL%22+%22raaGWEYJMghlsEQM%22+jtfvuy&filtertype=*&filter=&rpp=100&sort_by=score&order=DESC&location=l2&submit=Update+results HTTP/1.1" 200 21728 "-" "Mozilla/5.0 (X11; U; Linux x86_64; en-US; rv:1.9.0.11) Gecko/2009060309 Ubuntu/9.04 (jaunty) Firefox/3.0.11" 669509 "-" "United States_TN_Knoxville"
156.56.241.164 - - [28/Mar/2014:09:09:35 -0400] "GET /resource/doi:10.5061/dryad.6mh29/14 HTTP/1.1" 200 28938 "-" "LOCKSS cache" 355066 "-" "United States_IN_Bloomington"
198.185.25.201 - - [28/Mar/2014:09:09:38 -0400] "GET /widgets/bannerForPub?referrer=Elsevier&pubId=doi:10.1016/j.cub.2010.03.043 HTTP/1.1" 200 42 "-" "Java/1.6.0_29" 35036 "-" "United States_OH_Miamisburg"
207.24.130.100 - - [28/Mar/2014:09:09:43 -0400] "GET /widgets/bannerForPub?referrer=Elsevier&pubId=doi:10.1016/j.soilbio.2012.08.012 HTTP/1.1" 200 42 "-" "Java/1.6.0_29" 42926 "-" "United States_OH_Miamisburg"
156.56.241.164 - - [28/Mar/2014:09:09:43 -0400] "GET /bitstream/handle/10255/dryad.54295/ITS_CognettiaMAFFT.nex?sequence=1 HTTP/1.1" 200 42579 "-" "LOCKSS cache" 69988 "-" "United States_IN_Bloomington"
207.24.130.100 - - [28/Mar/2014:09:09:45 -0400] "GET /widgets/bannerForPub?referrer=Elsevier&pubId=doi:10.1016/j.gene.2006.08.008 HTTP/1.1" 200 42 "-" "Java/1.6.0_29" 12948 "-" "United States_OH_Miamisburg"
156.56.241.164 - - [28/Mar/2014:09:09:48 -0400] "GET /resource/doi:10.5061/dryad.6mh29/15 HTTP/1.1" 200 28967 "-" "LOCKSS cache" 220540 "-" "United States_IN_Bloomington"
173.245.54.246 - - [28/Mar/2014:09:09:49 -0400] "GET /resource/doi:10.5061/dryad.4f7n5/6?show=full HTTP/1.1" 200 6466 "-" "Mozilla/5.0 (compatible; Googlebot/2.1; +http://www.google.com/bot.html)" 335518 "-" "United States_CA_San Francisco"
173.245.56.245 - - [28/Mar/2014:09:09:49 -0400] "GET /resource/doi:10.5061/dryad.4f7n5/2?show=full HTTP/1.1" 200 6519 "-" "Mozilla/5.0 (compatible; Googlebot/2.1; +http://www.google.com/bot.html)" 166301 "-" "United States_DC_Washington"
173.245.54.242 - - [28/Mar/2014:09:09:49 -0400] "GET /resource/doi:10.5061/dryad.jm4d5/4?show=full HTTP/1.1" 200 6342 "-" "Mozilla/5.0 (compatible; Googlebot/2.1; +http://www.google.com/bot.html)" 351239 "-" "United States_CA_San Francisco"
173.245.56.243 - - [28/Mar/2014:09:09:50 -0400] "GET /resource/doi:10.5061/dryad.jm4d5/2?show=full HTTP/1.1" 200 6341 "-" "Mozilla/5.0 (compatible; Googlebot/2.1; +http://www.google.com/bot.html)" 244795 "-" "United States_DC_Washington"
173.245.63.146 - - [28/Mar/2014:09:09:51 -0400] "GET /resource/doi:10.5061/dryad.4f7n5/4?show=full HTTP/1.1" 200 6506 "-" "Mozilla/5.0 (compatible; Googlebot/2.1; +http://www.google.com/bot.html)" 225476 "-" "United States_CA_San Francisco"
173.245.54.246 - - [28/Mar/2014:09:09:52 -0400] "GET /resource/doi:10.5061/dryad.rv313/1?show=full HTTP/1.1" 200 6623 "-" "Mozilla/5.0 (compatible; Googlebot/2.1; +http://www.google.com/bot.html)" 334126 "-" "United States_CA_San Francisco"
156.56.241.164 - - [28/Mar/2014:09:09:53 -0400] "GET /bitstream/handle/10255/dryad.54296/16S_CognettiaMAFFT.nex.run1.p?sequence=1 HTTP/1.1" 200 1239125 "-" "LOCKSS cache" 338812 "-" "United States_IN_Bloomington"
198.185.25.201 - - [28/Mar/2014:09:09:54 -0400] "GET /widgets/bannerForPub?referrer=Elsevier&pubId=doi:10.1016/j.tree.2014.01.008 HTTP/1.1" 200 42 "-" "Java/1.6.0_29" 25114 "-" "United States_OH_Miamisburg"
207.24.130.100 - - [28/Mar/2014:09:09:58 -0400] "GET /widgets/bannerForPub?referrer=Elsevier&pubId=doi:10.1016/j.cub.2010.06.029 HTTP/1.1" 200 42 "-" "Java/1.6.0_29" 46840 "-" "United States_OH_Miamisburg"
67.159.80.249 - - [28/Mar/2014:09:09:55 -0400] "GET / HTTP/1.0" 200 103972 "-" "check_http/v1.4.16 (nagios-plugins 1.4.16)" 4107563 "-" "United States_NC_Durham"
156.56.241.164 - - [28/Mar/2014:09:09:59 -0400] "GET /resource/doi:10.5061/dryad.6mh29/16 HTTP/1.1" 200 29003 "-" "LOCKSS cache" 271939 "-" "United States_IN_Bloomington"
192.107.175.11 - - [28/Mar/2014:09:10:04 -0400] "GET /discover?query=%22stress+ossidative+broiler%22&filtertype=*&filter=&rpp=100&sort_by=score&order=DESC&location=l2&submit=Update+results HTTP/1.1" 200 21650 "-" "Mozilla/5.0 (X11; U; Linux x86_64; en-US; rv:1.9.0.11) Gecko/2009060309 Ubuntu/9.04 (jaunty) Firefox/3.0.11" 751416 "-" "United States_TN_Knoxville"
173.245.63.192 - - [28/Mar/2014:09:10:05 -0400] "GET /resource/doi:10.5061/dryad.94jt2/1?show=full HTTP/1.1" 200 6726 "-" "Mozilla/5.0 (compatible; Googlebot/2.1; +http://www.google.com/bot.html)" 485191 "-" "United States_CA_San Francisco"
173.245.54.241 - - [28/Mar/2014:09:10:05 -0400] "GET /resource/doi:10.5061/dryad.4f7n5/3?show=full HTTP/1.1" 200 6462 "-" "Mozilla/5.0 (compatible; Googlebot/2.1; +http://www.google.com/bot.html)" 306811 "-" "United States_CA_San Francisco"
66.249.75.114 - - [28/Mar/2014:09:10:04 -0400] "GET /resource/doi:10.5061/dryad.j57c0/9?show=full HTTP/1.1" 200 6251 "-" "Mozilla/5.0 (compatible; Googlebot/2.1; +http://www.google.com/bot.html)" 1793001 "-" "United States_CA_Mountain View"
173.245.56.243 - - [28/Mar/2014:09:10:05 -0400] "GET /resource/doi:10.5061/dryad.jk42p/1?show=full HTTP/1.1" 200 6299 "-" "Mozilla/5.0 (compatible; Googlebot/2.1; +http://www.google.com/bot.html)" 293177 "-" "United States_DC_Washington"
173.245.63.146 - - [28/Mar/2014:09:10:06 -0400] "GET /resource/doi:10.5061/dryad.jm4d5/7?show=full HTTP/1.1" 200 6370 "-" "Mozilla/5.0 (compatible; Googlebot/2.1; +http://www.google.com/bot.html)" 247748 "-" "United States_CA_San Francisco"
173.245.63.192 - - [28/Mar/2014:09:10:07 -0400] "GET /resource/doi:10.5061/dryad.jm4d5/3?show=full HTTP/1.1" 200 6342 "-" "Mozilla/5.0 (compatible; Googlebot/2.1; +http://www.google.com/bot.html)" 201612 "-" "United States_CA_San Francisco"
207.24.130.100 - - [28/Mar/2014:09:10:09 -0400] "GET /widgets/bannerForPub?referrer=Elsevier&pubId=doi:10.1016/0301-0511(73)90010-0 HTTP/1.1" 200 42 "-" "Java/1.6.0_29" 18242 "-" "United States_OH_Miamisburg"
156.56.241.164 - - [28/Mar/2014:09:10:15 -0400] "GET /bitstream/handle/10255/dryad.54297/16S_CognettiaMAFFT.nex.run2.p?sequence=1 HTTP/1.1" 200 1239125 "-" "LOCKSS cache" 382504 "-" "United States_IN_Bloomington"
198.185.25.201 - - [28/Mar/2014:09:10:16 -0400] "GET /widgets/bannerForPub?referrer=Elsevier&pubId=doi:10.1016/0378-1119(87)90031-X HTTP/1.1" 200 42 "-" "Java/1.6.0_29" 40778 "-" "United States_OH_Miamisburg"
156.56.241.164 - - [28/Mar/2014:09:10:16 -0400] "GET /resource/doi:10.5061/dryad.6mh29/17 HTTP/1.1" 200 29003 "-" "LOCKSS cache" 296898 "-" "United States_IN_Bloomington"
173.245.63.168 - - [28/Mar/2014:09:10:21 -0400] "GET /resource/doi:10.5061/dryad.jm4d5/1?show=full HTTP/1.1" 200 6334 "-" "Mozilla/5.0 (compatible; Googlebot/2.1; +http://www.google.com/bot.html)" 241604 "-" "United States_CA_San Francisco"
173.245.54.246 - - [28/Mar/2014:09:10:21 -0400] "GET /resource/doi:10.5061/dryad.jm4d5/5?show=full HTTP/1.1" 200 6308 "-" "Mozilla/5.0 (compatible; Googlebot/2.1; +http://www.google.com/bot.html)" 169256 "-" "United States_CA_San Francisco"
173.245.56.243 - - [28/Mar/2014:09:10:21 -0400] "GET /resource/doi:10.5061/dryad.4f7n5/1?show=full HTTP/1.1" 200 6442 "-" "Mozilla/5.0 (compatible; Googlebot/2.1; +http://www.google.com/bot.html)" 210243 "-" "United States_DC_Washington"
173.245.63.186 - - [28/Mar/2014:09:10:22 -0400] "GET /resource/doi:10.5061/dryad.jm4d5/6?show=full HTTP/1.1" 200 6340 "-" "Mozilla/5.0 (compatible; Googlebot/2.1; +http://www.google.com/bot.html)" 209497 "-" "United States_CA_San Francisco"
173.245.54.247 - - [28/Mar/2014:09:10:23 -0400] "GET /resource/doi:10.5061/dryad.4f7n5/5?show=full HTTP/1.1" 200 6481 "-" "Mozilla/5.0 (compatible; Googlebot/2.1; +http://www.google.com/bot.html)" 479858 "-" "United States_CA_San Francisco"
156.56.241.164 - - [28/Mar/2014:09:10:24 -0400] "GET /bitstream/handle/10255/dryad.54298/COI_cognettia.nex.run1.p?sequence=1 HTTP/1.1" 200 1962579 "-" "LOCKSS cache" 366778 "-" "United States_IN_Bloomington"
207.24.130.100 - - [28/Mar/2014:09:10:26 -0400] "GET /widgets/bannerForPub?referrer=Elsevier&pubId=doi:10.1006/jtbi.2003.3127 HTTP/1.1" 200 42 "-" "Java/1.6.0_29" 18259 "-" "United States_OH_Miamisburg"
137.222.85.36 - - [28/Mar/2014:07:40:29 -0400] "GET /handle/10255/3/submit?journalID=JPALEO&manu=13-085R1 HTTP/1.1" 500 600 "-" "Mozilla/5.0 (Windows NT 6.1; WOW64; rv:23.0) Gecko/20100101 Firefox/23.0" 5400110992 "-" "United Kingdom_B7_Bristol"
156.56.241.164 - - [28/Mar/2014:09:10:29 -0400] "GET /resource/doi:10.5061/dryad.6mh29/18 HTTP/1.1" 200 28983 "-" "LOCKSS cache" 401696 "-" "United States_IN_Bloomington"
157.56.92.158 - - [28/Mar/2014:09:10:31 -0400] "GET /resource/doi:10.5061/dryad.2rm60?show=full HTTP/1.1" 200 7350 "-" "Mozilla/5.0 (compatible; bingbot/2.0; +http://www.bing.com/bingbot.htm)" 624660 "-" "United States_WA_Redmond"
156.56.241.164 - - [28/Mar/2014:09:10:34 -0400] "GET /bitstream/handle/10255/dryad.54299/COI_cognettia.nex.run2.p?sequence=1 HTTP/1.1" 200 1959359 "-" "LOCKSS cache" 357427 "-" "United States_IN_Bloomington"
198.185.25.201 - - [28/Mar/2014:09:10:39 -0400] "GET /widgets/bannerForPub?referrer=Elsevier&pubId=doi:10.1016/j.bone.2013.06.029 HTTP/1.1" 200 42 "-" "Java/1.6.0_29" 224103 "-" "United States_OH_Miamisburg"
198.185.25.201 - - [28/Mar/2014:09:10:40 -0400] "GET /widgets/bannerForPub?referrer=Elsevier&pubId=doi:10.1016/j.scitotenv.2012.10.008 HTTP/1.1" 200 42 "-" "Java/1.6.0_29" 36035 "-" "United States_OH_Miamisburg"
207.24.130.100 - - [28/Mar/2014:09:10:41 -0400] "GET /widgets/bannerForPub?referrer=Elsevier&pubId=doi:10.1016/S1055-7903(03)00208-2 HTTP/1.1" 200 42 "-" "Java/1.6.0_29" 11731 "-" "United States_OH_Miamisburg"
156.56.241.164 - - [28/Mar/2014:09:10:43 -0400] "GET /resource/doi:10.5061/dryad.6mh29/19 HTTP/1.1" 200 28983 "-" "LOCKSS cache" 507410 "-" "United States_IN_Bloomington"
207.24.130.100 - - [28/Mar/2014:09:10:46 -0400] "GET /widgets/bannerForPub?referrer=Elsevier&pubId=doi:10.1016/j.yhbeh.2004.08.008 HTTP/1.1" 200 42 "-" "Java/1.6.0_29" 19243 "-" "United States_OH_Miamisburg"
156.56.241.164 - - [28/Mar/2014:09:10:47 -0400] "GET /bitstream/handle/10255/dryad.54300/H3_Congettia.nex.run1.p?sequence=1 HTTP/1.1" 200 2139362 "-" "LOCKSS cache" 360329 "-" "United States_IN_Bloomington"
192.107.175.11 - - [28/Mar/2014:09:10:50 -0400] "GET /discover?query=%22AcVihPzHofS%22+%22ZgFqbsRXVthmTZVJc%22+ojcbya&filtertype=*&filter=&rpp=100&sort_by=score&order=DESC&location=l2&submit=Update+results HTTP/1.1" 200 21724 "-" "Mozilla/5.0 (X11; U; Linux x86_64; en-US; rv:1.9.0.11) Gecko/2009060309 Ubuntu/9.04 (jaunty) Firefox/3.0.11" 818230 "-" "United States_TN_Knoxville"
156.56.241.164 - - [28/Mar/2014:09:10:52 -0400] "GET /resource/doi:10.5061/dryad.6mh29/20 HTTP/1.1" 200 28974 "-" "LOCKSS cache" 314624 "-" "United States_IN_Bloomington"
66.249.75.114 - - [28/Mar/2014:09:10:54 -0400] "GET /resource/doi:10.5061/dryad.sf40c/1 HTTP/1.1" 200 7553 "-" "Mozilla/5.0 (compatible; Googlebot/2.1; +http://www.google.com/bot.html)" 717324 "-" "United States_CA_Mountain View"
156.56.241.164 - - [28/Mar/2014:09:10:58 -0400] "GET /bitstream/handle/10255/dryad.54301/H3_Congettia.nex.run2.p?sequence=1 HTTP/1.1" 200 2139362 "-" "LOCKSS cache" 3811727 "-" "United States_IN_Bloomington"
207.24.130.100 - - [28/Mar/2014:09:11:02 -0400] "GET /widgets/bannerForPub?referrer=Elsevier&pubId=doi:10.1016/j.cub.2008.09.030 HTTP/1.1" 200 42 "-" "Java/1.6.0_29" 42106 "-" "United States_OH_Miamisburg"
198.185.25.201 - - [28/Mar/2014:09:11:02 -0400] "GET /widgets/bannerForPub?referrer=Elsevier&pubId=doi:10.1016/S0031-0182(99)00067-X HTTP/1.1" 200 42 "-" "Java/1.6.0_29" 12131 "-" "United States_OH_Miamisburg"
156.56.241.164 - - [28/Mar/2014:09:11:07 -0400] "GET /resource/doi:10.5061/dryad.6mh29/21 HTTP/1.1" 200 28974 "-" "LOCKSS cache" 487996 "-" "United States_IN_Bloomington"
156.56.241.164 - - [28/Mar/2014:09:11:11 -0400] "GET /bitstream/handle/10255/dryad.54302/ITS_CognettiaMAFFT.nex.run1.p?sequence=1 HTTP/1.1" 200 1239127 "-" "LOCKSS cache" 260758 "-" "United States_IN_Bloomington"
198.185.25.201 - - [28/Mar/2014:09:11:12 -0400] "GET /widgets/bannerForPub?referrer=Elsevier&pubId=doi:10.1016/S0960-9822(01)00399-2 HTTP/1.1" 200 42 "-" "Java/1.6.0_29" 11620 "-" "United States_OH_Miamisburg"
46.118.158.107 - - [28/Mar/2014:09:11:11 -0400] "GET /resource/doi:10.5061/dryad.c213h HTTP/1.1" 200 43753 "-" "-" 2242483 "-" "Ukraine_-_-"
156.56.241.164 - - [28/Mar/2014:09:11:16 -0400] "GET /resource/doi:10.5061/dryad.6mh29/22 HTTP/1.1" 200 29003 "-" "LOCKSS cache" 457010 "-" "United States_IN_Bloomington"
192.107.175.11 - - [28/Mar/2014:09:11:18 -0400] "GET /discover?query=%22Regulen%22&filtertype=*&filter=&rpp=100&sort_by=score&order=DESC&location=l2&submit=Update+results HTTP/1.1" 200 21578 "-" "Mozilla/5.0 (X11; U; Linux x86_64; en-US; rv:1.9.0.11) Gecko/2009060309 Ubuntu/9.04 (jaunty) Firefox/3.0.11" 464024 "-" "United States_TN_Knoxville"
207.24.130.100 - - [28/Mar/2014:09:11:22 -0400] "GET /widgets/bannerForPub?referrer=Elsevier&pubId=doi:10.1016/j.anbehav.2011.03.013 HTTP/1.1" 200 42 "-" "Java/1.6.0_29" 17104 "-" "United States_OH_Miamisburg"
66.249.75.114 - - [28/Mar/2014:09:11:25 -0400] "GET /handle/10255/dryad.37447?show=full HTTP/1.1" 304 - "-" "Mozilla/5.0 (iPhone; CPU iPhone OS 6_0 like Mac OS X) AppleWebKit/536.26 (KHTML, like Gecko) Version/6.0 Mobile/10A5376e Safari/8536.25 (compatible; Googlebot/2.1; +http://www.google.com/bot.html)" 96274 "-" "United States_CA_Mountain View"
156.56.241.164 - - [28/Mar/2014:09:11:26 -0400] "GET /bitstream/handle/10255/dryad.54303/ITS_CognettiaMAFFT.nex.run2.p?sequence=1 HTTP/1.1" 200 1239126 "-" "LOCKSS cache" 367331 "-" "United States_IN_Bloomington"
65.19.138.34 - - [28/Mar/2014:09:11:25 -0400] "GET /feed/rss_2.0/10255/3 HTTP/1.1" 304 - "-" "Feedly/1.0 (+http://www.feedly.com/fetcher.html; like FeedFetcher-Google)" 4347720 "-" "United States_CA_Fremont"
156.56.241.164 - - [28/Mar/2014:09:11:30 -0400] "GET /resource/doi:10.5061/dryad.6mh29/23 HTTP/1.1" 200 29003 "-" "LOCKSS cache" 300902 "-" "United States_IN_Bloomington"
157.55.32.221 - - [28/Mar/2014:09:11:32 -0400] "GET /resource/doi:10.5061/dryad.2pn66 HTTP/1.1" 200 8938 "-" "Mozilla/5.0 (compatible; bingbot/2.0; +http://www.bing.com/bingbot.htm)" 601305 "-" "United States_WA_Redmond"
173.245.48.206 - - [28/Mar/2014:09:11:33 -0400] "GET /resource/doi:10.5061/dryad.9025/citation/bib HTTP/1.1" 200 342 "-" "Mozilla/5.0 (compatible; EasouSpider; +http://www.easou.com/search/spider.html)" 6443 "-" "United States_CA_San Francisco"
198.185.25.201 - - [28/Mar/2014:09:11:36 -0400] "GET /widgets/bannerForPub?referrer=Elsevier&pubId=doi:10.1016/0048-9697(87)90533-X HTTP/1.1" 200 42 "-" "Java/1.6.0_29" 20791 "-" "United States_OH_Miamisburg"
156.56.241.164 - - [28/Mar/2014:09:11:36 -0400] "GET /bitstream/handle/10255/dryad.54304/16S_CognettiaMAFFT.nex.parts?sequence=1 HTTP/1.1" 200 20431 "-" "LOCKSS cache" 82983 "-" "United States_IN_Bloomington"
156.56.241.164 - - [28/Mar/2014:09:11:41 -0400] "GET /resource/doi:10.5061/dryad.6mh29/24 HTTP/1.1" 200 28994 "-" "LOCKSS cache" 335427 "-" "United States_IN_Bloomington"
192.107.175.11 - - [28/Mar/2014:09:11:42 -0400] "GET /discover?query=%22ZbjoSReUSVGYQroABM%22+%22HjHoQLCY%22+zpfxqoisrq&filtertype=*&filter=&rpp=100&sort_by=score&order=DESC&location=l2&submit=Update+results HTTP/1.1" 200 21732 "-" "Mozilla/5.0 (X11; U; Linux x86_64; en-US; rv:1.9.0.11) Gecko/2009060309 Ubuntu/9.04 (jaunty) Firefox/3.0.11" 734090 "-" "United States_TN_Knoxville"
74.86.158.107 - - [28/Mar/2014:09:11:41 -0400] "GET / HTTP/1.1" 200 103972 "-" "Mozilla/5.0+(compatible; UptimeRobot/2.0; http://www.uptimerobot.com/)" 4519635 "-" "United States_TX_Dallas"
66.249.75.114 - - [28/Mar/2014:09:11:45 -0400] "GET /resource/doi:10.5061/dryad.hd300/8?show=full HTTP/1.1" 200 6717 "-" "Mozilla/5.0 (compatible; Googlebot/2.1; +http://www.google.com/bot.html)" 1140046 "-" "United States_CA_Mountain View"
156.56.241.164 - - [28/Mar/2014:09:11:46 -0400] "GET /bitstream/handle/10255/dryad.54305/COI_cognettia.nex.parts?sequence=1 HTTP/1.1" 200 51250 "-" "LOCKSS cache" 72713 "-" "United States_IN_Bloomington"
156.56.241.164 - - [28/Mar/2014:09:11:52 -0400] "GET /resource/doi:10.5061/dryad.6mh29/25 HTTP/1.1" 200 28974 "-" "LOCKSS cache" 308396 "-" "United States_IN_Bloomington"
156.56.241.164 - - [28/Mar/2014:09:11:58 -0400] "GET /bitstream/handle/10255/dryad.54306/H3_Congettia.nex.parts?sequence=1 HTTP/1.1" 200 19256 "-" "LOCKSS cache" 68660 "-" "United States_IN_Bloomington"
202.46.49.129 - - [28/Mar/2014:09:12:02 -0400] "GET /resource/doi:10.5061/dryad.3f765/citation/bib HTTP/1.1" 200 462 "-" "Mozilla/5.0 (Windows NT 6.1; WOW64; rv:22.0) Gecko/20100101 Firefox/22.0" 80711 "-" "China_30_Shenzhen"
207.24.130.100 - - [28/Mar/2014:09:12:04 -0400] "GET /widgets/bannerForPub?referrer=Elsevier&pubId=doi:10.1016/0378-1119(89)90528-3 HTTP/1.1" 200 42 "-" "Java/1.6.0_29" 20394 "-" "United States_OH_Miamisburg"
198.185.25.201 - - [28/Mar/2014:09:12:04 -0400] "GET /widgets/bannerForPub?referrer=Elsevier&pubId=doi:10.1016/j.virusres.2013.03.011 HTTP/1.1" 200 42 "-" "Java/1.6.0_29" 25308 "-" "United States_OH_Miamisburg"
156.56.241.164 - - [28/Mar/2014:09:12:07 -0400] "GET /resource/doi:10.5061/dryad.6mh29/26 HTTP/1.1" 200 28965 "-" "LOCKSS cache" 413210 "-" "United States_IN_Bloomington"
192.107.175.11 - - [28/Mar/2014:09:12:06 -0400] "GET /discover?query=%22growth+hormone%22&filtertype=*&filter=&rpp=100&sort_by=score&order=DESC&location=l2&submit=Update+results HTTP/1.1" 200 71360 "-" "Mozilla/5.0 (X11; U; Linux x86_64; en-US; rv:1.9.0.11) Gecko/2009060309 Ubuntu/9.04 (jaunty) Firefox/3.0.11" 1612874 "-" "United States_TN_Knoxville"
207.24.130.100 - - [28/Mar/2014:09:12:08 -0400] "GET /widgets/bannerForPub?referrer=Elsevier&pubId=doi:10.1016/S0960-9822(00)00641-2 HTTP/1.1" 200 42 "-" "Java/1.6.0_29" 11816 "-" "United States_OH_Miamisburg"
156.56.241.164 - - [28/Mar/2014:09:12:13 -0400] "GET /bitstream/handle/10255/dryad.54307/ITS_CognettiaMAFFT.nex.parts?sequence=1 HTTP/1.1" 200 13348 "-" "LOCKSS cache" 62583 "-" "United States_IN_Bloomington"
207.24.130.100 - - [28/Mar/2014:09:12:16 -0400] "GET /widgets/bannerForPub?referrer=Elsevier&pubId=doi:10.1006/jtbi.1999.0921 HTTP/1.1" 200 42 "-" "Java/1.6.0_29" 21310 "-" "United States_OH_Miamisburg"
156.56.241.164 - - [28/Mar/2014:09:12:16 -0400] "GET /resource/doi:10.5061/dryad.6mh29/27 HTTP/1.1" 200 28994 "-" "LOCKSS cache" 348688 "-" "United States_IN_Bloomington"
192.107.175.11 - - [28/Mar/2014:09:12:17 -0400] "GET /discover?query=%22burkholderia+mallei%22&filtertype=*&filter=&rpp=100&sort_by=score&order=DESC&location=l2&submit=Update+results HTTP/1.1" 200 21626 "-" "Mozilla/5.0 (X11; U; Linux x86_64; en-US; rv:1.9.0.11) Gecko/2009060309 Ubuntu/9.04 (jaunty) Firefox/3.0.11" 465252 "-" "United States_TN_Knoxville"
156.56.241.164 - - [28/Mar/2014:09:12:22 -0400] "GET /bitstream/handle/10255/dryad.54308/16S_CognettiaMAFFT.nex.run1.t?sequence=1 HTTP/1.1" 200 10181631 "-" "LOCKSS cache" 5376641 "-" "United States_IN_Bloomington"
198.185.25.201 - - [28/Mar/2014:09:12:28 -0400] "GET /widgets/bannerForPub?referrer=Elsevier&pubId=doi:10.1016/j.bone.2012.05.009 HTTP/1.1" 200 42 "-" "Java/1.6.0_29" 11731 "-" "United States_OH_Miamisburg"
207.24.130.100 - - [28/Mar/2014:09:12:31 -0400] "GET /widgets/bannerForPub?referrer=Elsevier&pubId=doi:10.1016/j.cbd.2012.02.005 HTTP/1.1" 200 42 "-" "Java/1.6.0_29" 11429 "-" "United States_OH_Miamisburg"
157.55.32.221 - - [28/Mar/2014:09:12:33 -0400] "GET /bitstream/handle/10255/dryad.42463/Supplemental%20Dataset%2016.LincRNAs%20associated%20with%20smRNAs.xls?sequence=1 HTTP/1.1" 200 20666 "-" "Mozilla/5.0 (compatible; bingbot/2.0; +http://www.bing.com/bingbot.htm)" 131651 "-" "United States_WA_Redmond"
156.56.241.164 - - [28/Mar/2014:09:12:34 -0400] "GET /resource/doi:10.5061/dryad.6mh29/28 HTTP/1.1" 200 29003 "-" "LOCKSS cache" 448412 "-" "United States_IN_Bloomington"
207.24.130.100 - - [28/Mar/2014:09:12:35 -0400] "GET /widgets/bannerForPub?referrer=Elsevier&pubId=doi:10.1016/0038-0717(82)90112-2 HTTP/1.1" 200 42 "-" "Java/1.6.0_29" 42398 "-" "United States_OH_Miamisburg"
207.24.130.100 - - [28/Mar/2014:09:12:35 -0400] "GET /widgets/bannerForPub?referrer=Elsevier&pubId=doi:10.1016/j.scitotenv.2009.01.005 HTTP/1.1" 200 42 "-" "Java/1.6.0_29" 41660 "-" "United States_OH_Miamisburg"
66.249.75.69 - - [28/Mar/2014:09:12:35 -0400] "GET /resource/doi:10.5061/dryad.p25vn/4 HTTP/1.1" 200 29231 "-" "Mozilla/5.0 (compatible; Googlebot/2.1; +http://www.google.com/bot.html)" 762111 "-" "United States_CA_Mountain View"
173.245.62.246 - - [28/Mar/2014:09:12:38 -0400] "GET /resource/doi:10.5061/dryad.cq8bh HTTP/1.1" 200 8274 "-" "Mozilla/5.0 (Windows NT 6.1; WOW64; rv:22.0) Gecko/20100101 Firefox/22.0" 708228 "-" "United States_CA_San Francisco"
156.56.241.164 - - [28/Mar/2014:09:12:35 -0400] "GET /bitstream/handle/10255/dryad.54309/16S_CognettiaMAFFT.nex.run2.t?sequence=1 HTTP/1.1" 200 10181631 "-" "LOCKSS cache" 5322140 "-" "United States_IN_Bloomington"
156.56.241.164 - - [28/Mar/2014:09:12:41 -0400] "GET /resource/doi:10.5061/dryad.6mh29/29 HTTP/1.1" 200 29003 "-" "LOCKSS cache" 346259 "-" "United States_IN_Bloomington"
66.249.75.21 - - [28/Mar/2014:09:12:54 -0400] "GET /resource/doi:10.5061/dryad.c213h/1 HTTP/1.1" 304 - "-" "Mozilla/5.0 (compatible; Googlebot/2.1; +http://www.google.com/bot.html)" 150791 "-" "United States_CA_Mountain View"
198.185.25.201 - - [28/Mar/2014:09:12:55 -0400] "GET /widgets/bannerForPub?referrer=Elsevier&pubId=doi:10.1016/j.sajb.2007.05.009 HTTP/1.1" 200 42 "-" "Java/1.6.0_29" 34408 "-" "United States_OH_Miamisburg"
198.185.25.201 - - [28/Mar/2014:09:12:56 -0400] "GET /widgets/bannerForPub?referrer=Elsevier&pubId=doi:10.1006/jtbi.1994.1192 HTTP/1.1" 200 42 "-" "Java/1.6.0_29" 34294 "-" "United States_OH_Miamisburg"
67.159.80.249 - - [28/Mar/2014:09:12:55 -0400] "GET / HTTP/1.0" 200 103972 "-" "check_http/v1.4.16 (nagios-plugins 1.4.16)" 2520480 "-" "United States_NC_Durham"
157.55.32.221 - - [28/Mar/2014:09:12:53 -0400] "GET /?field=dc.contributor.author_filter&starts_with_dc.contributor.author_filter=o HTTP/1.1" 200 24197 "-" "Mozilla/5.0 (compatible; bingbot/2.0; +http://www.bing.com/bingbot.htm)" 3834916 "-" "United States_WA_Redmond"
207.24.130.100 - - [28/Mar/2014:09:12:58 -0400] "GET /widgets/bannerForPub?referrer=Elsevier&pubId=doi:10.1016/j.meegid.2006.07.006 HTTP/1.1" 200 42 "-" "Java/1.6.0_29" 63067 "-" "United States_OH_Miamisburg"
192.107.175.11 - - [28/Mar/2014:09:12:59 -0400] "GET /discover?query=%22paq%22&filtertype=*&filter=&rpp=100&sort_by=score&order=DESC&location=l2&submit=Update+results HTTP/1.1" 302 - "-" "Mozilla/5.0 (X11; U; Linux x86_64; en-US; rv:1.9.0.11) Gecko/2009060309 Ubuntu/9.04 (jaunty) Firefox/3.0.11" 686010 "-" "United States_TN_Knoxville"
198.185.25.201 - - [28/Mar/2014:09:13:05 -0400] "GET /widgets/bannerForPub?referrer=Elsevier&pubId=doi:10.1016/j.toxicon.2012.04.271 HTTP/1.1" 200 42 "-" "Java/1.6.0_29" 27544 "-" "United States_OH_Miamisburg"
192.107.175.11 - - [28/Mar/2014:09:13:00 -0400] "GET /resource/doi:10.5061/dryad.6jj614kh HTTP/1.1" 200 65835 "-" "Mozilla/5.0 (X11; U; Linux x86_64; en-US; rv:1.9.0.11) Gecko/2009060309 Ubuntu/9.04 (jaunty) Firefox/3.0.11" 6689771 "-" "United States_TN_Knoxville"
217.199.4.81 - - [28/Mar/2014:09:13:06 -0400] "GET /feedback HTTP/1.1" 200 5268 "http://datadryad.org/pages/faq" "Mozilla/5.0 (X11; Ubuntu; Linux x86_64; rv:28.0) Gecko/20100101 Firefox/28.0" 332947 "-" "Italy_-_-"
156.56.241.164 - - [28/Mar/2014:09:12:53 -0400] "GET /bitstream/handle/10255/dryad.54316/COI_cognettia.nex.run1.t?sequence=1 HTTP/1.1" 200 24045410 "-" "LOCKSS cache" 14312561 "-" "United States_IN_Bloomington"
207.24.130.100 - - [28/Mar/2014:09:13:10 -0400] "GET /widgets/bannerForPub?referrer=Elsevier&pubId=doi:10.1016/j.fgb.2006.06.003 HTTP/1.1" 200 42 "-" "Java/1.6.0_29" 11880 "-" "United States_OH_Miamisburg"
157.55.32.221 - - [28/Mar/2014:09:13:11 -0400] "GET /resource/doi:10.5061/dryad.2rm60/citation/bib HTTP/1.1" 200 286 "-" "Mozilla/5.0 (compatible; bingbot/2.0; +http://www.bing.com/bingbot.htm)" 19453 "-" "United States_WA_Redmond"
66.249.75.114 - - [28/Mar/2014:09:13:13 -0400] "GET /partners HTTP/1.1" 301 238 "-" "Mozilla/5.0 (compatible; Googlebot/2.1; +http://www.google.com/bot.html)" 57028 "-" "United States_CA_Mountain View"
66.249.75.114 - - [28/Mar/2014:09:13:13 -0400] "GET /robots.txt HTTP/1.1" 200 649 "-" "Mozilla/5.0 (compatible; Googlebot/2.1; +http://www.google.com/bot.html)" 11828 "-" "United States_CA_Mountain View"
66.249.75.114 - - [28/Mar/2014:09:13:13 -0400] "GET /pages/members HTTP/1.1" 301 247 "-" "Mozilla/5.0 (compatible; Googlebot/2.1; +http://www.google.com/bot.html)" 1854 "-" "United States_CA_Mountain View"
66.249.75.114 - - [28/Mar/2014:09:13:14 -0400] "GET /pages/membershipOverview HTTP/1.1" 200 6854 "-" "Mozilla/5.0 (compatible; Googlebot/2.1; +http://www.google.com/bot.html)" 184882 "-" "United States_CA_Mountain View"
192.107.175.11 - - [28/Mar/2014:09:13:11 -0400] "GET / HTTP/1.1" 200 103972 "-" "Jakarta Commons-HttpClient/3.1" 2969228 "-" "United States_TN_Knoxville"
66.249.75.114 - - [28/Mar/2014:09:13:15 -0400] "GET /handle/10255/dryad.33929 HTTP/1.1" 200 7900 "-" "Mozilla/5.0 (compatible; Googlebot/2.1; +http://www.google.com/bot.html)" 1178093 "-" "United States_CA_Mountain View"
156.56.241.164 - - [28/Mar/2014:09:13:15 -0400] "GET /resource/doi:10.5061/dryad.6mh29/30 HTTP/1.1" 200 28983 "-" "LOCKSS cache" 400044 "-" "United States_IN_Bloomington"
198.185.25.201 - - [28/Mar/2014:09:13:18 -0400] "GET /widgets/bannerForPub?referrer=Elsevier&pubId=doi:10.1006/anbe.2001.1743 HTTP/1.1" 200 42 "-" "Java/1.6.0_29" 67276 "-" "United States_OH_Miamisburg"
192.107.175.11 - - [28/Mar/2014:09:13:14 -0400] "GET /discover?query=africa&filtertype=*&filter=&rpp=100&sort_by=score&order=DESC&location=l2&submit=Update+results HTTP/1.1" 200 486584 "-" "Mozilla/5.0 (X11; U; Linux x86_64; en-US; rv:1.9.0.11) Gecko/2009060309 Ubuntu/9.04 (jaunty) Firefox/3.0.11" 3819817 "-" "United States_TN_Knoxville"
192.107.175.11 - - [28/Mar/2014:09:13:19 -0400] "GET /resource/doi:10.5061/dryad.1381 HTTP/1.1" 200 32781 "-" "Jakarta Commons-HttpClient/3.1" 1132145 "-" "United States_TN_Knoxville"
66.249.75.114 - - [28/Mar/2014:09:13:25 -0400] "GET /handle/10255/dryad.58486 HTTP/1.1" 200 8596 "-" "Mozilla/5.0 (compatible; Googlebot/2.1; +http://www.google.com/bot.html)" 846037 "-" "United States_CA_Mountain View"
207.24.130.100 - - [28/Mar/2014:09:13:31 -0400] "GET /widgets/bannerForPub?referrer=Elsevier&pubId=doi:10.1016/j.jhevol.2010.06.007 HTTP/1.1" 200 42 "-" "Java/1.6.0_29" 27904 "-" "United States_OH_Miamisburg"
198.185.25.201 - - [28/Mar/2014:09:13:36 -0400] "GET /widgets/bannerForPub?referrer=Elsevier&pubId=doi:10.1016/S0269-7491(99)00246-8 HTTP/1.1" 200 42 "-" "Java/1.6.0_29" 47079 "-" "United States_OH_Miamisburg"
207.24.130.100 - - [28/Mar/2014:09:13:36 -0400] "GET /widgets/bannerForPub?referrer=Elsevier&pubId=doi:10.1016/j.ecolind.2012.06.015 HTTP/1.1" 200 42 "-" "Java/1.6.0_29" 10866 "-" "United States_OH_Miamisburg"
198.185.25.201 - - [28/Mar/2014:09:13:36 -0400] "GET /widgets/bannerForPub?referrer=Elsevier&pubId=doi:10.1016/j.fgb.2009.06.009 HTTP/1.1" 200 42 "-" "Java/1.6.0_29" 32378 "-" "United States_OH_Miamisburg"
156.56.241.164 - - [28/Mar/2014:09:13:21 -0400] "GET /bitstream/handle/10255/dryad.54320/COI_cognettia.nex.run2.t?sequence=1 HTTP/1.1" 200 24045410 "-" "LOCKSS cache" 20281409 "-" "United States_IN_Bloomington"
207.24.130.100 - - [28/Mar/2014:09:13:44 -0400] "GET /widgets/bannerForPub?referrer=Elsevier&pubId=doi:10.1016/S0038-0717(01)00112-2 HTTP/1.1" 200 42 "-" "Java/1.6.0_29" 43376 "-" "United States_OH_Miamisburg"
192.107.175.11 - - [28/Mar/2014:09:13:43 -0400] "GET /discover?query=%22GIS%22&filtertype=*&filter=&rpp=100&sort_by=score&order=DESC&location=l2&submit=Update+results HTTP/1.1" 200 168215 "-" "Mozilla/5.0 (X11; U; Linux x86_64; en-US; rv:1.9.0.11) Gecko/2009060309 Ubuntu/9.04 (jaunty) Firefox/3.0.11" 1755288 "-" "United States_TN_Knoxville"
198.185.25.201 - - [28/Mar/2014:09:13:47 -0400] "GET /widgets/bannerForPub?referrer=Elsevier&pubId=doi:10.1016/j.meegid.2008.05.005 HTTP/1.1" 200 42 "-" "Java/1.6.0_29" 13985 "-" "United States_OH_Miamisburg"
156.56.241.164 - - [28/Mar/2014:09:13:47 -0400] "GET /resource/doi:10.5061/dryad.6mh29/31 HTTP/1.1" 200 28983 "-" "LOCKSS cache" 652479 "-" "United States_IN_Bloomington"
198.185.25.201 - - [28/Mar/2014:09:13:52 -0400] "GET /widgets/bannerForPub?referrer=Elsevier&pubId=doi:10.1016/S0960-9822(01)00631-5 HTTP/1.1" 200 42 "-" "Java/1.6.0_29" 12075 "-" "United States_OH_Miamisburg"
207.24.130.100 - - [28/Mar/2014:09:13:55 -0400] "GET /widgets/bannerForPub?referrer=Elsevier&pubId=doi:10.1006/anbe.2000.1537 HTTP/1.1" 200 42 "-" "Java/1.6.0_29" 23420 "-" "United States_OH_Miamisburg"
207.24.130.100 - - [28/Mar/2014:09:13:56 -0400] "GET /widgets/bannerForPub?referrer=Elsevier&pubId=doi:10.1016/j.quascirev.2004.10.005 HTTP/1.1" 200 42 "-" "Java/1.6.0_29" 20761 "-" "United States_OH_Miamisburg"
207.24.130.100 - - [28/Mar/2014:09:13:59 -0400] "GET /widgets/bannerForPub?referrer=Elsevier&pubId=doi:10.1016/j.anbehav.2004.12.012 HTTP/1.1" 200 42 "-" "Java/1.6.0_29" 12020 "-" "United States_OH_Miamisburg"
156.56.241.164 - - [28/Mar/2014:09:13:55 -0400] "GET /bitstream/handle/10255/dryad.54328/H3_Congettia.nex.run1.t?sequence=1 HTTP/1.1" 200 9031261 "-" "LOCKSS cache" 5130773 "-" "United States_IN_Bloomington"
192.107.175.11 - - [28/Mar/2014:09:14:01 -0400] "GET /discover?query=%22cerevisiae+fermentation+product+biomass%22&filtertype=*&filter=&rpp=100&sort_by=score&order=DESC&location=l2&submit=Update+results HTTP/1.1" 200 21706 "-" "Mozilla/5.0 (X11; U; Linux x86_64; en-US; rv:1.9.0.11) Gecko/2009060309 Ubuntu/9.04 (jaunty) Firefox/3.0.11" 781652 "-" "United States_TN_Knoxville"
207.24.130.100 - - [28/Mar/2014:09:14:02 -0400] "GET /widgets/bannerForPub?referrer=Elsevier&pubId=doi:10.1016/S0960-9822(06)00403-9 HTTP/1.1" 200 42 "-" "Java/1.6.0_29" 17843 "-" "United States_OH_Miamisburg"
207.24.130.100 - - [28/Mar/2014:09:14:04 -0400] "GET /widgets/bannerForPub?referrer=Elsevier&pubId=doi:10.1016/j.toxicon.2012.08.016 HTTP/1.1" 200 42 "-" "Java/1.6.0_29" 14801 "-" "United States_OH_Miamisburg"
192.107.175.11 - - [28/Mar/2014:09:14:04 -0400] "GET /discover?query=%22NLRWGKrYB%22+%22QIJkAqUGogJYdrMCgt%22+pcyzmyt&filtertype=*&filter=&rpp=100&sort_by=score&order=DESC&location=l2&submit=Update+results HTTP/1.1" 200 21724 "-" "Mozilla/5.0 (X11; U; Linux x86_64; en-US; rv:1.9.0.11) Gecko/2009060309 Ubuntu/9.04 (jaunty) Firefox/3.0.11" 669293 "-" "United States_TN_Knoxville"
156.56.241.164 - - [28/Mar/2014:09:14:05 -0400] "GET /resource/doi:10.5061/dryad.6mh29/32 HTTP/1.1" 200 28974 "-" "LOCKSS cache" 583053 "-" "United States_IN_Bloomington"
207.24.130.100 - - [28/Mar/2014:09:14:09 -0400] "GET /widgets/bannerForPub?referrer=Elsevier&pubId=doi:10.1006/jtbi.1996.0359 HTTP/1.1" 200 42 "-" "Java/1.6.0_29" 14891 "-" "United States_OH_Miamisburg"
157.56.92.158 - - [28/Mar/2014:09:14:13 -0400] "GET /resource/doi:10.5061/dryad.2rm60?show=full HTTP/1.1" 200 7350 "-" "Mozilla/5.0 (compatible; bingbot/2.0; +http://www.bing.com/bingbot.htm)" 680393 "-" "United States_WA_Redmond"
192.107.175.11 - - [28/Mar/2014:09:14:15 -0400] "GET /discover?query=%22parathyroid+gland+function%2C+Pejakov%22&filtertype=*&filter=&rpp=100&sort_by=score&order=DESC&location=l2&submit=Update+results HTTP/1.1" 200 21696 "-" "Mozilla/5.0 (X11; U; Linux x86_64; en-US; rv:1.9.0.11) Gecko/2009060309 Ubuntu/9.04 (jaunty) Firefox/3.0.11" 446948 "-" "United States_TN_Knoxville"
66.249.75.114 - - [28/Mar/2014:09:14:16 -0400] "GET /resource/doi:10.5061/dryad.s3031/1?show=full HTTP/1.1" 200 6647 "-" "Mozilla/5.0 (compatible; Googlebot/2.1; +http://www.google.com/bot.html)" 609444 "-" "United States_CA_Mountain View"
132.235.227.240 - - [28/Mar/2014:09:14:20 -0400] "GET /resource/doi:10.5061/dryad.c09b0 HTTP/1.1" 200 8086 "-" "Mozilla/5.0 (Macintosh; Intel Mac OS X 10_9_2) AppleWebKit/537.74.9 (KHTML, like Gecko) Version/7.0.2 Safari/537.74.9" 965081 "-" "United States_OH_Athens"
198.185.25.201 - - [28/Mar/2014:09:14:23 -0400] "GET /widgets/bannerForPub?referrer=Elsevier&pubId=doi:10.1016/0041-0101(79)90217-4 HTTP/1.1" 200 42 "-" "Java/1.6.0_29" 47036 "-" "United States_OH_Miamisburg"
192.107.175.11 - - [28/Mar/2014:09:14:24 -0400] "GET /discover?query=%22netbsd%22&filtertype=*&filter=&rpp=100&sort_by=score&order=DESC&location=l2&submit=Update+results HTTP/1.1" 200 21574 "-" "Mozilla/5.0 (X11; U; Linux x86_64; en-US; rv:1.9.0.11) Gecko/2009060309 Ubuntu/9.04 (jaunty) Firefox/3.0.11" 323073 "-" "United States_TN_Knoxville"
207.24.130.100 - - [28/Mar/2014:09:14:27 -0400] "GET /widgets/bannerForPub?referrer=Elsevier&pubId=doi:10.1016/j.palaeo.2005.05.012 HTTP/1.1" 200 42 "-" "Java/1.6.0_29" 23433 "-" "United States_OH_Miamisburg"
132.235.227.240 - - [28/Mar/2014:09:14:31 -0400] "GET /bitstream/handle/10255/dryad.50694/S3_MrBayesMatrix.txt?sequence=1 HTTP/1.1" 200 6745 "http://datadryad.org/resource/doi:10.5061/dryad.c09b0" "Mozilla/5.0 (Macintosh; Intel Mac OS X 10_9_2) AppleWebKit/537.74.9 (KHTML, like Gecko) Version/7.0.2 Safari/537.74.9" 75254 "-" "United States_OH_Athens"
132.235.227.240 - - [28/Mar/2014:09:14:32 -0400] "GET /favicon.ico HTTP/1.1" 200 1150 "http://datadryad.org/bitstream/handle/10255/dryad.50694/S3_MrBayesMatrix.txt?sequence=1" "Mozilla/5.0 (Macintosh; Intel Mac OS X 10_9_2) AppleWebKit/537.74.9 (KHTML, like Gecko) Version/7.0.2 Safari/537.74.9" 87683 "-" "United States_OH_Athens"
156.56.241.164 - - [28/Mar/2014:09:14:21 -0400] "GET /bitstream/handle/10255/dryad.54329/H3_Congettia.nex.run2.t?sequence=1 HTTP/1.1" 200 9031261 "-" "LOCKSS cache" 12924054 "-" "United States_IN_Bloomington"
88.73.225.59 - - [28/Mar/2014:09:14:35 -0400] "GET /robots.txt HTTP/1.0" 200 2019 "-" "-" 11091 "-" "Germany_15_Erfurt"
88.73.225.59 - - [28/Mar/2014:09:14:35 -0400] "GET / HTTP/1.0" 200 103972 "http://www.ask.com/wiki/Scientific_data_archiving?qsrc=3044" "Opera/9.80 (Windows NT 5.2; U; en) Presto/2.10.229 Version/11.61" 2568303 "-" "Germany_15_Erfurt"
156.56.241.164 - - [28/Mar/2014:09:14:38 -0400] "GET /resource/doi:10.5061/dryad.6mh29/33 HTTP/1.1" 200 28974 "-" "LOCKSS cache" 624419 "-" "United States_IN_Bloomington"
198.185.25.201 - - [28/Mar/2014:09:14:41 -0400] "GET /widgets/bannerForPub?referrer=Elsevier&pubId=doi:10.1016/j.jtbi.2009.10.036 HTTP/1.1" 200 42 "-" "Java/1.6.0_29" 17247 "-" "United States_OH_Miamisburg"
192.107.175.11 - - [28/Mar/2014:09:14:41 -0400] "GET /discover?query=%22berlin%22&filtertype=*&filter=&rpp=100&sort_by=score&order=DESC&location=l2&submit=Update+results HTTP/1.1" 200 68897 "-" "Mozilla/5.0 (X11; U; Linux x86_64; en-US; rv:1.9.0.11) Gecko/2009060309 Ubuntu/9.04 (jaunty) Firefox/3.0.11" 944243 "-" "United States_TN_Knoxville"
198.185.25.201 - - [28/Mar/2014:09:14:42 -0400] "GET /widgets/bannerForPub?referrer=Elsevier&pubId=doi:10.1016/j.fishres.2007.05.004 HTTP/1.1" 200 42 "-" "Java/1.6.0_29" 12616 "-" "United States_OH_Miamisburg"
198.185.25.201 - - [28/Mar/2014:09:14:53 -0400] "GET /widgets/bannerForPub?referrer=Elsevier&pubId=doi:10.1016/j.virusres.2013.12.015 HTTP/1.1" 200 42 "-" "Java/1.6.0_29" 13923 "-" "United States_OH_Miamisburg"
207.24.130.100 - - [28/Mar/2014:09:14:53 -0400] "GET /widgets/bannerForPub?referrer=Elsevier&pubId=doi:10.1016/j.cub.2009.05.069 HTTP/1.1" 200 42 "-" "Java/1.6.0_29" 17052 "-" "United States_OH_Miamisburg"
156.56.241.164 - - [28/Mar/2014:09:14:43 -0400] "GET /bitstream/handle/10255/dryad.54330/ITS_CognettiaMAFFT.nex.run1.t?sequence=1 HTTP/1.1" 200 9491387 "-" "LOCKSS cache" 13636506 "-" "United States_IN_Bloomington"
192.107.175.11 - - [28/Mar/2014:09:14:57 -0400] "GET /discover?query=%22welfare+broiler%22&filtertype=*&filter=&rpp=100&sort_by=score&order=DESC&location=l2&submit=Update+results HTTP/1.1" 200 21610 "-" "Mozilla/5.0 (X11; U; Linux x86_64; en-US; rv:1.9.0.11) Gecko/2009060309 Ubuntu/9.04 (jaunty) Firefox/3.0.11" 332770 "-" "United States_TN_Knoxville"
198.185.25.201 - - [28/Mar/2014:09:14:58 -0400] "GET /widgets/bannerForPub?referrer=Elsevier&pubId=doi:10.1016/j.fsi.2012.10.002 HTTP/1.1" 200 42 "-" "Java/1.6.0_29" 11784 "-" "United States_OH_Miamisburg"
156.56.241.164 - - [28/Mar/2014:09:15:05 -0400] "GET /resource/doi:10.5061/dryad.6mh29/34 HTTP/1.1" 200 29003 "-" "LOCKSS cache" 622502 "-" "United States_IN_Bloomington"
66.249.75.114 - - [28/Mar/2014:09:15:06 -0400] "GET /handle/10255/dryad.43067?show=full HTTP/1.1" 200 8639 "-" "Mozilla/5.0 (compatible; Googlebot/2.1; +http://www.google.com/bot.html)" 1014846 "-" "United States_CA_Mountain View"
192.107.175.11 - - [28/Mar/2014:09:15:09 -0400] "GET /discover?query=%22material+bahan+suspension+member%22&filtertype=*&filter=&rpp=100&sort_by=score&order=DESC&location=l2&submit=Update+results HTTP/1.1" 200 21678 "-" "Mozilla/5.0 (X11; U; Linux x86_64; en-US; rv:1.9.0.11) Gecko/2009060309 Ubuntu/9.04 (jaunty) Firefox/3.0.11" 739385 "-" "United States_TN_Knoxville"
156.56.241.164 - - [28/Mar/2014:09:15:09 -0400] "GET /bitstream/handle/10255/dryad.54331/ITS_CognettiaMAFFT.nex.run2.t?sequence=1 HTTP/1.1" 200 9491387 "-" "LOCKSS cache" 4688566 "-" "United States_IN_Bloomington"
198.185.25.201 - - [28/Mar/2014:09:15:18 -0400] "GET /widgets/bannerForPub?referrer=Elsevier&pubId=doi:10.1016/j.jtbi.2008.05.034 HTTP/1.1" 200 42 "-" "Java/1.6.0_29" 23501 "-" "United States_OH_Miamisburg"
180.153.236.145 - - [28/Mar/2014:09:15:18 -0400] "GET /resource/doi:10.5061/dryad.3801d HTTP/1.1" 200 9019 "http://datadryad.org/resource/doi:10.5061/dryad.3801d" "Mozilla/5.0 (compatible; MSIE 9.0; Windows NT 6.1; Trident/5.0); 360Spider" 1621816 "-" "China_23_Shanghai"
198.185.25.201 - - [28/Mar/2014:09:15:21 -0400] "GET /widgets/bannerForPub?referrer=Elsevier&pubId=doi:10.1016/S0020-7519(99)00166-6 HTTP/1.1" 200 42 "-" "Java/1.6.0_29" 11962 "-" "United States_OH_Miamisburg"
86.39.200.117 - - [28/Mar/2014:09:15:21 -0400] "GET /discover?query=&submit=Go HTTP/1.1" 200 70025 "-" "Java/1.6.0_23" 731264 "-" "Belgium_11_Brussel"
86.39.200.117 - - [28/Mar/2014:09:15:22 -0400] "GET /discover?query=&submit=Go HTTP/1.1" 200 70025 "-" "Java/1.6.0_23" 406325 "-" "Belgium_11_Brussel"
207.24.130.100 - - [28/Mar/2014:09:15:30 -0400] "GET /widgets/bannerForPub?referrer=Elsevier&pubId=doi:10.1016/j.biocon.2005.02.015 HTTP/1.1" 200 42 "-" "Java/1.6.0_29" 12124 "-" "United States_OH_Miamisburg"
